Watching for file changes with StatReloader
[07/Apr/2026 21:10:24,565] - Broken pipe from ('127.0.0.1', 63511)
[07/Apr/2026 21:10:24,581] - Broken pipe from ('127.0.0.1', 63743)
[07/Apr/2026 21:10:24] "GET /health/ HTTP/1.1" 200 56
[07/Apr/2026 21:10:24] "GET /health/ HTTP/1.1" 200 56
[07/Apr/2026 21:10:24] "GET /dataset/ HTTP/1.1" 200 556
[07/Apr/2026 21:10:24] "GET /status/marketplaces/ HTTP/1.1" 200 691
[07/Apr/2026 21:10:24] "GET /dataset/ HTTP/1.1" 200 556
[07/Apr/2026 21:10:24] "GET /status/marketplaces/ HTTP/1.1" 200 691
[07/Apr/2026 21:10:27] "GET /status/marketplaces/ HTTP/1.1" 200 691
[07/Apr/2026 21:10:30] "OPTIONS /predict/ HTTP/1.1" 200 0
[07/Apr/2026 21:10:30] "POST /predict/ HTTP/1.1" 200 137
[07/Apr/2026 21:10:30] "OPTIONS /predict/marketplace/ HTTP/1.1" 200 0
[07/Apr/2026 21:10:30] "OPTIONS /predict/marketplace/ HTTP/1.1" 200 0
[07/Apr/2026 21:10:30] "POST /predict/marketplace/ HTTP/1.1" 201 380
[07/Apr/2026 21:10:30] "POST /predict/marketplace/ HTTP/1.1" 201 384
[07/Apr/2026 21:10:30] "GET /status/marketplaces/ HTTP/1.1" 200 697
[07/Apr/2026 21:10:30] "GET /status/marketplaces/ HTTP/1.1" 200 697
[07/Apr/2026 21:10:33] "GET /status/marketplaces/ HTTP/1.1" 200 697
[07/Apr/2026 21:10:36] "GET /status/marketplaces/ HTTP/1.1" 200 697
[07/Apr/2026 21:10:39] "GET /status/marketplaces/ HTTP/1.1" 200 697
[07/Apr/2026 21:10:42] "GET /status/marketplaces/ HTTP/1.1" 200 697
[07/Apr/2026 21:10:45] "GET /status/marketplaces/ HTTP/1.1" 200 697
[07/Apr/2026 21:10:48] "GET /status/marketplaces/ HTTP/1.1" 200 697
[07/Apr/2026 21:10:51] "GET /status/marketplaces/ HTTP/1.1" 200 697
[07/Apr/2026 21:10:54] "GET /status/marketplaces/ HTTP/1.1" 200 697
[07/Apr/2026 21:10:57] "GET /status/marketplaces/ HTTP/1.1" 200 697
[07/Apr/2026 21:11:00] "GET /status/marketplaces/ HTTP/1.1" 200 697
[07/Apr/2026 21:11:03] "GET /status/marketplaces/ HTTP/1.1" 200 697
[07/Apr/2026 21:11:06] "GET /status/marketplaces/ HTTP/1.1" 200 697
[07/Apr/2026 21:11:09] "GET /status/marketplaces/ HTTP/1.1" 200 697
[07/Apr/2026 21:11:12] "GET /status/marketplaces/ HTTP/1.1" 200 697
[07/Apr/2026 21:11:15] "GET /status/marketplaces/ HTTP/1.1" 200 697
[07/Apr/2026 21:11:18] "GET /status/marketplaces/ HTTP/1.1" 200 697
[07/Apr/2026 21:11:21] "GET /status/marketplaces/ HTTP/1.1" 200 697
[07/Apr/2026 21:11:24] "GET /status/marketplaces/ HTTP/1.1" 200 697
[07/Apr/2026 21:11:27] "GET /status/marketplaces/ HTTP/1.1" 200 697
[07/Apr/2026 21:11:30] "GET /status/marketplaces/ HTTP/1.1" 200 697
[07/Apr/2026 21:11:33] "GET /status/marketplaces/ HTTP/1.1" 200 697
[07/Apr/2026 21:11:36] "GET /status/marketplaces/ HTTP/1.1" 200 697
[07/Apr/2026 21:11:39] "GET /status/marketplaces/ HTTP/1.1" 200 697
[07/Apr/2026 21:11:42] "GET /status/marketplaces/ HTTP/1.1" 200 697
[07/Apr/2026 21:11:45] "GET /status/marketplaces/ HTTP/1.1" 200 697
[07/Apr/2026 21:11:48] "GET /status/marketplaces/ HTTP/1.1" 200 697
[07/Apr/2026 21:11:51] "GET /status/marketplaces/ HTTP/1.1" 200 697
[07/Apr/2026 21:11:54] "GET /status/marketplaces/ HTTP/1.1" 200 697
[07/Apr/2026 21:11:57] "GET /status/marketplaces/ HTTP/1.1" 200 697
[07/Apr/2026 21:12:00] "GET /status/marketplaces/ HTTP/1.1" 200 697
[07/Apr/2026 21:12:03] "GET /status/marketplaces/ HTTP/1.1" 200 697
[07/Apr/2026 21:12:06] "GET /status/marketplaces/ HTTP/1.1" 200 697
[07/Apr/2026 21:12:09] "GET /status/marketplaces/ HTTP/1.1" 200 697
[07/Apr/2026 21:12:12] "GET /status/marketplaces/ HTTP/1.1" 200 697
[07/Apr/2026 21:12:15] "GET /status/marketplaces/ HTTP/1.1" 200 697
[07/Apr/2026 21:12:18] "GET /status/marketplaces/ HTTP/1.1" 200 697
[07/Apr/2026 21:12:21] "GET /status/marketplaces/ HTTP/1.1" 200 697
[07/Apr/2026 21:12:24] "GET /status/marketplaces/ HTTP/1.1" 200 697
[07/Apr/2026 21:12:27] "GET /status/marketplaces/ HTTP/1.1" 200 697
[07/Apr/2026 21:12:30] "GET /status/marketplaces/ HTTP/1.1" 200 697
[07/Apr/2026 21:12:33] "GET /status/marketplaces/ HTTP/1.1" 200 697
[07/Apr/2026 21:12:36] "GET /status/marketplaces/ HTTP/1.1" 200 697
[07/Apr/2026 21:12:39] "GET /status/marketplaces/ HTTP/1.1" 200 697
[07/Apr/2026 21:12:42] "GET /status/marketplaces/ HTTP/1.1" 200 697
[07/Apr/2026 21:12:45] "GET /status/marketplaces/ HTTP/1.1" 200 697
[07/Apr/2026 21:12:48] "GET /status/marketplaces/ HTTP/1.1" 200 697
[07/Apr/2026 21:12:51] "GET /status/marketplaces/ HTTP/1.1" 200 697
[07/Apr/2026 21:12:54] "GET /status/marketplaces/ HTTP/1.1" 200 697
[07/Apr/2026 21:12:57] "GET /status/marketplaces/ HTTP/1.1" 200 697
[07/Apr/2026 21:13:00] "GET /status/marketplaces/ HTTP/1.1" 200 697
[07/Apr/2026 21:13:03] "GET /status/marketplaces/ HTTP/1.1" 200 697
[07/Apr/2026 21:13:06] "GET /status/marketplaces/ HTTP/1.1" 200 697
[07/Apr/2026 21:13:09] "GET /status/marketplaces/ HTTP/1.1" 200 697
[07/Apr/2026 21:13:12] "GET /status/marketplaces/ HTTP/1.1" 200 697
[07/Apr/2026 21:13:15] "GET /status/marketplaces/ HTTP/1.1" 200 697
[07/Apr/2026 21:13:18] "GET /status/marketplaces/ HTTP/1.1" 200 697
[07/Apr/2026 21:13:21] "GET /status/marketplaces/ HTTP/1.1" 200 697
[07/Apr/2026 21:13:24] "GET /status/marketplaces/ HTTP/1.1" 200 697
[07/Apr/2026 21:13:27] "GET /status/marketplaces/ HTTP/1.1" 200 697
[07/Apr/2026 21:13:30] "GET /status/marketplaces/ HTTP/1.1" 200 697
[07/Apr/2026 21:13:33] "GET /status/marketplaces/ HTTP/1.1" 200 697
[07/Apr/2026 21:13:36] "GET /status/marketplaces/ HTTP/1.1" 200 697
[07/Apr/2026 21:13:39] "GET /status/marketplaces/ HTTP/1.1" 200 697
[07/Apr/2026 21:13:42] "GET /status/marketplaces/ HTTP/1.1" 200 697
[07/Apr/2026 21:13:45] "GET /status/marketplaces/ HTTP/1.1" 200 697
[07/Apr/2026 21:13:48] "GET /status/marketplaces/ HTTP/1.1" 200 697
[07/Apr/2026 21:13:51] "GET /status/marketplaces/ HTTP/1.1" 200 697
[07/Apr/2026 21:13:54] "GET /status/marketplaces/ HTTP/1.1" 200 697
[07/Apr/2026 21:13:57] "GET /status/marketplaces/ HTTP/1.1" 200 697
[07/Apr/2026 21:14:00] "GET /status/marketplaces/ HTTP/1.1" 200 697
[07/Apr/2026 21:14:03] "GET /status/marketplaces/ HTTP/1.1" 200 697
[07/Apr/2026 21:14:06] "GET /status/marketplaces/ HTTP/1.1" 200 697
[07/Apr/2026 21:14:09] "GET /status/marketplaces/ HTTP/1.1" 200 697
[07/Apr/2026 21:14:12] "GET /status/marketplaces/ HTTP/1.1" 200 697
[07/Apr/2026 21:14:15] "GET /status/marketplaces/ HTTP/1.1" 200 697
[07/Apr/2026 21:14:18] "GET /status/marketplaces/ HTTP/1.1" 200 697
[07/Apr/2026 21:14:21] "GET /status/marketplaces/ HTTP/1.1" 200 697
[07/Apr/2026 21:14:24] "GET /status/marketplaces/ HTTP/1.1" 200 697
[07/Apr/2026 21:14:27] "GET /status/marketplaces/ HTTP/1.1" 200 697
[07/Apr/2026 21:14:30] "GET /status/marketplaces/ HTTP/1.1" 200 697
[07/Apr/2026 21:14:33] "GET /status/marketplaces/ HTTP/1.1" 200 697
[07/Apr/2026 21:14:36] "GET /status/marketplaces/ HTTP/1.1" 200 697
[07/Apr/2026 21:14:39] "GET /status/marketplaces/ HTTP/1.1" 200 697
[07/Apr/2026 21:14:42] "GET /status/marketplaces/ HTTP/1.1" 200 697
[07/Apr/2026 21:14:45] "GET /status/marketplaces/ HTTP/1.1" 200 697
[07/Apr/2026 21:14:48] "GET /status/marketplaces/ HTTP/1.1" 200 697
[07/Apr/2026 21:14:51] "GET /status/marketplaces/ HTTP/1.1" 200 697
[07/Apr/2026 21:14:54] "GET /status/marketplaces/ HTTP/1.1" 200 697
[07/Apr/2026 21:14:57] "GET /status/marketplaces/ HTTP/1.1" 200 697
[07/Apr/2026 21:15:00] "GET /status/marketplaces/ HTTP/1.1" 200 697
[07/Apr/2026 21:15:03] "GET /status/marketplaces/ HTTP/1.1" 200 697
[07/Apr/2026 21:15:06] "GET /status/marketplaces/ HTTP/1.1" 200 697
[07/Apr/2026 21:15:09] "GET /status/marketplaces/ HTTP/1.1" 200 697
[07/Apr/2026 21:15:12] "GET /status/marketplaces/ HTTP/1.1" 200 697
[07/Apr/2026 21:15:15] "GET /status/marketplaces/ HTTP/1.1" 200 697
[07/Apr/2026 21:15:18] "GET /status/marketplaces/ HTTP/1.1" 200 697
[07/Apr/2026 21:15:21] "GET /status/marketplaces/ HTTP/1.1" 200 697
[07/Apr/2026 21:15:24] "GET /status/marketplaces/ HTTP/1.1" 200 697
[07/Apr/2026 21:15:27] "GET /status/marketplaces/ HTTP/1.1" 200 697
[07/Apr/2026 21:15:30] "GET /status/marketplaces/ HTTP/1.1" 200 697
[07/Apr/2026 21:15:33] "GET /status/marketplaces/ HTTP/1.1" 200 697
[07/Apr/2026 21:15:36] "GET /status/marketplaces/ HTTP/1.1" 200 697
[07/Apr/2026 21:15:39] "GET /status/marketplaces/ HTTP/1.1" 200 697
[07/Apr/2026 21:15:42] "GET /status/marketplaces/ HTTP/1.1" 200 697
[07/Apr/2026 21:15:45] "GET /status/marketplaces/ HTTP/1.1" 200 697
[07/Apr/2026 21:15:48] "GET /status/marketplaces/ HTTP/1.1" 200 697
[07/Apr/2026 21:15:51] "GET /status/marketplaces/ HTTP/1.1" 200 697
[07/Apr/2026 21:15:54] "GET /status/marketplaces/ HTTP/1.1" 200 697
[07/Apr/2026 21:15:57] "GET /status/marketplaces/ HTTP/1.1" 200 697
[07/Apr/2026 21:16:00] "GET /status/marketplaces/ HTTP/1.1" 200 697
[07/Apr/2026 21:16:03] "GET /status/marketplaces/ HTTP/1.1" 200 697
[07/Apr/2026 21:16:06] "GET /status/marketplaces/ HTTP/1.1" 200 697
[07/Apr/2026 21:16:09] "GET /status/marketplaces/ HTTP/1.1" 200 697
[07/Apr/2026 21:16:12] "GET /status/marketplaces/ HTTP/1.1" 200 697
[07/Apr/2026 21:16:15] "GET /status/marketplaces/ HTTP/1.1" 200 697
[07/Apr/2026 21:16:18] "GET /status/marketplaces/ HTTP/1.1" 200 697
[07/Apr/2026 21:16:21] "GET /status/marketplaces/ HTTP/1.1" 200 697
[07/Apr/2026 21:16:24] "GET /status/marketplaces/ HTTP/1.1" 200 697
[07/Apr/2026 21:16:27] "GET /status/marketplaces/ HTTP/1.1" 200 697
[07/Apr/2026 21:16:30] "GET /status/marketplaces/ HTTP/1.1" 200 697
[07/Apr/2026 21:16:33] "GET /status/marketplaces/ HTTP/1.1" 200 697
[07/Apr/2026 21:16:36] "GET /status/marketplaces/ HTTP/1.1" 200 697
[07/Apr/2026 21:16:39] "GET /status/marketplaces/ HTTP/1.1" 200 697
[07/Apr/2026 21:16:42] "GET /status/marketplaces/ HTTP/1.1" 200 697
[07/Apr/2026 21:16:45] "GET /status/marketplaces/ HTTP/1.1" 200 697
[07/Apr/2026 21:16:48] "GET /status/marketplaces/ HTTP/1.1" 200 697
[07/Apr/2026 21:16:51] "GET /status/marketplaces/ HTTP/1.1" 200 697
[07/Apr/2026 21:16:54] "GET /status/marketplaces/ HTTP/1.1" 200 697
[07/Apr/2026 21:16:57] "GET /status/marketplaces/ HTTP/1.1" 200 697
[07/Apr/2026 21:17:00] "GET /status/marketplaces/ HTTP/1.1" 200 697
[07/Apr/2026 21:17:03] "GET /status/marketplaces/ HTTP/1.1" 200 697
[07/Apr/2026 21:17:06] "GET /status/marketplaces/ HTTP/1.1" 200 697
[07/Apr/2026 21:17:09] "GET /status/marketplaces/ HTTP/1.1" 200 697
[07/Apr/2026 21:17:12] "GET /status/marketplaces/ HTTP/1.1" 200 697
[07/Apr/2026 21:17:15] "GET /status/marketplaces/ HTTP/1.1" 200 697
[07/Apr/2026 21:17:18] "GET /status/marketplaces/ HTTP/1.1" 200 697
[07/Apr/2026 21:17:21] "GET /status/marketplaces/ HTTP/1.1" 200 697
[07/Apr/2026 21:17:24] "GET /status/marketplaces/ HTTP/1.1" 200 697
[07/Apr/2026 21:17:27] "GET /status/marketplaces/ HTTP/1.1" 200 697
[07/Apr/2026 21:17:30] "GET /status/marketplaces/ HTTP/1.1" 200 697
[07/Apr/2026 21:17:33] "GET /status/marketplaces/ HTTP/1.1" 200 697
[07/Apr/2026 21:17:36] "GET /status/marketplaces/ HTTP/1.1" 200 697
[07/Apr/2026 21:17:39] "GET /status/marketplaces/ HTTP/1.1" 200 697
[07/Apr/2026 21:17:42] "GET /status/marketplaces/ HTTP/1.1" 200 697
[07/Apr/2026 21:17:45] "GET /status/marketplaces/ HTTP/1.1" 200 697
[07/Apr/2026 21:17:48] "GET /status/marketplaces/ HTTP/1.1" 200 697
[07/Apr/2026 21:17:51] "GET /status/marketplaces/ HTTP/1.1" 200 697
[07/Apr/2026 21:17:54] "GET /status/marketplaces/ HTTP/1.1" 200 697
[07/Apr/2026 21:17:57] "GET /status/marketplaces/ HTTP/1.1" 200 697
[07/Apr/2026 21:18:00] "GET /status/marketplaces/ HTTP/1.1" 200 697
[07/Apr/2026 21:18:03] "GET /status/marketplaces/ HTTP/1.1" 200 697
[07/Apr/2026 21:18:06] "GET /status/marketplaces/ HTTP/1.1" 200 697
[07/Apr/2026 21:18:09] "GET /status/marketplaces/ HTTP/1.1" 200 697
[07/Apr/2026 21:18:12] "GET /status/marketplaces/ HTTP/1.1" 200 697
[07/Apr/2026 21:18:15] "GET /status/marketplaces/ HTTP/1.1" 200 697
[07/Apr/2026 21:18:18] "GET /status/marketplaces/ HTTP/1.1" 200 697
[07/Apr/2026 21:18:21] "GET /status/marketplaces/ HTTP/1.1" 200 697
[07/Apr/2026 21:18:24] "GET /status/marketplaces/ HTTP/1.1" 200 697
[07/Apr/2026 21:18:27] "GET /status/marketplaces/ HTTP/1.1" 200 697
[07/Apr/2026 21:18:30] "GET /status/marketplaces/ HTTP/1.1" 200 697
[07/Apr/2026 21:18:33] "GET /status/marketplaces/ HTTP/1.1" 200 697
[07/Apr/2026 21:18:36] "GET /status/marketplaces/ HTTP/1.1" 200 697
[07/Apr/2026 21:18:39] "GET /status/marketplaces/ HTTP/1.1" 200 697
[07/Apr/2026 21:18:42] "GET /status/marketplaces/ HTTP/1.1" 200 697
[07/Apr/2026 21:18:45] "GET /status/marketplaces/ HTTP/1.1" 200 697
[07/Apr/2026 21:18:48] "GET /status/marketplaces/ HTTP/1.1" 200 697
[07/Apr/2026 21:18:51] "GET /status/marketplaces/ HTTP/1.1" 200 697
[07/Apr/2026 21:18:54] "GET /status/marketplaces/ HTTP/1.1" 200 697
[07/Apr/2026 21:18:57] "GET /status/marketplaces/ HTTP/1.1" 200 697
[07/Apr/2026 21:19:00] "GET /status/marketplaces/ HTTP/1.1" 200 697
[07/Apr/2026 21:19:03] "GET /status/marketplaces/ HTTP/1.1" 200 697
[07/Apr/2026 21:19:06] "GET /status/marketplaces/ HTTP/1.1" 200 697
[07/Apr/2026 21:19:09] "GET /status/marketplaces/ HTTP/1.1" 200 697
[07/Apr/2026 21:19:12] "GET /status/marketplaces/ HTTP/1.1" 200 697
[07/Apr/2026 21:19:15] "GET /status/marketplaces/ HTTP/1.1" 200 697
[07/Apr/2026 21:19:18] "GET /status/marketplaces/ HTTP/1.1" 200 697
[07/Apr/2026 21:19:21] "GET /status/marketplaces/ HTTP/1.1" 200 697
[07/Apr/2026 21:19:24] "GET /status/marketplaces/ HTTP/1.1" 200 697
[07/Apr/2026 21:19:27] "GET /status/marketplaces/ HTTP/1.1" 200 697
[07/Apr/2026 21:19:30] "GET /status/marketplaces/ HTTP/1.1" 200 697
[07/Apr/2026 21:19:33] "GET /status/marketplaces/ HTTP/1.1" 200 697
[07/Apr/2026 21:19:36] "GET /status/marketplaces/ HTTP/1.1" 200 697
[07/Apr/2026 21:19:39] "GET /status/marketplaces/ HTTP/1.1" 200 697
[07/Apr/2026 21:19:42] "GET /status/marketplaces/ HTTP/1.1" 200 697
[07/Apr/2026 21:19:45] "GET /status/marketplaces/ HTTP/1.1" 200 697
[07/Apr/2026 21:19:48] "GET /status/marketplaces/ HTTP/1.1" 200 697
[07/Apr/2026 21:19:48] "POST /predict/marketplace/ HTTP/1.1" 201 379
[07/Apr/2026 21:19:48] "GET /status/marketplaces/ HTTP/1.1" 200 692
[07/Apr/2026 21:19:50] "POST /predict/marketplace/ HTTP/1.1" 201 375
[07/Apr/2026 21:19:50] "GET /status/marketplaces/ HTTP/1.1" 200 687
[07/Apr/2026 21:19:51] "GET /status/marketplaces/ HTTP/1.1" 200 687
[07/Apr/2026 21:19:51] "POST /predict/marketplace/ HTTP/1.1" 201 379
[07/Apr/2026 21:19:51] "GET /status/marketplaces/ HTTP/1.1" 200 687
[07/Apr/2026 21:19:52] "POST /predict/marketplace/ HTTP/1.1" 201 375
[07/Apr/2026 21:19:52] "GET /status/marketplaces/ HTTP/1.1" 200 687
[07/Apr/2026 21:19:54] "POST /predict/marketplace/ HTTP/1.1" 201 379
[07/Apr/2026 21:19:54] "GET /status/marketplaces/ HTTP/1.1" 200 687
[07/Apr/2026 21:19:54] "GET /status/marketplaces/ HTTP/1.1" 200 687
[07/Apr/2026 21:19:57] "GET /status/marketplaces/ HTTP/1.1" 200 687
[07/Apr/2026 21:20:00] "GET /status/marketplaces/ HTTP/1.1" 200 687
[07/Apr/2026 21:20:03] "GET /status/marketplaces/ HTTP/1.1" 200 687
[07/Apr/2026 21:20:06] "GET /status/marketplaces/ HTTP/1.1" 200 687
[07/Apr/2026 21:20:09] "GET /status/marketplaces/ HTTP/1.1" 200 687
[07/Apr/2026 21:20:12] "GET /status/marketplaces/ HTTP/1.1" 200 687
[07/Apr/2026 21:20:15] "GET /status/marketplaces/ HTTP/1.1" 200 687
[07/Apr/2026 21:20:18] "GET /status/marketplaces/ HTTP/1.1" 200 687
[07/Apr/2026 21:20:21] "GET /status/marketplaces/ HTTP/1.1" 200 687
[07/Apr/2026 21:20:24] "GET /status/marketplaces/ HTTP/1.1" 200 687
[07/Apr/2026 21:20:27] "GET /status/marketplaces/ HTTP/1.1" 200 687
[07/Apr/2026 21:20:30] "GET /status/marketplaces/ HTTP/1.1" 200 687
[07/Apr/2026 21:20:33] "GET /status/marketplaces/ HTTP/1.1" 200 687
[07/Apr/2026 21:20:36] "GET /status/marketplaces/ HTTP/1.1" 200 687
[07/Apr/2026 21:20:39] "GET /status/marketplaces/ HTTP/1.1" 200 687
[07/Apr/2026 21:20:42] "GET /status/marketplaces/ HTTP/1.1" 200 687
[07/Apr/2026 21:20:45] "GET /status/marketplaces/ HTTP/1.1" 200 687
[07/Apr/2026 21:20:48] "GET /status/marketplaces/ HTTP/1.1" 200 687
[07/Apr/2026 21:20:51] "GET /status/marketplaces/ HTTP/1.1" 200 687
[07/Apr/2026 21:20:54] "GET /status/marketplaces/ HTTP/1.1" 200 687
[07/Apr/2026 21:20:57] "GET /status/marketplaces/ HTTP/1.1" 200 687
[07/Apr/2026 21:21:00] "GET /status/marketplaces/ HTTP/1.1" 200 687
[07/Apr/2026 21:21:03] "GET /status/marketplaces/ HTTP/1.1" 200 687
[07/Apr/2026 21:21:06] "GET /status/marketplaces/ HTTP/1.1" 200 687
[07/Apr/2026 21:21:09] "GET /status/marketplaces/ HTTP/1.1" 200 687
[07/Apr/2026 21:21:12] "GET /status/marketplaces/ HTTP/1.1" 200 687
[07/Apr/2026 21:21:15] "GET /status/marketplaces/ HTTP/1.1" 200 687
[07/Apr/2026 21:21:18] "GET /status/marketplaces/ HTTP/1.1" 200 687
[07/Apr/2026 21:21:21] "GET /status/marketplaces/ HTTP/1.1" 200 687
[07/Apr/2026 21:21:24] "GET /status/marketplaces/ HTTP/1.1" 200 687
[07/Apr/2026 21:21:27] "GET /status/marketplaces/ HTTP/1.1" 200 687
[07/Apr/2026 21:21:30] "GET /status/marketplaces/ HTTP/1.1" 200 687
[07/Apr/2026 21:21:33] "GET /status/marketplaces/ HTTP/1.1" 200 687
[07/Apr/2026 21:21:36] "GET /status/marketplaces/ HTTP/1.1" 200 687
[07/Apr/2026 21:21:39] "GET /status/marketplaces/ HTTP/1.1" 200 687
[07/Apr/2026 21:21:42] "GET /status/marketplaces/ HTTP/1.1" 200 687
[07/Apr/2026 21:21:45] "GET /status/marketplaces/ HTTP/1.1" 200 687
[07/Apr/2026 21:21:48] "GET /status/marketplaces/ HTTP/1.1" 200 687
[07/Apr/2026 21:21:51] "GET /status/marketplaces/ HTTP/1.1" 200 687
[07/Apr/2026 21:21:54] "GET /status/marketplaces/ HTTP/1.1" 200 687
[07/Apr/2026 21:21:57] "GET /status/marketplaces/ HTTP/1.1" 200 687
[07/Apr/2026 21:22:00] "GET /status/marketplaces/ HTTP/1.1" 200 687
[07/Apr/2026 21:22:03] "GET /status/marketplaces/ HTTP/1.1" 200 687
[07/Apr/2026 21:22:06] "GET /status/marketplaces/ HTTP/1.1" 200 687
[07/Apr/2026 21:22:09] "GET /status/marketplaces/ HTTP/1.1" 200 687
[07/Apr/2026 21:22:12] "GET /status/marketplaces/ HTTP/1.1" 200 687
[07/Apr/2026 21:22:15] "GET /status/marketplaces/ HTTP/1.1" 200 687
[07/Apr/2026 21:22:18] "GET /status/marketplaces/ HTTP/1.1" 200 687
[07/Apr/2026 21:22:21] "GET /status/marketplaces/ HTTP/1.1" 200 687
[07/Apr/2026 21:22:24] "GET /status/marketplaces/ HTTP/1.1" 200 687
[07/Apr/2026 21:22:27] "GET /status/marketplaces/ HTTP/1.1" 200 687
[07/Apr/2026 21:22:30] "GET /status/marketplaces/ HTTP/1.1" 200 687
[07/Apr/2026 21:22:33] "GET /status/marketplaces/ HTTP/1.1" 200 687
[07/Apr/2026 21:22:36] "GET /status/marketplaces/ HTTP/1.1" 200 687
[07/Apr/2026 21:22:39] "GET /status/marketplaces/ HTTP/1.1" 200 687
[07/Apr/2026 21:22:42] "GET /status/marketplaces/ HTTP/1.1" 200 687
[07/Apr/2026 21:22:45] "GET /status/marketplaces/ HTTP/1.1" 200 687
[07/Apr/2026 21:22:48] "GET /status/marketplaces/ HTTP/1.1" 200 687
[07/Apr/2026 21:22:51] "GET /status/marketplaces/ HTTP/1.1" 200 687
[07/Apr/2026 21:22:54] "GET /status/marketplaces/ HTTP/1.1" 200 687
[07/Apr/2026 21:22:57] "GET /status/marketplaces/ HTTP/1.1" 200 687
[07/Apr/2026 21:23:00] "GET /status/marketplaces/ HTTP/1.1" 200 687
[07/Apr/2026 21:23:03] "GET /status/marketplaces/ HTTP/1.1" 200 687
[07/Apr/2026 21:23:06] "GET /status/marketplaces/ HTTP/1.1" 200 687
[07/Apr/2026 21:23:09] "GET /status/marketplaces/ HTTP/1.1" 200 687
[07/Apr/2026 21:23:12] "GET /status/marketplaces/ HTTP/1.1" 200 687
[07/Apr/2026 21:23:15] "GET /status/marketplaces/ HTTP/1.1" 200 687
[07/Apr/2026 21:23:18] "GET /status/marketplaces/ HTTP/1.1" 200 687
[07/Apr/2026 21:23:21] "GET /status/marketplaces/ HTTP/1.1" 200 687
[07/Apr/2026 21:23:24] "GET /status/marketplaces/ HTTP/1.1" 200 687
[07/Apr/2026 21:23:27] "GET /status/marketplaces/ HTTP/1.1" 200 687
[07/Apr/2026 21:23:30] "GET /status/marketplaces/ HTTP/1.1" 200 687
[07/Apr/2026 21:23:33] "GET /status/marketplaces/ HTTP/1.1" 200 687
[07/Apr/2026 21:23:36] "GET /status/marketplaces/ HTTP/1.1" 200 687
[07/Apr/2026 21:23:39] "GET /status/marketplaces/ HTTP/1.1" 200 687
[07/Apr/2026 21:23:42] "GET /status/marketplaces/ HTTP/1.1" 200 687
[07/Apr/2026 21:23:45] "GET /status/marketplaces/ HTTP/1.1" 200 687
[07/Apr/2026 21:23:48] "GET /status/marketplaces/ HTTP/1.1" 200 687
[07/Apr/2026 21:23:51] "GET /status/marketplaces/ HTTP/1.1" 200 687
[07/Apr/2026 21:23:54] "GET /status/marketplaces/ HTTP/1.1" 200 687
[07/Apr/2026 21:23:57] "GET /status/marketplaces/ HTTP/1.1" 200 687
[07/Apr/2026 21:24:00] "GET /status/marketplaces/ HTTP/1.1" 200 687
[07/Apr/2026 21:24:03] "GET /status/marketplaces/ HTTP/1.1" 200 687
[07/Apr/2026 21:24:06] "GET /status/marketplaces/ HTTP/1.1" 200 687
[07/Apr/2026 21:24:09] "GET /status/marketplaces/ HTTP/1.1" 200 687
[07/Apr/2026 21:24:12] "GET /status/marketplaces/ HTTP/1.1" 200 687
[07/Apr/2026 21:24:15] "GET /status/marketplaces/ HTTP/1.1" 200 687
[07/Apr/2026 21:24:18] "GET /status/marketplaces/ HTTP/1.1" 200 687
[07/Apr/2026 21:24:21] "GET /status/marketplaces/ HTTP/1.1" 200 687
[07/Apr/2026 21:24:24] "GET /status/marketplaces/ HTTP/1.1" 200 687
[07/Apr/2026 21:24:27] "GET /status/marketplaces/ HTTP/1.1" 200 687
[07/Apr/2026 21:24:30] "GET /status/marketplaces/ HTTP/1.1" 200 687
[07/Apr/2026 21:24:33] "GET /status/marketplaces/ HTTP/1.1" 200 687
[07/Apr/2026 21:24:36] "GET /status/marketplaces/ HTTP/1.1" 200 687
[07/Apr/2026 21:24:39] "GET /status/marketplaces/ HTTP/1.1" 200 687
[07/Apr/2026 21:24:42] "GET /status/marketplaces/ HTTP/1.1" 200 687
[07/Apr/2026 21:24:45] "GET /status/marketplaces/ HTTP/1.1" 200 687
[07/Apr/2026 21:24:48] "GET /status/marketplaces/ HTTP/1.1" 200 687
[07/Apr/2026 21:24:51] "GET /status/marketplaces/ HTTP/1.1" 200 687
[07/Apr/2026 21:24:54] "GET /status/marketplaces/ HTTP/1.1" 200 687
[07/Apr/2026 21:24:57] "GET /status/marketplaces/ HTTP/1.1" 200 687
[07/Apr/2026 21:25:00] "GET /status/marketplaces/ HTTP/1.1" 200 687
[07/Apr/2026 21:25:03] "GET /status/marketplaces/ HTTP/1.1" 200 687
[07/Apr/2026 21:25:06] "GET /status/marketplaces/ HTTP/1.1" 200 687
[07/Apr/2026 21:25:09] "GET /status/marketplaces/ HTTP/1.1" 200 687
[07/Apr/2026 21:25:12] "GET /status/marketplaces/ HTTP/1.1" 200 687
[07/Apr/2026 21:25:15] "GET /status/marketplaces/ HTTP/1.1" 200 687
[07/Apr/2026 21:25:18] "GET /status/marketplaces/ HTTP/1.1" 200 687
[07/Apr/2026 21:25:21] "GET /status/marketplaces/ HTTP/1.1" 200 687
[07/Apr/2026 21:25:24] "GET /status/marketplaces/ HTTP/1.1" 200 687
[07/Apr/2026 21:25:27] "GET /status/marketplaces/ HTTP/1.1" 200 687
[07/Apr/2026 21:25:30] "GET /status/marketplaces/ HTTP/1.1" 200 687
[07/Apr/2026 21:25:33] "GET /status/marketplaces/ HTTP/1.1" 200 687
[07/Apr/2026 21:25:36] "GET /status/marketplaces/ HTTP/1.1" 200 687
[07/Apr/2026 21:25:39] "GET /status/marketplaces/ HTTP/1.1" 200 687
[07/Apr/2026 21:25:42] "GET /status/marketplaces/ HTTP/1.1" 200 687
[07/Apr/2026 21:25:45] "GET /status/marketplaces/ HTTP/1.1" 200 687
[07/Apr/2026 21:25:48] "GET /status/marketplaces/ HTTP/1.1" 200 687
[07/Apr/2026 21:25:51] "GET /status/marketplaces/ HTTP/1.1" 200 687
[07/Apr/2026 21:25:54] "GET /status/marketplaces/ HTTP/1.1" 200 687
[07/Apr/2026 21:25:57] "GET /status/marketplaces/ HTTP/1.1" 200 687
[07/Apr/2026 21:26:00] "GET /status/marketplaces/ HTTP/1.1" 200 687
[07/Apr/2026 21:26:03] "GET /status/marketplaces/ HTTP/1.1" 200 687
[07/Apr/2026 21:26:06] "GET /status/marketplaces/ HTTP/1.1" 200 687
[07/Apr/2026 21:26:09] "GET /status/marketplaces/ HTTP/1.1" 200 687
[07/Apr/2026 21:26:12] "GET /status/marketplaces/ HTTP/1.1" 200 687
[07/Apr/2026 21:26:15] "GET /status/marketplaces/ HTTP/1.1" 200 687
[07/Apr/2026 21:26:18] "GET /status/marketplaces/ HTTP/1.1" 200 687
[07/Apr/2026 21:26:21] "GET /status/marketplaces/ HTTP/1.1" 200 687
[07/Apr/2026 21:26:24] "GET /status/marketplaces/ HTTP/1.1" 200 687
[07/Apr/2026 21:26:27] "GET /status/marketplaces/ HTTP/1.1" 200 687
[07/Apr/2026 21:26:30] "GET /status/marketplaces/ HTTP/1.1" 200 687
[07/Apr/2026 21:26:33] "GET /status/marketplaces/ HTTP/1.1" 200 687
[07/Apr/2026 21:26:36] "GET /status/marketplaces/ HTTP/1.1" 200 687
[07/Apr/2026 21:26:39] "GET /status/marketplaces/ HTTP/1.1" 200 687
[07/Apr/2026 21:26:42] "GET /status/marketplaces/ HTTP/1.1" 200 687
[07/Apr/2026 21:26:45] "GET /status/marketplaces/ HTTP/1.1" 200 687
[07/Apr/2026 21:26:48] "GET /status/marketplaces/ HTTP/1.1" 200 687
[07/Apr/2026 21:26:51] "GET /status/marketplaces/ HTTP/1.1" 200 687
[07/Apr/2026 21:26:54] "GET /status/marketplaces/ HTTP/1.1" 200 687
[07/Apr/2026 21:26:57] "GET /status/marketplaces/ HTTP/1.1" 200 687
[07/Apr/2026 21:27:00] "GET /status/marketplaces/ HTTP/1.1" 200 687
[07/Apr/2026 21:27:03] "GET /status/marketplaces/ HTTP/1.1" 200 687
[07/Apr/2026 21:27:06] "GET /status/marketplaces/ HTTP/1.1" 200 687
[07/Apr/2026 21:27:09] "GET /status/marketplaces/ HTTP/1.1" 200 687
[07/Apr/2026 21:27:12] "GET /status/marketplaces/ HTTP/1.1" 200 687
[07/Apr/2026 21:27:15] "GET /status/marketplaces/ HTTP/1.1" 200 687
[07/Apr/2026 21:27:18] "GET /status/marketplaces/ HTTP/1.1" 200 687
[07/Apr/2026 21:27:21] "GET /status/marketplaces/ HTTP/1.1" 200 687
[07/Apr/2026 21:27:24] "GET /status/marketplaces/ HTTP/1.1" 200 687
[07/Apr/2026 21:27:27] "GET /status/marketplaces/ HTTP/1.1" 200 687
[07/Apr/2026 21:27:30] "GET /status/marketplaces/ HTTP/1.1" 200 687
[07/Apr/2026 21:27:33] "GET /status/marketplaces/ HTTP/1.1" 200 687
[07/Apr/2026 21:27:36] "GET /status/marketplaces/ HTTP/1.1" 200 687
[07/Apr/2026 21:27:39] "GET /status/marketplaces/ HTTP/1.1" 200 687
[07/Apr/2026 21:27:42] "GET /status/marketplaces/ HTTP/1.1" 200 687
[07/Apr/2026 21:27:45] "GET /status/marketplaces/ HTTP/1.1" 200 687
[07/Apr/2026 21:27:48] "GET /status/marketplaces/ HTTP/1.1" 200 687
[07/Apr/2026 21:27:51] "GET /status/marketplaces/ HTTP/1.1" 200 687
[07/Apr/2026 21:27:54] "GET /status/marketplaces/ HTTP/1.1" 200 687
[07/Apr/2026 21:27:57] "GET /status/marketplaces/ HTTP/1.1" 200 687
[07/Apr/2026 21:28:00] "GET /status/marketplaces/ HTTP/1.1" 200 687
[07/Apr/2026 21:28:03] "GET /status/marketplaces/ HTTP/1.1" 200 687
[07/Apr/2026 21:28:06] "GET /status/marketplaces/ HTTP/1.1" 200 687
[07/Apr/2026 21:28:09] "GET /status/marketplaces/ HTTP/1.1" 200 687
[07/Apr/2026 21:28:12] "GET /status/marketplaces/ HTTP/1.1" 200 687
[07/Apr/2026 21:28:15] "GET /status/marketplaces/ HTTP/1.1" 200 687
[07/Apr/2026 21:28:18] "GET /status/marketplaces/ HTTP/1.1" 200 687
[07/Apr/2026 21:28:21] "GET /status/marketplaces/ HTTP/1.1" 200 687
[07/Apr/2026 21:28:24] "GET /status/marketplaces/ HTTP/1.1" 200 687
[07/Apr/2026 21:28:27] "GET /status/marketplaces/ HTTP/1.1" 200 687
[07/Apr/2026 21:28:30] "GET /status/marketplaces/ HTTP/1.1" 200 687
[07/Apr/2026 21:28:33] "GET /status/marketplaces/ HTTP/1.1" 200 687
[07/Apr/2026 21:28:36] "GET /status/marketplaces/ HTTP/1.1" 200 687
[07/Apr/2026 21:28:39] "GET /status/marketplaces/ HTTP/1.1" 200 687
[07/Apr/2026 21:28:42] "GET /status/marketplaces/ HTTP/1.1" 200 687
[07/Apr/2026 21:28:45] "GET /status/marketplaces/ HTTP/1.1" 200 687
[07/Apr/2026 21:28:48] "GET /status/marketplaces/ HTTP/1.1" 200 687
[07/Apr/2026 21:28:51] "GET /status/marketplaces/ HTTP/1.1" 200 687
[07/Apr/2026 21:28:54] "GET /status/marketplaces/ HTTP/1.1" 200 687
[07/Apr/2026 21:28:57] "GET /status/marketplaces/ HTTP/1.1" 200 687
[07/Apr/2026 21:29:00] "GET /status/marketplaces/ HTTP/1.1" 200 687
[07/Apr/2026 21:29:03] "GET /status/marketplaces/ HTTP/1.1" 200 687
[07/Apr/2026 21:29:06] "GET /status/marketplaces/ HTTP/1.1" 200 687
[07/Apr/2026 21:29:09] "GET /status/marketplaces/ HTTP/1.1" 200 687
[07/Apr/2026 21:29:12] "GET /status/marketplaces/ HTTP/1.1" 200 687
[07/Apr/2026 21:29:15] "GET /status/marketplaces/ HTTP/1.1" 200 687
[07/Apr/2026 21:29:18] "GET /status/marketplaces/ HTTP/1.1" 200 687
[07/Apr/2026 21:29:21] "GET /status/marketplaces/ HTTP/1.1" 200 687
[07/Apr/2026 21:29:24] "GET /status/marketplaces/ HTTP/1.1" 200 687
[07/Apr/2026 21:29:27] "GET /status/marketplaces/ HTTP/1.1" 200 687
[07/Apr/2026 21:29:30] "GET /status/marketplaces/ HTTP/1.1" 200 687
[07/Apr/2026 21:30:19] "GET /status/marketplaces/ HTTP/1.1" 200 687
[07/Apr/2026 21:30:21] "GET /status/marketplaces/ HTTP/1.1" 200 687
[07/Apr/2026 21:30:24] "GET /status/marketplaces/ HTTP/1.1" 200 687
[07/Apr/2026 21:30:27] "GET /status/marketplaces/ HTTP/1.1" 200 687
[07/Apr/2026 21:30:30] "GET /status/marketplaces/ HTTP/1.1" 200 687
[07/Apr/2026 21:30:33] "GET /status/marketplaces/ HTTP/1.1" 200 687
[07/Apr/2026 21:30:36] "GET /status/marketplaces/ HTTP/1.1" 200 687
[07/Apr/2026 21:30:39] "GET /status/marketplaces/ HTTP/1.1" 200 687
[07/Apr/2026 21:30:42] "GET /status/marketplaces/ HTTP/1.1" 200 687
[07/Apr/2026 21:30:45] "GET /status/marketplaces/ HTTP/1.1" 200 687
[07/Apr/2026 21:30:48] "GET /status/marketplaces/ HTTP/1.1" 200 687
[07/Apr/2026 21:30:51] "GET /status/marketplaces/ HTTP/1.1" 200 687
[07/Apr/2026 21:30:54] "GET /status/marketplaces/ HTTP/1.1" 200 687
[07/Apr/2026 21:30:57] "GET /status/marketplaces/ HTTP/1.1" 200 687
[07/Apr/2026 21:31:00] "GET /status/marketplaces/ HTTP/1.1" 200 687
[07/Apr/2026 21:31:03] "GET /status/marketplaces/ HTTP/1.1" 200 687
[07/Apr/2026 21:31:06] "GET /status/marketplaces/ HTTP/1.1" 200 687
[07/Apr/2026 21:31:09] "GET /status/marketplaces/ HTTP/1.1" 200 687
[07/Apr/2026 21:31:12] "GET /status/marketplaces/ HTTP/1.1" 200 687
[07/Apr/2026 21:31:15] "GET /status/marketplaces/ HTTP/1.1" 200 687
[07/Apr/2026 21:31:18] "GET /status/marketplaces/ HTTP/1.1" 200 687
[07/Apr/2026 21:31:21] "GET /status/marketplaces/ HTTP/1.1" 200 687
[07/Apr/2026 21:31:24] "GET /status/marketplaces/ HTTP/1.1" 200 687
[07/Apr/2026 21:31:27] "GET /status/marketplaces/ HTTP/1.1" 200 687
[07/Apr/2026 21:32:19] "GET /status/marketplaces/ HTTP/1.1" 200 687
[07/Apr/2026 21:33:19] "GET /status/marketplaces/ HTTP/1.1" 200 687
[07/Apr/2026 21:34:05] "GET /status/marketplaces/ HTTP/1.1" 200 687
[07/Apr/2026 21:34:06] "GET /status/marketplaces/ HTTP/1.1" 200 687
[07/Apr/2026 21:34:09] "GET /status/marketplaces/ HTTP/1.1" 200 687
[07/Apr/2026 21:34:12] "GET /status/marketplaces/ HTTP/1.1" 200 687
[07/Apr/2026 21:34:15] "GET /status/marketplaces/ HTTP/1.1" 200 687
[07/Apr/2026 21:34:18] "GET /status/marketplaces/ HTTP/1.1" 200 687
[07/Apr/2026 21:34:21] "GET /status/marketplaces/ HTTP/1.1" 200 687
[07/Apr/2026 21:34:24] "GET /status/marketplaces/ HTTP/1.1" 200 687
[07/Apr/2026 21:34:27] "GET /status/marketplaces/ HTTP/1.1" 200 687
[07/Apr/2026 21:34:30] "GET /status/marketplaces/ HTTP/1.1" 200 687
[07/Apr/2026 21:34:33] "GET /status/marketplaces/ HTTP/1.1" 200 687
[07/Apr/2026 21:34:36] "GET /status/marketplaces/ HTTP/1.1" 200 687
[07/Apr/2026 21:34:39] "GET /status/marketplaces/ HTTP/1.1" 200 687
[07/Apr/2026 21:34:42] "GET /status/marketplaces/ HTTP/1.1" 200 687
[07/Apr/2026 21:34:45] "GET /status/marketplaces/ HTTP/1.1" 200 687
[07/Apr/2026 21:34:48] "GET /status/marketplaces/ HTTP/1.1" 200 687
[07/Apr/2026 21:34:51] "GET /status/marketplaces/ HTTP/1.1" 200 687
[07/Apr/2026 21:34:54] "GET /status/marketplaces/ HTTP/1.1" 200 687
[07/Apr/2026 21:34:57] "GET /status/marketplaces/ HTTP/1.1" 200 687
[07/Apr/2026 21:35:00] "GET /status/marketplaces/ HTTP/1.1" 200 687
[07/Apr/2026 21:35:03] "GET /status/marketplaces/ HTTP/1.1" 200 687
[07/Apr/2026 21:35:06] "GET /status/marketplaces/ HTTP/1.1" 200 687
[07/Apr/2026 21:35:09] "GET /status/marketplaces/ HTTP/1.1" 200 687
[07/Apr/2026 21:35:12] "GET /status/marketplaces/ HTTP/1.1" 200 687
[07/Apr/2026 21:35:15] "GET /status/marketplaces/ HTTP/1.1" 200 687
[07/Apr/2026 21:35:18] "GET /status/marketplaces/ HTTP/1.1" 200 687
[07/Apr/2026 21:35:21] "GET /status/marketplaces/ HTTP/1.1" 200 687
[07/Apr/2026 21:35:24] "GET /status/marketplaces/ HTTP/1.1" 200 687
[07/Apr/2026 21:36:19] "GET /status/marketplaces/ HTTP/1.1" 200 687
[07/Apr/2026 21:37:19] "GET /status/marketplaces/ HTTP/1.1" 200 687
[07/Apr/2026 21:38:19] "GET /status/marketplaces/ HTTP/1.1" 200 687
[07/Apr/2026 21:39:19] "GET /status/marketplaces/ HTTP/1.1" 200 687
[07/Apr/2026 21:39:26] "GET /status/marketplaces/ HTTP/1.1" 200 687
[07/Apr/2026 21:39:27] "GET /status/marketplaces/ HTTP/1.1" 200 687
[07/Apr/2026 21:39:30] "GET /status/marketplaces/ HTTP/1.1" 200 687
[07/Apr/2026 21:39:33] "GET /status/marketplaces/ HTTP/1.1" 200 687
[07/Apr/2026 21:39:36] "GET /status/marketplaces/ HTTP/1.1" 200 687
[07/Apr/2026 21:39:39] "GET /status/marketplaces/ HTTP/1.1" 200 687
[07/Apr/2026 21:39:42] "GET /status/marketplaces/ HTTP/1.1" 200 687
[07/Apr/2026 21:39:45] "GET /status/marketplaces/ HTTP/1.1" 200 687
[07/Apr/2026 21:39:48] "GET /status/marketplaces/ HTTP/1.1" 200 687
[07/Apr/2026 21:39:51] "GET /status/marketplaces/ HTTP/1.1" 200 687
[07/Apr/2026 21:39:54] "GET /status/marketplaces/ HTTP/1.1" 200 687
[07/Apr/2026 21:39:57] "GET /status/marketplaces/ HTTP/1.1" 200 687
[07/Apr/2026 21:40:00] "GET /status/marketplaces/ HTTP/1.1" 200 687
[07/Apr/2026 21:40:03] "GET /status/marketplaces/ HTTP/1.1" 200 687
[07/Apr/2026 21:40:06] "GET /status/marketplaces/ HTTP/1.1" 200 687
[07/Apr/2026 21:40:09] "GET /status/marketplaces/ HTTP/1.1" 200 687
[07/Apr/2026 21:40:12] "GET /status/marketplaces/ HTTP/1.1" 200 687
[07/Apr/2026 21:40:15] "GET /status/marketplaces/ HTTP/1.1" 200 687
[07/Apr/2026 21:40:18] "GET /status/marketplaces/ HTTP/1.1" 200 687
[07/Apr/2026 21:40:21] "GET /status/marketplaces/ HTTP/1.1" 200 687
[07/Apr/2026 21:40:24] "GET /status/marketplaces/ HTTP/1.1" 200 687
[07/Apr/2026 21:40:27] "GET /status/marketplaces/ HTTP/1.1" 200 687
[07/Apr/2026 21:40:30] "GET /status/marketplaces/ HTTP/1.1" 200 687
[07/Apr/2026 21:40:33] "GET /status/marketplaces/ HTTP/1.1" 200 687
[07/Apr/2026 21:40:36] "GET /status/marketplaces/ HTTP/1.1" 200 687
[07/Apr/2026 21:40:39] "GET /status/marketplaces/ HTTP/1.1" 200 687
[07/Apr/2026 21:40:42] "GET /status/marketplaces/ HTTP/1.1" 200 687
[07/Apr/2026 21:40:45] "GET /status/marketplaces/ HTTP/1.1" 200 687
[07/Apr/2026 21:40:48] "GET /status/marketplaces/ HTTP/1.1" 200 687
[07/Apr/2026 21:40:51] "GET /status/marketplaces/ HTTP/1.1" 200 687
[07/Apr/2026 21:40:54] "GET /status/marketplaces/ HTTP/1.1" 200 687
[07/Apr/2026 21:40:57] "GET /status/marketplaces/ HTTP/1.1" 200 687
[07/Apr/2026 21:41:00] "GET /status/marketplaces/ HTTP/1.1" 200 687
[07/Apr/2026 21:41:03] "GET /status/marketplaces/ HTTP/1.1" 200 687
[07/Apr/2026 21:41:06] "GET /status/marketplaces/ HTTP/1.1" 200 687
[07/Apr/2026 21:41:09] "GET /status/marketplaces/ HTTP/1.1" 200 687
[07/Apr/2026 21:41:12] "GET /status/marketplaces/ HTTP/1.1" 200 687
[07/Apr/2026 21:41:15] "GET /status/marketplaces/ HTTP/1.1" 200 687
[07/Apr/2026 21:41:18] "GET /status/marketplaces/ HTTP/1.1" 200 687
[07/Apr/2026 21:41:21] "GET /status/marketplaces/ HTTP/1.1" 200 687
[07/Apr/2026 21:41:24] "GET /status/marketplaces/ HTTP/1.1" 200 687
[07/Apr/2026 21:41:27] "GET /status/marketplaces/ HTTP/1.1" 200 687
[07/Apr/2026 21:41:30] "GET /status/marketplaces/ HTTP/1.1" 200 687
[07/Apr/2026 21:41:33] "GET /status/marketplaces/ HTTP/1.1" 200 687
[07/Apr/2026 21:41:36] "GET /status/marketplaces/ HTTP/1.1" 200 687
[07/Apr/2026 21:41:39] "GET /status/marketplaces/ HTTP/1.1" 200 687
[07/Apr/2026 21:41:42] "GET /status/marketplaces/ HTTP/1.1" 200 687
[07/Apr/2026 21:41:45] "GET /status/marketplaces/ HTTP/1.1" 200 687
[07/Apr/2026 21:41:48] "GET /status/marketplaces/ HTTP/1.1" 200 687
[07/Apr/2026 21:41:51] "GET /status/marketplaces/ HTTP/1.1" 200 687
[07/Apr/2026 21:41:54] "GET /status/marketplaces/ HTTP/1.1" 200 687
[07/Apr/2026 21:41:57] "GET /status/marketplaces/ HTTP/1.1" 200 687
[07/Apr/2026 21:42:00] "GET /status/marketplaces/ HTTP/1.1" 200 687
[07/Apr/2026 21:42:03] "GET /status/marketplaces/ HTTP/1.1" 200 687
[07/Apr/2026 21:42:06] "GET /status/marketplaces/ HTTP/1.1" 200 687
[07/Apr/2026 21:42:09] "GET /status/marketplaces/ HTTP/1.1" 200 687
[07/Apr/2026 21:42:12] "GET /status/marketplaces/ HTTP/1.1" 200 687
[07/Apr/2026 21:42:19] "GET /status/marketplaces/ HTTP/1.1" 200 687
[07/Apr/2026 21:43:19] "GET /status/marketplaces/ HTTP/1.1" 200 687
[07/Apr/2026 21:43:48] "GET /status/marketplaces/ HTTP/1.1" 200 687
[07/Apr/2026 21:43:51] "GET /status/marketplaces/ HTTP/1.1" 200 687
[07/Apr/2026 21:43:54] "GET /status/marketplaces/ HTTP/1.1" 200 687
[07/Apr/2026 21:43:57] "GET /status/marketplaces/ HTTP/1.1" 200 687
[07/Apr/2026 21:44:00] "GET /status/marketplaces/ HTTP/1.1" 200 687
[07/Apr/2026 21:44:03] "GET /status/marketplaces/ HTTP/1.1" 200 687
[07/Apr/2026 21:44:06] "GET /status/marketplaces/ HTTP/1.1" 200 687
[07/Apr/2026 21:44:09] "GET /status/marketplaces/ HTTP/1.1" 200 687
[07/Apr/2026 21:44:12] "GET /status/marketplaces/ HTTP/1.1" 200 687
[07/Apr/2026 21:44:15] "GET /status/marketplaces/ HTTP/1.1" 200 687
[07/Apr/2026 21:44:18] "GET /status/marketplaces/ HTTP/1.1" 200 687
[07/Apr/2026 21:44:21] "GET /status/marketplaces/ HTTP/1.1" 200 687
[07/Apr/2026 21:44:24] "GET /status/marketplaces/ HTTP/1.1" 200 687
[07/Apr/2026 21:44:27] "GET /status/marketplaces/ HTTP/1.1" 200 687
[07/Apr/2026 21:44:30] "GET /status/marketplaces/ HTTP/1.1" 200 687
[07/Apr/2026 21:44:33] "GET /status/marketplaces/ HTTP/1.1" 200 687
[07/Apr/2026 21:44:36] "GET /status/marketplaces/ HTTP/1.1" 200 687
[07/Apr/2026 21:44:39] "GET /status/marketplaces/ HTTP/1.1" 200 687
[07/Apr/2026 21:44:42] "GET /status/marketplaces/ HTTP/1.1" 200 687
[07/Apr/2026 21:44:45] "GET /status/marketplaces/ HTTP/1.1" 200 687
[07/Apr/2026 21:44:48] "GET /status/marketplaces/ HTTP/1.1" 200 687
[07/Apr/2026 21:44:51] "GET /status/marketplaces/ HTTP/1.1" 200 687
[07/Apr/2026 21:44:54] "GET /status/marketplaces/ HTTP/1.1" 200 687
[07/Apr/2026 21:45:19] "GET /status/marketplaces/ HTTP/1.1" 200 687
[07/Apr/2026 21:46:19] "GET /status/marketplaces/ HTTP/1.1" 200 687
[07/Apr/2026 21:46:37] "GET /status/marketplaces/ HTTP/1.1" 200 687
[07/Apr/2026 21:46:39] "GET /status/marketplaces/ HTTP/1.1" 200 687
[07/Apr/2026 21:46:42] "GET /status/marketplaces/ HTTP/1.1" 200 687
