[13/Apr/2026 19:34:34] "GET /status/marketplaces/ HTTP/1.1" 200 697
[13/Apr/2026 19:34:34] "POST /predict/marketplace/ HTTP/1.1" 201 377
[13/Apr/2026 19:34:35,140] - Broken pipe from ('127.0.0.1', 55454)
[13/Apr/2026 19:34:35] "POST /predict/marketplace/ HTTP/1.1" 201 375
[13/Apr/2026 19:34:35] "POST /predict/marketplace/ HTTP/1.1" 201 378
[13/Apr/2026 19:34:35,239] - Broken pipe from ('127.0.0.1', 55453)
[13/Apr/2026 19:35:13] "GET /status/marketplaces/ HTTP/1.1" 200 695
[13/Apr/2026 19:36:04] "GET /status/marketplaces/ HTTP/1.1" 200 695
[13/Apr/2026 19:36:07] "GET /health/ HTTP/1.1" 200 56
[13/Apr/2026 19:36:07] "GET /health/ HTTP/1.1" 200 56
[13/Apr/2026 19:36:07] "GET /dataset/ HTTP/1.1" 200 556
[13/Apr/2026 19:36:07] "GET /status/marketplaces/ HTTP/1.1" 200 695
[13/Apr/2026 19:36:07] "GET /dataset/ HTTP/1.1" 200 556
[13/Apr/2026 19:36:07] "GET /status/marketplaces/ HTTP/1.1" 200 695
[13/Apr/2026 19:36:10] "GET /status/marketplaces/ HTTP/1.1" 200 695
[13/Apr/2026 19:36:12] "POST /predict/ HTTP/1.1" 200 137
[13/Apr/2026 19:36:12] "POST /predict/marketplace/ HTTP/1.1" 201 377
[13/Apr/2026 19:36:12] "POST /predict/marketplace/ HTTP/1.1" 201 381
[13/Apr/2026 19:36:12] "GET /status/marketplaces/ HTTP/1.1" 200 691
[13/Apr/2026 19:36:13] "GET /status/marketplaces/ HTTP/1.1" 200 691
[13/Apr/2026 19:36:16] "GET /status/marketplaces/ HTTP/1.1" 200 691
[13/Apr/2026 19:36:19] "GET /status/marketplaces/ HTTP/1.1" 200 691
[13/Apr/2026 19:36:22] "GET /status/marketplaces/ HTTP/1.1" 200 691
[13/Apr/2026 19:36:25] "GET /status/marketplaces/ HTTP/1.1" 200 691
[13/Apr/2026 19:36:28] "GET /status/marketplaces/ HTTP/1.1" 200 691
[13/Apr/2026 19:36:30] "POST /predict/ HTTP/1.1" 200 135
[13/Apr/2026 19:36:30] "POST /predict/marketplace/ HTTP/1.1" 201 373
[13/Apr/2026 19:36:31] "POST /predict/marketplace/ HTTP/1.1" 201 377
[13/Apr/2026 19:36:31] "GET /status/marketplaces/ HTTP/1.1" 200 683
[13/Apr/2026 19:36:31] "GET /status/marketplaces/ HTTP/1.1" 200 683
[13/Apr/2026 19:36:34] "GET /status/marketplaces/ HTTP/1.1" 200 683
[13/Apr/2026 19:36:37] "GET /status/marketplaces/ HTTP/1.1" 200 683
[13/Apr/2026 19:36:40] "GET /status/marketplaces/ HTTP/1.1" 200 683
[13/Apr/2026 19:36:43] "GET /status/marketplaces/ HTTP/1.1" 200 683
[13/Apr/2026 19:36:46] "GET /status/marketplaces/ HTTP/1.1" 200 683
[13/Apr/2026 19:36:49] "GET /status/marketplaces/ HTTP/1.1" 200 683
[13/Apr/2026 19:36:52] "GET /status/marketplaces/ HTTP/1.1" 200 683
[13/Apr/2026 19:36:52] "POST /predict/ HTTP/1.1" 200 137
[13/Apr/2026 19:36:52] "POST /predict/marketplace/ HTTP/1.1" 201 380
[13/Apr/2026 19:36:52] "POST /predict/marketplace/ HTTP/1.1" 201 384
[13/Apr/2026 19:36:53] "GET /status/marketplaces/ HTTP/1.1" 200 697
[13/Apr/2026 19:36:55] "GET /status/marketplaces/ HTTP/1.1" 200 697
[13/Apr/2026 19:36:58] "GET /status/marketplaces/ HTTP/1.1" 200 697
[13/Apr/2026 19:37:01] "GET /status/marketplaces/ HTTP/1.1" 200 697
[13/Apr/2026 19:37:04] "GET /status/marketplaces/ HTTP/1.1" 200 697
[13/Apr/2026 19:37:07] "GET /status/marketplaces/ HTTP/1.1" 200 697
[13/Apr/2026 19:37:10] "GET /status/marketplaces/ HTTP/1.1" 200 697
[13/Apr/2026 19:37:13] "GET /status/marketplaces/ HTTP/1.1" 200 697
[13/Apr/2026 19:37:13] "POST /predict/ HTTP/1.1" 200 139
[13/Apr/2026 19:37:13] "POST /predict/marketplace/ HTTP/1.1" 201 377
[13/Apr/2026 19:37:13] "POST /predict/marketplace/ HTTP/1.1" 201 381
[13/Apr/2026 19:37:13] "GET /status/marketplaces/ HTTP/1.1" 200 691
[13/Apr/2026 19:37:16] "GET /status/marketplaces/ HTTP/1.1" 200 691
[13/Apr/2026 19:37:19] "GET /status/marketplaces/ HTTP/1.1" 200 691
[13/Apr/2026 19:37:22] "GET /status/marketplaces/ HTTP/1.1" 200 691
[13/Apr/2026 19:37:25] "GET /status/marketplaces/ HTTP/1.1" 200 691
[13/Apr/2026 19:37:28] "GET /status/marketplaces/ HTTP/1.1" 200 691
[13/Apr/2026 19:37:31] "GET /status/marketplaces/ HTTP/1.1" 200 691
[13/Apr/2026 19:37:31] "POST /predict/ HTTP/1.1" 200 137
[13/Apr/2026 19:37:31] "POST /predict/marketplace/ HTTP/1.1" 201 375
[13/Apr/2026 19:37:31] "POST /predict/marketplace/ HTTP/1.1" 201 379
[13/Apr/2026 19:37:31] "GET /status/marketplaces/ HTTP/1.1" 200 687
[13/Apr/2026 19:37:34] "GET /status/marketplaces/ HTTP/1.1" 200 687
[13/Apr/2026 19:37:34] "POST /predict/ HTTP/1.1" 200 137
[13/Apr/2026 19:37:34] "POST /predict/marketplace/ HTTP/1.1" 201 375
[13/Apr/2026 19:37:34] "POST /predict/marketplace/ HTTP/1.1" 201 379
[13/Apr/2026 19:37:34] "GET /status/marketplaces/ HTTP/1.1" 200 687
[13/Apr/2026 19:37:37] "GET /status/marketplaces/ HTTP/1.1" 200 687
[13/Apr/2026 19:37:40] "GET /status/marketplaces/ HTTP/1.1" 200 687
[13/Apr/2026 19:37:43] "GET /status/marketplaces/ HTTP/1.1" 200 687
[13/Apr/2026 19:37:46] "GET /status/marketplaces/ HTTP/1.1" 200 687
[13/Apr/2026 19:37:46] "POST /predict/ HTTP/1.1" 200 137
[13/Apr/2026 19:37:46] "POST /predict/marketplace/ HTTP/1.1" 201 377
[13/Apr/2026 19:37:46] "POST /predict/marketplace/ HTTP/1.1" 201 381
[13/Apr/2026 19:37:46] "GET /status/marketplaces/ HTTP/1.1" 200 691
[13/Apr/2026 19:37:49] "GET /status/marketplaces/ HTTP/1.1" 200 691
[13/Apr/2026 19:37:52] "GET /status/marketplaces/ HTTP/1.1" 200 691
[13/Apr/2026 19:37:55] "GET /status/marketplaces/ HTTP/1.1" 200 691
[13/Apr/2026 19:37:58] "GET /status/marketplaces/ HTTP/1.1" 200 691
[13/Apr/2026 19:38:01] "GET /status/marketplaces/ HTTP/1.1" 200 691
[13/Apr/2026 19:38:04] "GET /status/marketplaces/ HTTP/1.1" 200 691
[13/Apr/2026 19:38:04] "POST /predict/ HTTP/1.1" 200 135
[13/Apr/2026 19:38:04] "POST /predict/marketplace/ HTTP/1.1" 201 373
[13/Apr/2026 19:38:04] "POST /predict/marketplace/ HTTP/1.1" 201 377
[13/Apr/2026 19:38:04] "GET /status/marketplaces/ HTTP/1.1" 200 683
[13/Apr/2026 19:38:07] "GET /status/marketplaces/ HTTP/1.1" 200 683
[13/Apr/2026 19:38:07] "POST /predict/ HTTP/1.1" 200 135
[13/Apr/2026 19:38:07] "POST /predict/marketplace/ HTTP/1.1" 201 373
[13/Apr/2026 19:38:08] "POST /predict/marketplace/ HTTP/1.1" 201 377
[13/Apr/2026 19:38:08] "GET /status/marketplaces/ HTTP/1.1" 200 683
[13/Apr/2026 19:38:10] "GET /status/marketplaces/ HTTP/1.1" 200 683
[13/Apr/2026 19:38:10] "GET /status/marketplaces/ HTTP/1.1" 200 683
[13/Apr/2026 19:38:13] "GET /status/marketplaces/ HTTP/1.1" 200 683
[13/Apr/2026 19:38:13] "POST /predict/ HTTP/1.1" 200 135
[13/Apr/2026 19:38:13] "POST /predict/marketplace/ HTTP/1.1" 201 373
[13/Apr/2026 19:38:13] "POST /predict/marketplace/ HTTP/1.1" 201 377
[13/Apr/2026 19:38:13] "GET /status/marketplaces/ HTTP/1.1" 200 683
[13/Apr/2026 19:38:16] "GET /status/marketplaces/ HTTP/1.1" 200 683
[13/Apr/2026 19:38:19] "GET /status/marketplaces/ HTTP/1.1" 200 683
[13/Apr/2026 19:38:22] "GET /status/marketplaces/ HTTP/1.1" 200 683
[13/Apr/2026 19:38:22] "POST /predict/marketplace/ HTTP/1.1" 201 377
[13/Apr/2026 19:38:22] "GET /status/marketplaces/ HTTP/1.1" 200 683
[13/Apr/2026 19:38:23] "POST /predict/marketplace/ HTTP/1.1" 201 373
[13/Apr/2026 19:38:23] "GET /status/marketplaces/ HTTP/1.1" 200 683
[13/Apr/2026 19:38:25] "GET /status/marketplaces/ HTTP/1.1" 200 683
[13/Apr/2026 19:38:28] "GET /status/marketplaces/ HTTP/1.1" 200 683
[13/Apr/2026 19:38:31] "GET /status/marketplaces/ HTTP/1.1" 200 683
[13/Apr/2026 19:38:34] "GET /status/marketplaces/ HTTP/1.1" 200 683
[13/Apr/2026 19:38:35] "GET /health/ HTTP/1.1" 200 56
[13/Apr/2026 19:38:35] "GET /dataset/ HTTP/1.1" 200 556
[13/Apr/2026 19:38:35] "GET /health/ HTTP/1.1" 200 56
[13/Apr/2026 19:38:36] "GET /status/marketplaces/ HTTP/1.1" 200 683
[13/Apr/2026 19:38:36] "GET /dataset/ HTTP/1.1" 200 556
[13/Apr/2026 19:38:36] "GET /status/marketplaces/ HTTP/1.1" 200 683
[13/Apr/2026 19:38:39] "GET /status/marketplaces/ HTTP/1.1" 200 683
[13/Apr/2026 19:38:41] "GET /status/marketplaces/ HTTP/1.1" 200 683
[13/Apr/2026 19:38:45] "GET /status/marketplaces/ HTTP/1.1" 200 683
[13/Apr/2026 19:38:46] "POST /predict/ HTTP/1.1" 200 137
[13/Apr/2026 19:38:46] "POST /predict/marketplace/ HTTP/1.1" 201 375
[13/Apr/2026 19:38:46] "POST /predict/marketplace/ HTTP/1.1" 201 379
[13/Apr/2026 19:38:46] "GET /status/marketplaces/ HTTP/1.1" 200 687
[13/Apr/2026 19:38:48] "GET /status/marketplaces/ HTTP/1.1" 200 687
[13/Apr/2026 19:38:50] "GET /status/marketplaces/ HTTP/1.1" 200 687
[13/Apr/2026 19:38:53] "GET /status/marketplaces/ HTTP/1.1" 200 687
[13/Apr/2026 19:38:56] "GET /status/marketplaces/ HTTP/1.1" 200 687
[13/Apr/2026 19:38:57] "POST /predict/ HTTP/1.1" 200 137
[13/Apr/2026 19:38:57] "POST /predict/marketplace/ HTTP/1.1" 201 375
[13/Apr/2026 19:38:57] "POST /predict/marketplace/ HTTP/1.1" 201 379
[13/Apr/2026 19:38:57] "GET /status/marketplaces/ HTTP/1.1" 200 687
[13/Apr/2026 19:39:00] "GET /status/marketplaces/ HTTP/1.1" 200 687
[13/Apr/2026 19:39:02] "GET /status/marketplaces/ HTTP/1.1" 200 687
[13/Apr/2026 19:39:06] "GET /status/marketplaces/ HTTP/1.1" 200 687
[13/Apr/2026 19:39:09] "GET /status/marketplaces/ HTTP/1.1" 200 687
[13/Apr/2026 19:39:11] "GET /status/marketplaces/ HTTP/1.1" 200 687
[13/Apr/2026 19:39:15] "GET /status/marketplaces/ HTTP/1.1" 200 687
[13/Apr/2026 19:39:17] "POST /predict/ HTTP/1.1" 200 137
[13/Apr/2026 19:39:18] "POST /predict/marketplace/ HTTP/1.1" 201 379
[13/Apr/2026 19:39:18] "POST /predict/marketplace/ HTTP/1.1" 201 375
[13/Apr/2026 19:39:18] "GET /status/marketplaces/ HTTP/1.1" 200 687
[13/Apr/2026 19:39:18] "GET /status/marketplaces/ HTTP/1.1" 200 687
[13/Apr/2026 19:39:20] "GET /status/marketplaces/ HTTP/1.1" 200 687
[13/Apr/2026 19:39:23] "GET /status/marketplaces/ HTTP/1.1" 200 687
[13/Apr/2026 19:39:27] "GET /status/marketplaces/ HTTP/1.1" 200 687
[13/Apr/2026 19:39:30] "GET /status/marketplaces/ HTTP/1.1" 200 687
[13/Apr/2026 19:39:33] "GET /status/marketplaces/ HTTP/1.1" 200 687
[13/Apr/2026 19:39:35] "GET /status/marketplaces/ HTTP/1.1" 200 687
[13/Apr/2026 19:39:36] "POST /predict/ HTTP/1.1" 200 137
[13/Apr/2026 19:39:36] "POST /predict/marketplace/ HTTP/1.1" 201 380
[13/Apr/2026 19:39:36] "POST /predict/marketplace/ HTTP/1.1" 201 384
[13/Apr/2026 19:39:36] "GET /status/marketplaces/ HTTP/1.1" 200 697
[13/Apr/2026 19:39:39] "GET /status/marketplaces/ HTTP/1.1" 200 697
[13/Apr/2026 19:39:41] "GET /status/marketplaces/ HTTP/1.1" 200 697
[13/Apr/2026 19:39:45] "GET /status/marketplaces/ HTTP/1.1" 200 697
[13/Apr/2026 19:39:47] "GET /status/marketplaces/ HTTP/1.1" 200 697
[13/Apr/2026 19:39:50] "POST /predict/ HTTP/1.1" 200 137
[13/Apr/2026 19:39:50] "POST /predict/marketplace/ HTTP/1.1" 201 377
[13/Apr/2026 19:39:50] "POST /predict/marketplace/ HTTP/1.1" 201 381
[13/Apr/2026 19:39:50] "GET /status/marketplaces/ HTTP/1.1" 200 691
[13/Apr/2026 19:39:50] "GET /status/marketplaces/ HTTP/1.1" 200 691
[13/Apr/2026 19:39:54] "GET /status/marketplaces/ HTTP/1.1" 200 691
[13/Apr/2026 19:39:57] "GET /status/marketplaces/ HTTP/1.1" 200 691
[13/Apr/2026 19:40:00] "GET /status/marketplaces/ HTTP/1.1" 200 691
[13/Apr/2026 19:40:02] "GET /status/marketplaces/ HTTP/1.1" 200 691
[13/Apr/2026 19:40:05] "POST /predict/ HTTP/1.1" 200 139
[13/Apr/2026 19:40:05] "POST /predict/marketplace/ HTTP/1.1" 201 386
[13/Apr/2026 19:40:05] "POST /predict/marketplace/ HTTP/1.1" 201 382
[13/Apr/2026 19:40:05] "GET /status/marketplaces/ HTTP/1.1" 200 701
[13/Apr/2026 19:40:05] "GET /status/marketplaces/ HTTP/1.1" 200 701
[13/Apr/2026 19:40:08] "GET /status/marketplaces/ HTTP/1.1" 200 701
[13/Apr/2026 19:40:11] "GET /status/marketplaces/ HTTP/1.1" 200 701
[13/Apr/2026 19:40:14] "GET /status/marketplaces/ HTTP/1.1" 200 701
[13/Apr/2026 19:40:16] "POST /predict/ HTTP/1.1" 200 139
[13/Apr/2026 19:40:16] "POST /predict/marketplace/ HTTP/1.1" 201 377
[13/Apr/2026 19:40:16] "POST /predict/marketplace/ HTTP/1.1" 201 381
[13/Apr/2026 19:40:16] "GET /status/marketplaces/ HTTP/1.1" 200 691
[13/Apr/2026 19:40:17] "GET /status/marketplaces/ HTTP/1.1" 200 691
[13/Apr/2026 19:40:20] "GET /status/marketplaces/ HTTP/1.1" 200 691
[13/Apr/2026 19:40:24] "GET /status/marketplaces/ HTTP/1.1" 200 691
[13/Apr/2026 19:40:26] "GET /status/marketplaces/ HTTP/1.1" 200 691
[13/Apr/2026 19:40:30] "GET /status/marketplaces/ HTTP/1.1" 200 691
[13/Apr/2026 19:40:33] "GET /status/marketplaces/ HTTP/1.1" 200 691
[13/Apr/2026 19:40:36] "GET /status/marketplaces/ HTTP/1.1" 200 691
[13/Apr/2026 19:40:38] "GET /status/marketplaces/ HTTP/1.1" 200 691
[13/Apr/2026 19:40:42] "GET /status/marketplaces/ HTTP/1.1" 200 691
[13/Apr/2026 19:40:45] "GET /status/marketplaces/ HTTP/1.1" 200 691
[13/Apr/2026 19:40:47] "GET /status/marketplaces/ HTTP/1.1" 200 691
[13/Apr/2026 19:40:50] "GET /status/marketplaces/ HTTP/1.1" 200 691
[13/Apr/2026 19:40:54] "GET /status/marketplaces/ HTTP/1.1" 200 691
[13/Apr/2026 19:40:57] "GET /status/marketplaces/ HTTP/1.1" 200 691
[13/Apr/2026 19:41:00] "GET /status/marketplaces/ HTTP/1.1" 200 691
[13/Apr/2026 19:41:02] "GET /status/marketplaces/ HTTP/1.1" 200 691
[13/Apr/2026 19:41:05] "GET /status/marketplaces/ HTTP/1.1" 200 691
[13/Apr/2026 19:41:08] "GET /status/marketplaces/ HTTP/1.1" 200 691
[13/Apr/2026 19:41:12] "GET /status/marketplaces/ HTTP/1.1" 200 691
[13/Apr/2026 19:41:15] "GET /status/marketplaces/ HTTP/1.1" 200 691
[13/Apr/2026 19:41:17] "GET /status/marketplaces/ HTTP/1.1" 200 691
[13/Apr/2026 19:41:20] "GET /status/marketplaces/ HTTP/1.1" 200 691
[13/Apr/2026 19:41:24] "GET /status/marketplaces/ HTTP/1.1" 200 691
[13/Apr/2026 19:41:26] "GET /status/marketplaces/ HTTP/1.1" 200 691
[13/Apr/2026 19:41:30] "GET /status/marketplaces/ HTTP/1.1" 200 691
[13/Apr/2026 19:41:32] "GET /status/marketplaces/ HTTP/1.1" 200 691
[13/Apr/2026 19:41:36] "GET /status/marketplaces/ HTTP/1.1" 200 691
[13/Apr/2026 19:41:39] "GET /status/marketplaces/ HTTP/1.1" 200 691
[13/Apr/2026 19:41:42] "GET /status/marketplaces/ HTTP/1.1" 200 691
[13/Apr/2026 19:41:45] "GET /status/marketplaces/ HTTP/1.1" 200 691
[13/Apr/2026 19:41:47] "GET /status/marketplaces/ HTTP/1.1" 200 691
[13/Apr/2026 19:41:49] "POST /predict/ HTTP/1.1" 200 137
[13/Apr/2026 19:41:49] "POST /predict/marketplace/ HTTP/1.1" 201 375
[13/Apr/2026 19:41:49] "POST /predict/marketplace/ HTTP/1.1" 201 379
[13/Apr/2026 19:41:49] "GET /status/marketplaces/ HTTP/1.1" 200 687
[13/Apr/2026 19:41:50] "GET /status/marketplaces/ HTTP/1.1" 200 687
[13/Apr/2026 19:41:53] "POST /predict/ HTTP/1.1" 200 137
[13/Apr/2026 19:41:53] "POST /predict/marketplace/ HTTP/1.1" 201 375
[13/Apr/2026 19:41:53] "POST /predict/marketplace/ HTTP/1.1" 201 379
[13/Apr/2026 19:41:53] "GET /status/marketplaces/ HTTP/1.1" 200 687
[13/Apr/2026 19:41:53] "GET /status/marketplaces/ HTTP/1.1" 200 687
[13/Apr/2026 19:41:57] "GET /status/marketplaces/ HTTP/1.1" 200 687
[13/Apr/2026 19:41:57] "POST /predict/ HTTP/1.1" 200 137
[13/Apr/2026 19:41:57] "POST /predict/marketplace/ HTTP/1.1" 201 375
[13/Apr/2026 19:41:57] "POST /predict/marketplace/ HTTP/1.1" 201 379
[13/Apr/2026 19:41:57] "GET /status/marketplaces/ HTTP/1.1" 200 687
[13/Apr/2026 19:42:00] "GET /status/marketplaces/ HTTP/1.1" 200 687
[13/Apr/2026 19:42:03] "GET /status/marketplaces/ HTTP/1.1" 200 687
[13/Apr/2026 19:42:05] "GET /status/marketplaces/ HTTP/1.1" 200 687
[13/Apr/2026 19:42:09] "GET /status/marketplaces/ HTTP/1.1" 200 687
[13/Apr/2026 19:42:09] "POST /predict/ HTTP/1.1" 200 137
[13/Apr/2026 19:42:09] "POST /predict/marketplace/ HTTP/1.1" 201 377
[13/Apr/2026 19:42:09] "POST /predict/marketplace/ HTTP/1.1" 201 381
[13/Apr/2026 19:42:09] "GET /status/marketplaces/ HTTP/1.1" 200 691
[13/Apr/2026 19:42:12] "GET /status/marketplaces/ HTTP/1.1" 200 691
[13/Apr/2026 19:42:14] "GET /status/marketplaces/ HTTP/1.1" 200 691
[13/Apr/2026 19:42:18] "GET /status/marketplaces/ HTTP/1.1" 200 691
[13/Apr/2026 19:42:20] "GET /status/marketplaces/ HTTP/1.1" 200 691
[13/Apr/2026 19:42:21] "POST /predict/ HTTP/1.1" 200 135
[13/Apr/2026 19:42:21] "POST /predict/marketplace/ HTTP/1.1" 201 378
[13/Apr/2026 19:42:21] "POST /predict/marketplace/ HTTP/1.1" 201 382
[13/Apr/2026 19:42:21] "GET /status/marketplaces/ HTTP/1.1" 200 693
[13/Apr/2026 19:42:24] "GET /status/marketplaces/ HTTP/1.1" 200 693
[13/Apr/2026 19:42:26] "GET /status/marketplaces/ HTTP/1.1" 200 693
[13/Apr/2026 19:42:30] "GET /status/marketplaces/ HTTP/1.1" 200 693
[13/Apr/2026 19:42:33] "GET /status/marketplaces/ HTTP/1.1" 200 693
[13/Apr/2026 19:42:36] "GET /status/marketplaces/ HTTP/1.1" 200 693
[13/Apr/2026 19:42:39] "GET /status/marketplaces/ HTTP/1.1" 200 693
[13/Apr/2026 19:42:42] "GET /status/marketplaces/ HTTP/1.1" 200 693
[13/Apr/2026 19:42:45] "GET /status/marketplaces/ HTTP/1.1" 200 693
[13/Apr/2026 19:42:47] "GET /status/marketplaces/ HTTP/1.1" 200 693
[13/Apr/2026 19:42:51] "GET /status/marketplaces/ HTTP/1.1" 200 693
[13/Apr/2026 19:42:53] "GET /status/marketplaces/ HTTP/1.1" 200 693
[13/Apr/2026 19:42:57] "GET /status/marketplaces/ HTTP/1.1" 200 693
[13/Apr/2026 19:42:59] "POST /predict/ HTTP/1.1" 200 139
[13/Apr/2026 19:42:59] "POST /predict/marketplace/ HTTP/1.1" 201 382
[13/Apr/2026 19:42:59] "POST /predict/marketplace/ HTTP/1.1" 201 386
[13/Apr/2026 19:42:59] "GET /status/marketplaces/ HTTP/1.1" 200 701
[13/Apr/2026 19:43:00] "GET /status/marketplaces/ HTTP/1.1" 200 701
[13/Apr/2026 19:43:03] "GET /status/marketplaces/ HTTP/1.1" 200 701
[13/Apr/2026 19:43:04] "POST /predict/ HTTP/1.1" 200 139
[13/Apr/2026 19:43:04] "POST /predict/marketplace/ HTTP/1.1" 201 377
[13/Apr/2026 19:43:04] "POST /predict/marketplace/ HTTP/1.1" 201 381
[13/Apr/2026 19:43:04] "GET /status/marketplaces/ HTTP/1.1" 200 691
[13/Apr/2026 19:43:06] "GET /status/marketplaces/ HTTP/1.1" 200 691
[13/Apr/2026 19:43:09] "GET /status/marketplaces/ HTTP/1.1" 200 691
[13/Apr/2026 19:43:11] "GET /status/marketplaces/ HTTP/1.1" 200 691
[13/Apr/2026 19:43:14] "GET /status/marketplaces/ HTTP/1.1" 200 691
[13/Apr/2026 19:43:18] "GET /status/marketplaces/ HTTP/1.1" 200 691
[13/Apr/2026 19:43:20] "GET /status/marketplaces/ HTTP/1.1" 200 691
[13/Apr/2026 19:43:24] "GET /status/marketplaces/ HTTP/1.1" 200 691
[13/Apr/2026 19:43:26] "GET /status/marketplaces/ HTTP/1.1" 200 691
[13/Apr/2026 19:43:29] "GET /status/marketplaces/ HTTP/1.1" 200 691
[13/Apr/2026 19:43:31] "POST /predict/ HTTP/1.1" 200 135
[13/Apr/2026 19:43:31] "POST /predict/marketplace/ HTTP/1.1" 201 379
[13/Apr/2026 19:43:31] "POST /predict/marketplace/ HTTP/1.1" 201 375
[13/Apr/2026 19:43:31] "GET /status/marketplaces/ HTTP/1.1" 200 687
[13/Apr/2026 19:43:33] "GET /status/marketplaces/ HTTP/1.1" 200 687
[13/Apr/2026 19:43:34] "POST /predict/ HTTP/1.1" 200 135
[13/Apr/2026 19:43:34] "POST /predict/marketplace/ HTTP/1.1" 201 373
[13/Apr/2026 19:43:34] "POST /predict/marketplace/ HTTP/1.1" 201 377
[13/Apr/2026 19:43:34] "GET /status/marketplaces/ HTTP/1.1" 200 683
[13/Apr/2026 19:43:36] "GET /status/marketplaces/ HTTP/1.1" 200 683
[13/Apr/2026 19:43:37] "POST /predict/ HTTP/1.1" 200 135
[13/Apr/2026 19:43:37] "POST /predict/marketplace/ HTTP/1.1" 201 373
[13/Apr/2026 19:43:37] "POST /predict/marketplace/ HTTP/1.1" 201 377
[13/Apr/2026 19:43:37] "GET /status/marketplaces/ HTTP/1.1" 200 683
[13/Apr/2026 19:43:38] "GET /status/marketplaces/ HTTP/1.1" 200 683
[13/Apr/2026 19:43:40] "POST /predict/ HTTP/1.1" 200 135
[13/Apr/2026 19:43:40] "POST /predict/marketplace/ HTTP/1.1" 201 377
[13/Apr/2026 19:43:40] "POST /predict/marketplace/ HTTP/1.1" 201 373
[13/Apr/2026 19:43:40] "GET /status/marketplaces/ HTTP/1.1" 200 683
[13/Apr/2026 19:43:41] "GET /status/marketplaces/ HTTP/1.1" 200 683
[13/Apr/2026 19:43:43] "POST /predict/ HTTP/1.1" 200 135
[13/Apr/2026 19:43:43] "POST /predict/marketplace/ HTTP/1.1" 201 377
[13/Apr/2026 19:43:43] "POST /predict/marketplace/ HTTP/1.1" 201 373
[13/Apr/2026 19:43:43] "GET /status/marketplaces/ HTTP/1.1" 200 683
[13/Apr/2026 19:43:45] "GET /status/marketplaces/ HTTP/1.1" 200 683
[13/Apr/2026 19:43:46] "POST /predict/ HTTP/1.1" 200 135
[13/Apr/2026 19:43:46] "POST /predict/marketplace/ HTTP/1.1" 201 377
[13/Apr/2026 19:43:46] "POST /predict/marketplace/ HTTP/1.1" 201 373
[13/Apr/2026 19:43:46] "GET /status/marketplaces/ HTTP/1.1" 200 683
[13/Apr/2026 19:43:48] "GET /status/marketplaces/ HTTP/1.1" 200 683
[13/Apr/2026 19:43:50] "GET /status/marketplaces/ HTTP/1.1" 200 683
[13/Apr/2026 19:43:52] "POST /predict/ HTTP/1.1" 200 135
[13/Apr/2026 19:43:52] "POST /predict/marketplace/ HTTP/1.1" 201 377
[13/Apr/2026 19:43:52] "POST /predict/marketplace/ HTTP/1.1" 201 373
[13/Apr/2026 19:43:52] "GET /status/marketplaces/ HTTP/1.1" 200 683
[13/Apr/2026 19:43:53] "GET /status/marketplaces/ HTTP/1.1" 200 683
[13/Apr/2026 19:43:57] "GET /status/marketplaces/ HTTP/1.1" 200 683
[13/Apr/2026 19:43:57] "POST /predict/ HTTP/1.1" 200 135
[13/Apr/2026 19:43:57] "POST /predict/marketplace/ HTTP/1.1" 201 373
[13/Apr/2026 19:43:57] "POST /predict/marketplace/ HTTP/1.1" 201 377
[13/Apr/2026 19:43:57] "GET /status/marketplaces/ HTTP/1.1" 200 683
[13/Apr/2026 19:44:00] "GET /status/marketplaces/ HTTP/1.1" 200 683
[13/Apr/2026 19:44:02] "GET /status/marketplaces/ HTTP/1.1" 200 683
[13/Apr/2026 19:44:03] "POST /predict/ HTTP/1.1" 200 135
[13/Apr/2026 19:44:03] "POST /predict/marketplace/ HTTP/1.1" 201 377
[13/Apr/2026 19:44:03] "POST /predict/marketplace/ HTTP/1.1" 201 373
[13/Apr/2026 19:44:03] "GET /status/marketplaces/ HTTP/1.1" 200 683
[13/Apr/2026 19:44:05] "GET /status/marketplaces/ HTTP/1.1" 200 683
[13/Apr/2026 19:44:08] "POST /predict/ HTTP/1.1" 200 135
[13/Apr/2026 19:44:08] "POST /predict/marketplace/ HTTP/1.1" 201 377
[13/Apr/2026 19:44:08] "POST /predict/marketplace/ HTTP/1.1" 201 373
[13/Apr/2026 19:44:08] "GET /status/marketplaces/ HTTP/1.1" 200 683
[13/Apr/2026 19:44:09] "GET /status/marketplaces/ HTTP/1.1" 200 683
[13/Apr/2026 19:44:12] "GET /status/marketplaces/ HTTP/1.1" 200 683
[13/Apr/2026 19:44:15] "GET /status/marketplaces/ HTTP/1.1" 200 683
[13/Apr/2026 19:44:18] "GET /status/marketplaces/ HTTP/1.1" 200 683
[13/Apr/2026 19:44:21] "GET /status/marketplaces/ HTTP/1.1" 200 683
[13/Apr/2026 19:44:24] "GET /status/marketplaces/ HTTP/1.1" 200 683
[13/Apr/2026 19:44:26] "GET /status/marketplaces/ HTTP/1.1" 200 683
[13/Apr/2026 19:44:29] "POST /predict/ HTTP/1.1" 200 139
[13/Apr/2026 19:44:30] "POST /predict/marketplace/ HTTP/1.1" 201 386
[13/Apr/2026 19:44:30] "GET /status/marketplaces/ HTTP/1.1" 200 692
[13/Apr/2026 19:44:30] "POST /predict/marketplace/ HTTP/1.1" 201 382
[13/Apr/2026 19:44:30] "GET /status/marketplaces/ HTTP/1.1" 200 701
[13/Apr/2026 19:44:33] "GET /status/marketplaces/ HTTP/1.1" 200 701
[13/Apr/2026 19:44:34] "POST /predict/ HTTP/1.1" 200 139
[13/Apr/2026 19:44:34] "POST /predict/marketplace/ HTTP/1.1" 201 381
[13/Apr/2026 19:44:34] "POST /predict/marketplace/ HTTP/1.1" 201 377
[13/Apr/2026 19:44:34] "GET /status/marketplaces/ HTTP/1.1" 200 691
[13/Apr/2026 19:44:36] "GET /status/marketplaces/ HTTP/1.1" 200 691
[13/Apr/2026 19:44:37] "POST /predict/ HTTP/1.1" 200 139
[13/Apr/2026 19:44:37] "POST /predict/marketplace/ HTTP/1.1" 201 377
[13/Apr/2026 19:44:37] "POST /predict/marketplace/ HTTP/1.1" 201 381
[13/Apr/2026 19:44:37] "GET /status/marketplaces/ HTTP/1.1" 200 691
[13/Apr/2026 19:44:38] "GET /status/marketplaces/ HTTP/1.1" 200 691
[13/Apr/2026 19:44:42] "GET /status/marketplaces/ HTTP/1.1" 200 691
[13/Apr/2026 19:44:45] "GET /status/marketplaces/ HTTP/1.1" 200 691
[13/Apr/2026 19:44:48] "GET /status/marketplaces/ HTTP/1.1" 200 691
[13/Apr/2026 19:44:49] "POST /predict/ HTTP/1.1" 200 140
[13/Apr/2026 19:44:50] "POST /predict/marketplace/ HTTP/1.1" 201 380
[13/Apr/2026 19:44:50] "POST /predict/marketplace/ HTTP/1.1" 201 384
[13/Apr/2026 19:44:50] "GET /status/marketplaces/ HTTP/1.1" 200 697
[13/Apr/2026 19:44:50] "GET /status/marketplaces/ HTTP/1.1" 200 697
[13/Apr/2026 19:44:54] "GET /status/marketplaces/ HTTP/1.1" 200 697
[13/Apr/2026 19:44:57] "GET /status/marketplaces/ HTTP/1.1" 200 697
[13/Apr/2026 19:44:57] "POST /predict/ HTTP/1.1" 200 138
[13/Apr/2026 19:44:57] "POST /predict/marketplace/ HTTP/1.1" 201 381
[13/Apr/2026 19:44:57] "POST /predict/marketplace/ HTTP/1.1" 201 385
[13/Apr/2026 19:44:57] "GET /status/marketplaces/ HTTP/1.1" 200 699
[13/Apr/2026 19:45:00] "GET /status/marketplaces/ HTTP/1.1" 200 699
[13/Apr/2026 19:45:02] "GET /status/marketplaces/ HTTP/1.1" 200 699
[13/Apr/2026 19:45:05] "GET /status/marketplaces/ HTTP/1.1" 200 699
[13/Apr/2026 19:45:06] "POST /predict/ HTTP/1.1" 200 139
[13/Apr/2026 19:45:06] "POST /predict/marketplace/ HTTP/1.1" 201 381
[13/Apr/2026 19:45:06] "POST /predict/marketplace/ HTTP/1.1" 201 377
[13/Apr/2026 19:45:06] "GET /status/marketplaces/ HTTP/1.1" 200 691
[13/Apr/2026 19:45:09] "GET /status/marketplaces/ HTTP/1.1" 200 691
[13/Apr/2026 19:45:11] "GET /status/marketplaces/ HTTP/1.1" 200 691
[13/Apr/2026 19:45:14] "POST /predict/ HTTP/1.1" 200 140
[13/Apr/2026 19:45:14] "POST /predict/marketplace/ HTTP/1.1" 201 384
[13/Apr/2026 19:45:14] "POST /predict/marketplace/ HTTP/1.1" 201 380
[13/Apr/2026 19:45:14] "GET /status/marketplaces/ HTTP/1.1" 200 697
[13/Apr/2026 19:45:15] "GET /status/marketplaces/ HTTP/1.1" 200 697
[13/Apr/2026 19:45:17] "GET /status/marketplaces/ HTTP/1.1" 200 697
[13/Apr/2026 19:45:21] "GET /status/marketplaces/ HTTP/1.1" 200 697
[13/Apr/2026 19:45:22] "POST /predict/ HTTP/1.1" 200 138
[13/Apr/2026 19:45:22] "POST /predict/marketplace/ HTTP/1.1" 201 381
[13/Apr/2026 19:45:22] "POST /predict/marketplace/ HTTP/1.1" 201 385
[13/Apr/2026 19:45:22] "GET /status/marketplaces/ HTTP/1.1" 200 699
[13/Apr/2026 19:45:23] "GET /status/marketplaces/ HTTP/1.1" 200 699
[13/Apr/2026 19:45:26] "GET /status/marketplaces/ HTTP/1.1" 200 699
[13/Apr/2026 19:45:30] "GET /status/marketplaces/ HTTP/1.1" 200 699
[13/Apr/2026 19:45:32] "GET /status/marketplaces/ HTTP/1.1" 200 699
[13/Apr/2026 19:45:36] "GET /status/marketplaces/ HTTP/1.1" 200 699
[13/Apr/2026 19:45:38] "GET /status/marketplaces/ HTTP/1.1" 200 699
[13/Apr/2026 19:45:42] "GET /status/marketplaces/ HTTP/1.1" 200 699
[13/Apr/2026 19:45:45] "GET /status/marketplaces/ HTTP/1.1" 200 699
[13/Apr/2026 19:45:48] "GET /status/marketplaces/ HTTP/1.1" 200 699
[13/Apr/2026 19:45:51] "GET /status/marketplaces/ HTTP/1.1" 200 699
[13/Apr/2026 19:45:54] "GET /status/marketplaces/ HTTP/1.1" 200 699
[13/Apr/2026 19:45:57] "GET /status/marketplaces/ HTTP/1.1" 200 699
[13/Apr/2026 19:46:00] "GET /status/marketplaces/ HTTP/1.1" 200 699
[13/Apr/2026 19:46:03] "GET /status/marketplaces/ HTTP/1.1" 200 699
[13/Apr/2026 19:46:06] "GET /status/marketplaces/ HTTP/1.1" 200 699
[13/Apr/2026 19:46:09] "GET /status/marketplaces/ HTTP/1.1" 200 699
[13/Apr/2026 19:46:11] "GET /status/marketplaces/ HTTP/1.1" 200 699
[13/Apr/2026 19:46:15] "GET /status/marketplaces/ HTTP/1.1" 200 699
[13/Apr/2026 19:46:18] "GET /status/marketplaces/ HTTP/1.1" 200 699
[13/Apr/2026 19:46:21] "GET /status/marketplaces/ HTTP/1.1" 200 699
[13/Apr/2026 19:46:23] "GET /status/marketplaces/ HTTP/1.1" 200 699
[13/Apr/2026 19:46:26] "GET /status/marketplaces/ HTTP/1.1" 200 699
[13/Apr/2026 19:46:30] "GET /status/marketplaces/ HTTP/1.1" 200 699
[13/Apr/2026 19:46:33] "GET /status/marketplaces/ HTTP/1.1" 200 699
[13/Apr/2026 19:46:35] "GET /status/marketplaces/ HTTP/1.1" 200 699
[13/Apr/2026 19:46:39] "GET /status/marketplaces/ HTTP/1.1" 200 699
[13/Apr/2026 19:46:42] "GET /status/marketplaces/ HTTP/1.1" 200 699
[13/Apr/2026 19:46:43] "GET /health/ HTTP/1.1" 200 56
[13/Apr/2026 19:46:43] "GET /health/ HTTP/1.1" 200 56
[13/Apr/2026 19:46:43] "GET /dataset/ HTTP/1.1" 200 556
[13/Apr/2026 19:46:44] "GET /status/marketplaces/ HTTP/1.1" 200 699
[13/Apr/2026 19:46:44] "GET /dataset/ HTTP/1.1" 200 556
[13/Apr/2026 19:46:44] "GET /status/marketplaces/ HTTP/1.1" 200 699
[13/Apr/2026 19:46:46] "GET /status/marketplaces/ HTTP/1.1" 200 699
[13/Apr/2026 19:46:49] "GET /status/marketplaces/ HTTP/1.1" 200 699
[13/Apr/2026 19:46:52] "GET /status/marketplaces/ HTTP/1.1" 200 699
[13/Apr/2026 19:46:55] "GET /status/marketplaces/ HTTP/1.1" 200 699
[13/Apr/2026 19:46:58] "GET /status/marketplaces/ HTTP/1.1" 200 699
[13/Apr/2026 19:47:01] "GET /status/marketplaces/ HTTP/1.1" 200 699
[13/Apr/2026 19:47:04] "GET /status/marketplaces/ HTTP/1.1" 200 699
[13/Apr/2026 19:47:07] "GET /status/marketplaces/ HTTP/1.1" 200 699
[13/Apr/2026 19:47:10] "GET /status/marketplaces/ HTTP/1.1" 200 699
[13/Apr/2026 19:47:11] "POST /predict/ HTTP/1.1" 200 138
[13/Apr/2026 19:47:11] "POST /predict/marketplace/ HTTP/1.1" 201 380
[13/Apr/2026 19:47:11] "POST /predict/marketplace/ HTTP/1.1" 201 376
[13/Apr/2026 19:47:11] "GET /status/marketplaces/ HTTP/1.1" 200 689
[13/Apr/2026 19:47:13] "GET /status/marketplaces/ HTTP/1.1" 200 689
[13/Apr/2026 19:47:14] "POST /predict/ HTTP/1.1" 200 138
[13/Apr/2026 19:47:14] "POST /predict/marketplace/ HTTP/1.1" 201 376
[13/Apr/2026 19:47:14] "POST /predict/marketplace/ HTTP/1.1" 201 380
[13/Apr/2026 19:47:14] "GET /status/marketplaces/ HTTP/1.1" 200 689
[13/Apr/2026 19:47:16] "GET /status/marketplaces/ HTTP/1.1" 200 689
[13/Apr/2026 19:47:19] "GET /status/marketplaces/ HTTP/1.1" 200 689
[13/Apr/2026 19:47:22] "POST /predict/ HTTP/1.1" 200 139
[13/Apr/2026 19:47:22] "POST /predict/marketplace/ HTTP/1.1" 201 377
[13/Apr/2026 19:47:22] "POST /predict/marketplace/ HTTP/1.1" 201 381
[13/Apr/2026 19:47:22] "GET /status/marketplaces/ HTTP/1.1" 200 691
[13/Apr/2026 19:47:22] "GET /status/marketplaces/ HTTP/1.1" 200 691
[13/Apr/2026 19:47:25] "GET /status/marketplaces/ HTTP/1.1" 200 691
[13/Apr/2026 19:47:28] "POST /predict/ HTTP/1.1" 200 140
[13/Apr/2026 19:47:28] "POST /predict/marketplace/ HTTP/1.1" 201 380
[13/Apr/2026 19:47:28] "POST /predict/marketplace/ HTTP/1.1" 201 384
[13/Apr/2026 19:47:29] "GET /status/marketplaces/ HTTP/1.1" 200 697
[13/Apr/2026 19:47:29] "GET /status/marketplaces/ HTTP/1.1" 200 697
[13/Apr/2026 19:47:31] "GET /status/marketplaces/ HTTP/1.1" 200 697
[13/Apr/2026 19:47:34] "GET /status/marketplaces/ HTTP/1.1" 200 697
[13/Apr/2026 19:47:36] "POST /predict/ HTTP/1.1" 200 138
[13/Apr/2026 19:47:37] "POST /predict/marketplace/ HTTP/1.1" 201 385
[13/Apr/2026 19:47:37] "POST /predict/marketplace/ HTTP/1.1" 201 381
[13/Apr/2026 19:47:37] "GET /status/marketplaces/ HTTP/1.1" 200 699
[13/Apr/2026 19:47:37] "GET /status/marketplaces/ HTTP/1.1" 200 699
[13/Apr/2026 19:47:40] "GET /status/marketplaces/ HTTP/1.1" 200 699
[13/Apr/2026 19:47:43] "GET /status/marketplaces/ HTTP/1.1" 200 699
[13/Apr/2026 19:47:47] "GET /status/marketplaces/ HTTP/1.1" 200 699
[13/Apr/2026 19:47:49] "GET /status/marketplaces/ HTTP/1.1" 200 699
[13/Apr/2026 19:47:52] "GET /status/marketplaces/ HTTP/1.1" 200 699
[13/Apr/2026 19:47:55] "GET /status/marketplaces/ HTTP/1.1" 200 699
[13/Apr/2026 19:47:58] "GET /status/marketplaces/ HTTP/1.1" 200 699
[13/Apr/2026 19:48:01] "GET /status/marketplaces/ HTTP/1.1" 200 699
[13/Apr/2026 19:48:05] "GET /status/marketplaces/ HTTP/1.1" 200 699
[13/Apr/2026 19:48:08] "GET /status/marketplaces/ HTTP/1.1" 200 699
[13/Apr/2026 19:48:11] "GET /status/marketplaces/ HTTP/1.1" 200 699
[13/Apr/2026 19:48:14] "GET /status/marketplaces/ HTTP/1.1" 200 699
[13/Apr/2026 19:48:22] "GET /status/marketplaces/ HTTP/1.1" 200 699
[13/Apr/2026 19:48:23] "GET /status/marketplaces/ HTTP/1.1" 200 699
[13/Apr/2026 19:48:26] "GET /status/marketplaces/ HTTP/1.1" 200 699
[13/Apr/2026 19:48:29] "GET /status/marketplaces/ HTTP/1.1" 200 699
[13/Apr/2026 19:48:32] "GET /status/marketplaces/ HTTP/1.1" 200 699
[13/Apr/2026 19:48:35] "GET /status/marketplaces/ HTTP/1.1" 200 699
[13/Apr/2026 19:48:38] "GET /status/marketplaces/ HTTP/1.1" 200 699
[13/Apr/2026 19:48:47] "GET /status/marketplaces/ HTTP/1.1" 200 699
[13/Apr/2026 19:48:50] "GET /status/marketplaces/ HTTP/1.1" 200 699
[13/Apr/2026 19:48:53] "GET /status/marketplaces/ HTTP/1.1" 200 699
[13/Apr/2026 19:48:56] "GET /status/marketplaces/ HTTP/1.1" 200 699
[13/Apr/2026 19:48:59] "GET /status/marketplaces/ HTTP/1.1" 200 699
[13/Apr/2026 19:49:02] "GET /status/marketplaces/ HTTP/1.1" 200 699
[13/Apr/2026 19:49:05] "GET /status/marketplaces/ HTTP/1.1" 200 699
[13/Apr/2026 19:49:08] "GET /status/marketplaces/ HTTP/1.1" 200 699
[13/Apr/2026 19:49:19] "GET /status/marketplaces/ HTTP/1.1" 200 699
[13/Apr/2026 19:50:19] "GET /status/marketplaces/ HTTP/1.1" 200 699
[13/Apr/2026 19:51:19] "GET /status/marketplaces/ HTTP/1.1" 200 699
[13/Apr/2026 19:52:19] "GET /status/marketplaces/ HTTP/1.1" 200 699
[13/Apr/2026 19:53:19] "GET /status/marketplaces/ HTTP/1.1" 200 699
[13/Apr/2026 19:54:19] "GET /status/marketplaces/ HTTP/1.1" 200 699
[13/Apr/2026 19:55:19] "GET /status/marketplaces/ HTTP/1.1" 200 699
[13/Apr/2026 19:56:19] "GET /status/marketplaces/ HTTP/1.1" 200 699
[13/Apr/2026 19:57:19] "GET /status/marketplaces/ HTTP/1.1" 200 699
[13/Apr/2026 19:58:19] "GET /status/marketplaces/ HTTP/1.1" 200 699
[13/Apr/2026 19:59:19] "GET /status/marketplaces/ HTTP/1.1" 200 699
[13/Apr/2026 20:00:19] "GET /status/marketplaces/ HTTP/1.1" 200 699
[13/Apr/2026 20:53:51] "GET /status/marketplaces/ HTTP/1.1" 200 699
[13/Apr/2026 21:04:39] "GET /status/marketplaces/ HTTP/1.1" 200 699
[13/Apr/2026 21:04:41] "GET /status/marketplaces/ HTTP/1.1" 200 699
[13/Apr/2026 21:04:44] "GET /status/marketplaces/ HTTP/1.1" 200 699
[13/Apr/2026 21:04:47] "GET /status/marketplaces/ HTTP/1.1" 200 699
[13/Apr/2026 21:04:50] "GET /status/marketplaces/ HTTP/1.1" 200 699
[13/Apr/2026 21:04:53] "GET /status/marketplaces/ HTTP/1.1" 200 699
[13/Apr/2026 21:04:56] "GET /status/marketplaces/ HTTP/1.1" 200 699
[13/Apr/2026 21:04:56] "OPTIONS /predict/ HTTP/1.1" 200 0
[13/Apr/2026 21:04:56] "POST /predict/ HTTP/1.1" 200 136
[13/Apr/2026 21:04:56] "OPTIONS /predict/marketplace/ HTTP/1.1" 200 0
[13/Apr/2026 21:04:56] "OPTIONS /predict/marketplace/ HTTP/1.1" 200 0
[13/Apr/2026 21:04:56] "POST /predict/marketplace/ HTTP/1.1" 201 374
[13/Apr/2026 21:04:56] "POST /predict/marketplace/ HTTP/1.1" 201 378
[13/Apr/2026 21:04:56] "GET /status/marketplaces/ HTTP/1.1" 200 685
[13/Apr/2026 21:04:59] "GET /status/marketplaces/ HTTP/1.1" 200 685
[13/Apr/2026 21:05:02] "GET /status/marketplaces/ HTTP/1.1" 200 685
[13/Apr/2026 21:05:02] "POST /predict/ HTTP/1.1" 200 135
[13/Apr/2026 21:05:02] "POST /predict/marketplace/ HTTP/1.1" 201 373
[13/Apr/2026 21:05:02] "POST /predict/marketplace/ HTTP/1.1" 201 377
[13/Apr/2026 21:05:02] "GET /status/marketplaces/ HTTP/1.1" 200 683
[13/Apr/2026 21:05:05] "GET /status/marketplaces/ HTTP/1.1" 200 683
[13/Apr/2026 21:05:08] "GET /status/marketplaces/ HTTP/1.1" 200 683
[13/Apr/2026 21:05:11] "GET /status/marketplaces/ HTTP/1.1" 200 683
[13/Apr/2026 21:05:14] "GET /status/marketplaces/ HTTP/1.1" 200 683
[13/Apr/2026 21:05:17] "GET /status/marketplaces/ HTTP/1.1" 200 683
[13/Apr/2026 21:05:20] "GET /status/marketplaces/ HTTP/1.1" 200 683
[13/Apr/2026 21:05:23] "GET /status/marketplaces/ HTTP/1.1" 200 683
[13/Apr/2026 21:05:26] "GET /status/marketplaces/ HTTP/1.1" 200 683
[13/Apr/2026 21:05:29] "GET /status/marketplaces/ HTTP/1.1" 200 683
[13/Apr/2026 21:05:32] "GET /status/marketplaces/ HTTP/1.1" 200 683
[13/Apr/2026 21:05:35] "GET /status/marketplaces/ HTTP/1.1" 200 683
[13/Apr/2026 21:05:38] "GET /status/marketplaces/ HTTP/1.1" 200 683
[13/Apr/2026 21:05:41] "GET /status/marketplaces/ HTTP/1.1" 200 683
[13/Apr/2026 21:05:44] "GET /status/marketplaces/ HTTP/1.1" 200 683
[13/Apr/2026 21:05:47] "GET /status/marketplaces/ HTTP/1.1" 200 683
[13/Apr/2026 21:05:50] "GET /status/marketplaces/ HTTP/1.1" 200 683
[13/Apr/2026 21:05:53] "GET /status/marketplaces/ HTTP/1.1" 200 683
[13/Apr/2026 21:05:56] "GET /status/marketplaces/ HTTP/1.1" 200 683
[13/Apr/2026 21:05:59] "GET /status/marketplaces/ HTTP/1.1" 200 683
[13/Apr/2026 21:06:02] "GET /status/marketplaces/ HTTP/1.1" 200 683
[13/Apr/2026 21:06:05] "GET /status/marketplaces/ HTTP/1.1" 200 683
[13/Apr/2026 21:06:08] "GET /status/marketplaces/ HTTP/1.1" 200 683
[13/Apr/2026 21:06:11] "GET /status/marketplaces/ HTTP/1.1" 200 683
[13/Apr/2026 21:06:14] "GET /status/marketplaces/ HTTP/1.1" 200 683
[13/Apr/2026 21:06:17] "GET /status/marketplaces/ HTTP/1.1" 200 683
[13/Apr/2026 21:06:20] "GET /status/marketplaces/ HTTP/1.1" 200 683
[13/Apr/2026 21:06:23] "GET /status/marketplaces/ HTTP/1.1" 200 683
[13/Apr/2026 21:06:26] "GET /status/marketplaces/ HTTP/1.1" 200 683
[13/Apr/2026 21:06:29] "GET /status/marketplaces/ HTTP/1.1" 200 683
[13/Apr/2026 21:06:32] "GET /status/marketplaces/ HTTP/1.1" 200 683
[13/Apr/2026 21:06:32] "POST /predict/ HTTP/1.1" 200 136
[13/Apr/2026 21:06:32] "POST /predict/marketplace/ HTTP/1.1" 201 374
[13/Apr/2026 21:06:32] "POST /predict/marketplace/ HTTP/1.1" 201 378
[13/Apr/2026 21:06:32] "GET /status/marketplaces/ HTTP/1.1" 200 685
[13/Apr/2026 21:06:35] "GET /status/marketplaces/ HTTP/1.1" 200 685
[13/Apr/2026 21:06:38] "GET /status/marketplaces/ HTTP/1.1" 200 685
[13/Apr/2026 21:06:41] "GET /status/marketplaces/ HTTP/1.1" 200 685
[13/Apr/2026 21:06:44] "GET /status/marketplaces/ HTTP/1.1" 200 685
[13/Apr/2026 21:06:47] "GET /status/marketplaces/ HTTP/1.1" 200 685
[13/Apr/2026 21:06:50] "GET /status/marketplaces/ HTTP/1.1" 200 685
[13/Apr/2026 21:06:53] "GET /status/marketplaces/ HTTP/1.1" 200 685
[13/Apr/2026 21:06:56] "GET /status/marketplaces/ HTTP/1.1" 200 685
[13/Apr/2026 21:06:59] "GET /status/marketplaces/ HTTP/1.1" 200 685
[13/Apr/2026 21:07:02] "GET /status/marketplaces/ HTTP/1.1" 200 685
[13/Apr/2026 21:07:05] "GET /status/marketplaces/ HTTP/1.1" 200 685
[13/Apr/2026 21:07:08] "GET /status/marketplaces/ HTTP/1.1" 200 685
[13/Apr/2026 21:07:11] "GET /status/marketplaces/ HTTP/1.1" 200 685
[13/Apr/2026 21:07:11] "POST /predict/ HTTP/1.1" 200 136
[13/Apr/2026 21:07:11] "POST /predict/marketplace/ HTTP/1.1" 201 374
[13/Apr/2026 21:07:11] "POST /predict/marketplace/ HTTP/1.1" 201 378
[13/Apr/2026 21:07:11] "GET /status/marketplaces/ HTTP/1.1" 200 685
[13/Apr/2026 21:07:13] "POST /predict/ HTTP/1.1" 200 136
[13/Apr/2026 21:07:13] "POST /predict/marketplace/ HTTP/1.1" 201 374
[13/Apr/2026 21:07:13] "POST /predict/marketplace/ HTTP/1.1" 201 378
[13/Apr/2026 21:07:13] "GET /status/marketplaces/ HTTP/1.1" 200 685
[13/Apr/2026 21:07:14] "GET /status/marketplaces/ HTTP/1.1" 200 685
[13/Apr/2026 21:07:14] "POST /predict/ HTTP/1.1" 200 136
[13/Apr/2026 21:07:14] "POST /predict/marketplace/ HTTP/1.1" 201 374
[13/Apr/2026 21:07:14] "POST /predict/marketplace/ HTTP/1.1" 201 378
[13/Apr/2026 21:07:14] "GET /status/marketplaces/ HTTP/1.1" 200 685
[13/Apr/2026 21:07:17] "GET /status/marketplaces/ HTTP/1.1" 200 685
[13/Apr/2026 21:07:20] "GET /status/marketplaces/ HTTP/1.1" 200 685
[13/Apr/2026 21:07:23] "GET /status/marketplaces/ HTTP/1.1" 200 685
[13/Apr/2026 21:07:26] "GET /status/marketplaces/ HTTP/1.1" 200 685
[13/Apr/2026 21:07:27] "POST /predict/ HTTP/1.1" 200 135
[13/Apr/2026 21:07:27] "POST /predict/marketplace/ HTTP/1.1" 201 373
[13/Apr/2026 21:07:27] "POST /predict/marketplace/ HTTP/1.1" 201 377
[13/Apr/2026 21:07:27] "GET /status/marketplaces/ HTTP/1.1" 200 683
[13/Apr/2026 21:07:29] "GET /status/marketplaces/ HTTP/1.1" 200 683
[13/Apr/2026 21:07:32] "GET /status/marketplaces/ HTTP/1.1" 200 683
[13/Apr/2026 21:07:35] "GET /status/marketplaces/ HTTP/1.1" 200 683
[13/Apr/2026 21:07:38] "GET /status/marketplaces/ HTTP/1.1" 200 683
[13/Apr/2026 21:07:41] "GET /status/marketplaces/ HTTP/1.1" 200 683
[13/Apr/2026 21:07:44] "GET /status/marketplaces/ HTTP/1.1" 200 683
[13/Apr/2026 21:07:47] "GET /status/marketplaces/ HTTP/1.1" 200 683
[13/Apr/2026 21:07:50] "GET /status/marketplaces/ HTTP/1.1" 200 683
[13/Apr/2026 21:07:53] "GET /status/marketplaces/ HTTP/1.1" 200 683
[13/Apr/2026 21:07:56] "GET /status/marketplaces/ HTTP/1.1" 200 683
[13/Apr/2026 21:07:59] "GET /status/marketplaces/ HTTP/1.1" 200 683
[13/Apr/2026 21:08:02] "GET /status/marketplaces/ HTTP/1.1" 200 683
[13/Apr/2026 21:08:05] "GET /status/marketplaces/ HTTP/1.1" 200 683
[13/Apr/2026 21:08:08] "GET /status/marketplaces/ HTTP/1.1" 200 683
[13/Apr/2026 21:08:11] "GET /status/marketplaces/ HTTP/1.1" 200 683
[13/Apr/2026 21:08:14] "GET /status/marketplaces/ HTTP/1.1" 200 683
[13/Apr/2026 21:08:17] "GET /status/marketplaces/ HTTP/1.1" 200 683
[13/Apr/2026 21:08:17] "POST /predict/ HTTP/1.1" 200 136
[13/Apr/2026 21:08:17] "POST /predict/marketplace/ HTTP/1.1" 201 374
[13/Apr/2026 21:08:17] "POST /predict/marketplace/ HTTP/1.1" 201 378
[13/Apr/2026 21:08:17] "GET /status/marketplaces/ HTTP/1.1" 200 685
[13/Apr/2026 21:08:20] "GET /status/marketplaces/ HTTP/1.1" 200 685
[13/Apr/2026 21:08:23] "GET /status/marketplaces/ HTTP/1.1" 200 685
[13/Apr/2026 21:08:26] "GET /status/marketplaces/ HTTP/1.1" 200 685
[13/Apr/2026 21:08:29] "GET /status/marketplaces/ HTTP/1.1" 200 685
[13/Apr/2026 21:08:32] "GET /status/marketplaces/ HTTP/1.1" 200 685
[13/Apr/2026 21:08:35] "GET /status/marketplaces/ HTTP/1.1" 200 685
[13/Apr/2026 21:08:37] "POST /predict/ HTTP/1.1" 200 136
[13/Apr/2026 21:08:37] "POST /predict/marketplace/ HTTP/1.1" 201 374
[13/Apr/2026 21:08:37] "POST /predict/marketplace/ HTTP/1.1" 201 378
[13/Apr/2026 21:08:37] "GET /status/marketplaces/ HTTP/1.1" 200 685
[13/Apr/2026 21:08:38] "GET /status/marketplaces/ HTTP/1.1" 200 685
[13/Apr/2026 21:08:41] "GET /status/marketplaces/ HTTP/1.1" 200 685
[13/Apr/2026 21:08:44] "GET /status/marketplaces/ HTTP/1.1" 200 685
[13/Apr/2026 21:08:47] "GET /status/marketplaces/ HTTP/1.1" 200 685
[13/Apr/2026 21:08:50] "GET /status/marketplaces/ HTTP/1.1" 200 685
[13/Apr/2026 21:08:53] "GET /status/marketplaces/ HTTP/1.1" 200 685
[13/Apr/2026 21:08:56] "GET /status/marketplaces/ HTTP/1.1" 200 685
[13/Apr/2026 21:08:59] "GET /status/marketplaces/ HTTP/1.1" 200 685
[13/Apr/2026 21:09:02] "GET /status/marketplaces/ HTTP/1.1" 200 685
[13/Apr/2026 21:09:05] "GET /status/marketplaces/ HTTP/1.1" 200 685
[13/Apr/2026 21:09:08] "GET /status/marketplaces/ HTTP/1.1" 200 685
[13/Apr/2026 21:09:11] "GET /status/marketplaces/ HTTP/1.1" 200 685
[13/Apr/2026 21:09:14] "GET /status/marketplaces/ HTTP/1.1" 200 685
[13/Apr/2026 21:09:17] "GET /status/marketplaces/ HTTP/1.1" 200 685
[13/Apr/2026 21:09:20] "GET /status/marketplaces/ HTTP/1.1" 200 685
[13/Apr/2026 21:09:23] "GET /status/marketplaces/ HTTP/1.1" 200 685
[13/Apr/2026 21:09:26] "GET /status/marketplaces/ HTTP/1.1" 200 685
[13/Apr/2026 21:09:29] "GET /status/marketplaces/ HTTP/1.1" 200 685
[13/Apr/2026 21:09:32] "GET /status/marketplaces/ HTTP/1.1" 200 685
[13/Apr/2026 21:09:35] "GET /status/marketplaces/ HTTP/1.1" 200 685
[13/Apr/2026 21:09:38] "GET /status/marketplaces/ HTTP/1.1" 200 685
[13/Apr/2026 21:09:41] "GET /status/marketplaces/ HTTP/1.1" 200 685
[13/Apr/2026 21:09:44] "GET /status/marketplaces/ HTTP/1.1" 200 685
[13/Apr/2026 21:09:47] "GET /status/marketplaces/ HTTP/1.1" 200 685
[13/Apr/2026 21:09:50] "GET /status/marketplaces/ HTTP/1.1" 200 685
[13/Apr/2026 21:09:53] "GET /status/marketplaces/ HTTP/1.1" 200 685
[13/Apr/2026 21:09:56] "GET /status/marketplaces/ HTTP/1.1" 200 685
[13/Apr/2026 21:09:59] "GET /status/marketplaces/ HTTP/1.1" 200 685
[13/Apr/2026 21:10:02] "GET /status/marketplaces/ HTTP/1.1" 200 685
[13/Apr/2026 21:10:05] "GET /status/marketplaces/ HTTP/1.1" 200 685
[13/Apr/2026 21:10:08] "GET /status/marketplaces/ HTTP/1.1" 200 685
[13/Apr/2026 21:10:11] "GET /status/marketplaces/ HTTP/1.1" 200 685
[13/Apr/2026 21:10:14] "GET /status/marketplaces/ HTTP/1.1" 200 685
[13/Apr/2026 21:10:17] "GET /status/marketplaces/ HTTP/1.1" 200 685
[13/Apr/2026 21:10:20] "GET /status/marketplaces/ HTTP/1.1" 200 685
[13/Apr/2026 21:10:23] "GET /status/marketplaces/ HTTP/1.1" 200 685
[13/Apr/2026 21:10:26] "GET /status/marketplaces/ HTTP/1.1" 200 685
[13/Apr/2026 21:10:29] "GET /status/marketplaces/ HTTP/1.1" 200 685
[13/Apr/2026 21:10:32] "GET /status/marketplaces/ HTTP/1.1" 200 685
[13/Apr/2026 21:10:35] "GET /status/marketplaces/ HTTP/1.1" 200 685
[13/Apr/2026 21:10:38] "GET /status/marketplaces/ HTTP/1.1" 200 685
[13/Apr/2026 21:10:41] "GET /status/marketplaces/ HTTP/1.1" 200 685
[13/Apr/2026 21:10:44] "GET /status/marketplaces/ HTTP/1.1" 200 685
[13/Apr/2026 21:10:47] "GET /status/marketplaces/ HTTP/1.1" 200 685
[13/Apr/2026 21:10:50] "GET /status/marketplaces/ HTTP/1.1" 200 685
[13/Apr/2026 21:10:53] "GET /status/marketplaces/ HTTP/1.1" 200 685
[13/Apr/2026 21:10:56] "GET /status/marketplaces/ HTTP/1.1" 200 685
[13/Apr/2026 21:10:59] "GET /status/marketplaces/ HTTP/1.1" 200 685
[13/Apr/2026 21:11:02] "GET /status/marketplaces/ HTTP/1.1" 200 685
[13/Apr/2026 21:11:05] "GET /status/marketplaces/ HTTP/1.1" 200 685
[13/Apr/2026 21:11:08] "GET /status/marketplaces/ HTTP/1.1" 200 685
[13/Apr/2026 21:11:11] "GET /status/marketplaces/ HTTP/1.1" 200 685
[13/Apr/2026 21:11:14] "GET /status/marketplaces/ HTTP/1.1" 200 685
[13/Apr/2026 21:11:17] "GET /status/marketplaces/ HTTP/1.1" 200 685
[13/Apr/2026 21:11:20] "GET /status/marketplaces/ HTTP/1.1" 200 685
[13/Apr/2026 21:11:23] "GET /status/marketplaces/ HTTP/1.1" 200 685
[13/Apr/2026 21:11:26] "GET /status/marketplaces/ HTTP/1.1" 200 685
[13/Apr/2026 21:11:29] "GET /status/marketplaces/ HTTP/1.1" 200 685
[13/Apr/2026 21:11:32] "GET /status/marketplaces/ HTTP/1.1" 200 685
[13/Apr/2026 21:11:35] "GET /status/marketplaces/ HTTP/1.1" 200 685
[13/Apr/2026 21:11:38] "GET /status/marketplaces/ HTTP/1.1" 200 685
[13/Apr/2026 21:11:41] "GET /status/marketplaces/ HTTP/1.1" 200 685
[13/Apr/2026 21:11:44] "GET /status/marketplaces/ HTTP/1.1" 200 685
[13/Apr/2026 21:11:47] "GET /status/marketplaces/ HTTP/1.1" 200 685
[13/Apr/2026 21:11:50] "GET /status/marketplaces/ HTTP/1.1" 200 685
[13/Apr/2026 21:11:53] "GET /status/marketplaces/ HTTP/1.1" 200 685
[13/Apr/2026 21:11:56] "GET /status/marketplaces/ HTTP/1.1" 200 685
[13/Apr/2026 21:11:59] "GET /status/marketplaces/ HTTP/1.1" 200 685
[13/Apr/2026 21:12:02] "GET /status/marketplaces/ HTTP/1.1" 200 685
[13/Apr/2026 21:12:05] "GET /status/marketplaces/ HTTP/1.1" 200 685
[13/Apr/2026 21:12:08] "GET /status/marketplaces/ HTTP/1.1" 200 685
[13/Apr/2026 21:12:11] "GET /status/marketplaces/ HTTP/1.1" 200 685
[13/Apr/2026 21:12:14] "GET /status/marketplaces/ HTTP/1.1" 200 685
[13/Apr/2026 21:12:17] "GET /status/marketplaces/ HTTP/1.1" 200 685
[13/Apr/2026 21:12:20] "GET /status/marketplaces/ HTTP/1.1" 200 685
[13/Apr/2026 21:12:23] "GET /status/marketplaces/ HTTP/1.1" 200 685
[13/Apr/2026 21:12:26] "GET /status/marketplaces/ HTTP/1.1" 200 685
[13/Apr/2026 21:12:29] "GET /status/marketplaces/ HTTP/1.1" 200 685
[13/Apr/2026 21:12:32] "GET /status/marketplaces/ HTTP/1.1" 200 685
[13/Apr/2026 21:12:35] "GET /status/marketplaces/ HTTP/1.1" 200 685
[13/Apr/2026 21:12:38] "GET /status/marketplaces/ HTTP/1.1" 200 685
[13/Apr/2026 21:12:41] "GET /status/marketplaces/ HTTP/1.1" 200 685
[13/Apr/2026 21:12:44] "GET /status/marketplaces/ HTTP/1.1" 200 685
[13/Apr/2026 21:12:47] "GET /status/marketplaces/ HTTP/1.1" 200 685
[13/Apr/2026 21:12:50] "GET /status/marketplaces/ HTTP/1.1" 200 685
[13/Apr/2026 21:12:53] "GET /status/marketplaces/ HTTP/1.1" 200 685
[13/Apr/2026 21:12:56] "GET /status/marketplaces/ HTTP/1.1" 200 685
[13/Apr/2026 21:12:59] "GET /status/marketplaces/ HTTP/1.1" 200 685
[13/Apr/2026 21:13:02] "GET /status/marketplaces/ HTTP/1.1" 200 685
[13/Apr/2026 21:13:05] "GET /status/marketplaces/ HTTP/1.1" 200 685
[13/Apr/2026 21:13:08] "GET /status/marketplaces/ HTTP/1.1" 200 685
[13/Apr/2026 21:13:11] "GET /status/marketplaces/ HTTP/1.1" 200 685
[13/Apr/2026 21:13:14] "GET /status/marketplaces/ HTTP/1.1" 200 685
[13/Apr/2026 21:13:17] "GET /status/marketplaces/ HTTP/1.1" 200 685
[13/Apr/2026 21:13:20] "GET /status/marketplaces/ HTTP/1.1" 200 685
[13/Apr/2026 21:13:23] "GET /status/marketplaces/ HTTP/1.1" 200 685
[13/Apr/2026 21:13:26] "GET /status/marketplaces/ HTTP/1.1" 200 685
[13/Apr/2026 21:13:29] "GET /status/marketplaces/ HTTP/1.1" 200 685
[13/Apr/2026 21:13:32] "GET /status/marketplaces/ HTTP/1.1" 200 685
[13/Apr/2026 21:13:35] "GET /status/marketplaces/ HTTP/1.1" 200 685
[13/Apr/2026 21:13:38] "GET /status/marketplaces/ HTTP/1.1" 200 685
[13/Apr/2026 21:13:41] "GET /status/marketplaces/ HTTP/1.1" 200 685
[13/Apr/2026 21:13:44] "GET /status/marketplaces/ HTTP/1.1" 200 685
[13/Apr/2026 21:13:47] "GET /status/marketplaces/ HTTP/1.1" 200 685
[13/Apr/2026 21:13:50] "GET /status/marketplaces/ HTTP/1.1" 200 685
[13/Apr/2026 21:13:53] "GET /status/marketplaces/ HTTP/1.1" 200 685
[13/Apr/2026 21:13:56] "GET /status/marketplaces/ HTTP/1.1" 200 685
[13/Apr/2026 21:13:59] "GET /status/marketplaces/ HTTP/1.1" 200 685
[13/Apr/2026 21:14:02] "GET /status/marketplaces/ HTTP/1.1" 200 685
[13/Apr/2026 21:14:05] "GET /status/marketplaces/ HTTP/1.1" 200 685
[13/Apr/2026 21:14:08] "GET /status/marketplaces/ HTTP/1.1" 200 685
[13/Apr/2026 21:14:11] "GET /status/marketplaces/ HTTP/1.1" 200 685
[13/Apr/2026 21:14:14] "GET /status/marketplaces/ HTTP/1.1" 200 685
[13/Apr/2026 21:14:17] "GET /status/marketplaces/ HTTP/1.1" 200 685
[13/Apr/2026 21:14:20] "GET /status/marketplaces/ HTTP/1.1" 200 685
[13/Apr/2026 21:14:23] "GET /status/marketplaces/ HTTP/1.1" 200 685
[13/Apr/2026 21:14:26] "GET /status/marketplaces/ HTTP/1.1" 200 685
[13/Apr/2026 21:14:29] "GET /status/marketplaces/ HTTP/1.1" 200 685
[13/Apr/2026 21:14:32] "GET /status/marketplaces/ HTTP/1.1" 200 685
[13/Apr/2026 21:14:51] "GET /health/ HTTP/1.1" 200 56
[13/Apr/2026 21:14:51] "GET /status/marketplaces/ HTTP/1.1" 200 685
[13/Apr/2026 21:14:55] "GET /status/marketplaces/ HTTP/1.1" 200 685
[13/Apr/2026 21:14:58] "GET /status/marketplaces/ HTTP/1.1" 200 685
[13/Apr/2026 21:15:01] "GET /status/marketplaces/ HTTP/1.1" 200 685
[13/Apr/2026 21:15:04] "GET /status/marketplaces/ HTTP/1.1" 200 685
[13/Apr/2026 21:15:07] "GET /status/marketplaces/ HTTP/1.1" 200 685
[13/Apr/2026 21:15:19] "GET /status/marketplaces/ HTTP/1.1" 200 685
[13/Apr/2026 21:16:15] "GET /status/marketplaces/ HTTP/1.1" 200 685
[13/Apr/2026 21:16:15] "GET /status/marketplaces/ HTTP/1.1" 200 685
[13/Apr/2026 21:16:17] "GET /health/ HTTP/1.1" 200 56
[13/Apr/2026 21:16:17] "GET /health/ HTTP/1.1" 200 56
[13/Apr/2026 21:16:17] "GET /dataset/ HTTP/1.1" 200 556
[13/Apr/2026 21:16:17] "GET /status/marketplaces/ HTTP/1.1" 200 685
[13/Apr/2026 21:16:17] "GET /dataset/ HTTP/1.1" 200 556
[13/Apr/2026 21:16:17] "GET /status/marketplaces/ HTTP/1.1" 200 685
[13/Apr/2026 21:16:20] "GET /status/marketplaces/ HTTP/1.1" 200 685
[13/Apr/2026 21:16:23] "GET /status/marketplaces/ HTTP/1.1" 200 685
[13/Apr/2026 21:16:26] "GET /status/marketplaces/ HTTP/1.1" 200 685
[13/Apr/2026 21:16:29] "GET /status/marketplaces/ HTTP/1.1" 200 685
[13/Apr/2026 21:16:32] "GET /status/marketplaces/ HTTP/1.1" 200 685
[13/Apr/2026 21:16:35] "GET /status/marketplaces/ HTTP/1.1" 200 685
[13/Apr/2026 21:16:38] "GET /status/marketplaces/ HTTP/1.1" 200 685
[13/Apr/2026 21:16:41] "GET /status/marketplaces/ HTTP/1.1" 200 685
[13/Apr/2026 21:16:44] "GET /status/marketplaces/ HTTP/1.1" 200 685
[13/Apr/2026 21:16:47] "GET /status/marketplaces/ HTTP/1.1" 200 685
[13/Apr/2026 21:16:50] "GET /status/marketplaces/ HTTP/1.1" 200 685
[13/Apr/2026 21:16:53] "GET /status/marketplaces/ HTTP/1.1" 200 685
[13/Apr/2026 21:16:56] "GET /status/marketplaces/ HTTP/1.1" 200 685
[13/Apr/2026 21:16:59] "GET /status/marketplaces/ HTTP/1.1" 200 685
[13/Apr/2026 21:17:02] "GET /status/marketplaces/ HTTP/1.1" 200 685
[13/Apr/2026 21:17:05] "GET /status/marketplaces/ HTTP/1.1" 200 685
[13/Apr/2026 21:17:08] "GET /status/marketplaces/ HTTP/1.1" 200 685
[13/Apr/2026 21:17:11] "GET /status/marketplaces/ HTTP/1.1" 200 685
[13/Apr/2026 21:17:14] "GET /status/marketplaces/ HTTP/1.1" 200 685
[13/Apr/2026 21:17:17] "GET /status/marketplaces/ HTTP/1.1" 200 685
[13/Apr/2026 21:17:20] "GET /status/marketplaces/ HTTP/1.1" 200 685
[13/Apr/2026 21:17:23] "GET /status/marketplaces/ HTTP/1.1" 200 685
[13/Apr/2026 21:17:26] "GET /status/marketplaces/ HTTP/1.1" 200 685
[13/Apr/2026 21:17:29] "GET /status/marketplaces/ HTTP/1.1" 200 685
[13/Apr/2026 21:17:32] "GET /status/marketplaces/ HTTP/1.1" 200 685
[13/Apr/2026 21:18:19] "GET /status/marketplaces/ HTTP/1.1" 200 685
[13/Apr/2026 21:19:19] "GET /status/marketplaces/ HTTP/1.1" 200 685
[13/Apr/2026 21:20:11] "GET /status/marketplaces/ HTTP/1.1" 200 685
[13/Apr/2026 21:20:11] "GET /health/ HTTP/1.1" 200 56
[13/Apr/2026 21:20:11] "GET /status/marketplaces/ HTTP/1.1" 200 685
[13/Apr/2026 21:20:14] "GET /status/marketplaces/ HTTP/1.1" 200 685
[13/Apr/2026 21:20:16] "GET /health/ HTTP/1.1" 200 56
[13/Apr/2026 21:20:16] "GET /dataset/ HTTP/1.1" 200 556
[13/Apr/2026 21:20:16] "GET /health/ HTTP/1.1" 200 56
[13/Apr/2026 21:20:16] "GET /status/marketplaces/ HTTP/1.1" 200 685
[13/Apr/2026 21:20:16] "GET /dataset/ HTTP/1.1" 200 556
[13/Apr/2026 21:20:16] "GET /status/marketplaces/ HTTP/1.1" 200 685
[13/Apr/2026 21:20:19] "GET /status/marketplaces/ HTTP/1.1" 200 685
[13/Apr/2026 21:20:22] "GET /status/marketplaces/ HTTP/1.1" 200 685
[13/Apr/2026 21:20:25] "GET /status/marketplaces/ HTTP/1.1" 200 685
[13/Apr/2026 21:20:28] "GET /status/marketplaces/ HTTP/1.1" 200 685
[13/Apr/2026 21:20:31] "GET /status/marketplaces/ HTTP/1.1" 200 685
[13/Apr/2026 21:20:34] "GET /status/marketplaces/ HTTP/1.1" 200 685
[13/Apr/2026 21:20:37] "GET /status/marketplaces/ HTTP/1.1" 200 685
[13/Apr/2026 21:20:40] "GET /status/marketplaces/ HTTP/1.1" 200 685
[13/Apr/2026 21:20:43] "GET /status/marketplaces/ HTTP/1.1" 200 685
[13/Apr/2026 21:20:46] "GET /status/marketplaces/ HTTP/1.1" 200 685
[13/Apr/2026 21:20:49] "GET /status/marketplaces/ HTTP/1.1" 200 685
[13/Apr/2026 21:20:52] "GET /status/marketplaces/ HTTP/1.1" 200 685
[13/Apr/2026 21:20:55] "GET /status/marketplaces/ HTTP/1.1" 200 685
[13/Apr/2026 21:20:58] "GET /status/marketplaces/ HTTP/1.1" 200 685
[13/Apr/2026 21:21:01] "GET /status/marketplaces/ HTTP/1.1" 200 685
[13/Apr/2026 21:21:04] "GET /status/marketplaces/ HTTP/1.1" 200 685
[13/Apr/2026 21:21:07] "GET /status/marketplaces/ HTTP/1.1" 200 685
[13/Apr/2026 21:21:10] "GET /status/marketplaces/ HTTP/1.1" 200 685
[13/Apr/2026 21:21:13] "GET /status/marketplaces/ HTTP/1.1" 200 685
[13/Apr/2026 21:21:16] "GET /status/marketplaces/ HTTP/1.1" 200 685
[13/Apr/2026 21:21:19] "GET /status/marketplaces/ HTTP/1.1" 200 685
[13/Apr/2026 21:21:22] "GET /status/marketplaces/ HTTP/1.1" 200 685
[13/Apr/2026 21:21:25] "GET /status/marketplaces/ HTTP/1.1" 200 685
[13/Apr/2026 21:21:28] "GET /status/marketplaces/ HTTP/1.1" 200 685
[13/Apr/2026 21:21:31] "GET /status/marketplaces/ HTTP/1.1" 200 685
[13/Apr/2026 21:21:34] "GET /status/marketplaces/ HTTP/1.1" 200 685
[13/Apr/2026 21:21:37] "GET /status/marketplaces/ HTTP/1.1" 200 685
[13/Apr/2026 21:21:40] "GET /status/marketplaces/ HTTP/1.1" 200 685
[13/Apr/2026 21:21:43] "GET /status/marketplaces/ HTTP/1.1" 200 685
[13/Apr/2026 21:21:46] "GET /status/marketplaces/ HTTP/1.1" 200 685
[13/Apr/2026 21:21:49] "GET /status/marketplaces/ HTTP/1.1" 200 685
[13/Apr/2026 21:21:52] "GET /status/marketplaces/ HTTP/1.1" 200 685
[13/Apr/2026 21:22:19] "GET /status/marketplaces/ HTTP/1.1" 200 685
[13/Apr/2026 21:23:19] "GET /status/marketplaces/ HTTP/1.1" 200 685
[13/Apr/2026 21:23:34] "GET /status/marketplaces/ HTTP/1.1" 200 685
[13/Apr/2026 21:23:37] "GET /status/marketplaces/ HTTP/1.1" 200 685
[13/Apr/2026 21:23:37] "GET /health/ HTTP/1.1" 200 56
[13/Apr/2026 21:23:37] "GET /health/ HTTP/1.1" 200 56
[13/Apr/2026 21:23:37] "GET /dataset/ HTTP/1.1" 200 556
[13/Apr/2026 21:23:37] "GET /status/marketplaces/ HTTP/1.1" 200 685
[13/Apr/2026 21:23:37] "GET /dataset/ HTTP/1.1" 200 556
[13/Apr/2026 21:23:37] "GET /status/marketplaces/ HTTP/1.1" 200 685
[13/Apr/2026 21:23:40] "GET /status/marketplaces/ HTTP/1.1" 200 685
[13/Apr/2026 21:23:43] "GET /status/marketplaces/ HTTP/1.1" 200 685
[13/Apr/2026 21:23:46] "GET /status/marketplaces/ HTTP/1.1" 200 685
[13/Apr/2026 21:23:50] "GET /status/marketplaces/ HTTP/1.1" 200 685
[13/Apr/2026 21:23:52] "GET /status/marketplaces/ HTTP/1.1" 200 685
[13/Apr/2026 21:23:55] "GET /status/marketplaces/ HTTP/1.1" 200 685
[13/Apr/2026 21:23:58] "GET /status/marketplaces/ HTTP/1.1" 200 685
[13/Apr/2026 21:24:01] "GET /status/marketplaces/ HTTP/1.1" 200 685
[13/Apr/2026 21:24:04] "GET /status/marketplaces/ HTTP/1.1" 200 685
[13/Apr/2026 21:24:07] "GET /status/marketplaces/ HTTP/1.1" 200 685
[13/Apr/2026 21:24:10] "GET /status/marketplaces/ HTTP/1.1" 200 685
[13/Apr/2026 21:24:13] "GET /status/marketplaces/ HTTP/1.1" 200 685
[13/Apr/2026 21:24:16] "GET /status/marketplaces/ HTTP/1.1" 200 685
[13/Apr/2026 21:24:20] "GET /status/marketplaces/ HTTP/1.1" 200 685
[13/Apr/2026 21:24:23] "GET /status/marketplaces/ HTTP/1.1" 200 685
[13/Apr/2026 21:24:26] "GET /status/marketplaces/ HTTP/1.1" 200 685
[13/Apr/2026 21:24:29] "GET /status/marketplaces/ HTTP/1.1" 200 685
[13/Apr/2026 21:24:32] "GET /status/marketplaces/ HTTP/1.1" 200 685
[13/Apr/2026 21:24:35] "GET /status/marketplaces/ HTTP/1.1" 200 685
[13/Apr/2026 21:24:38] "GET /status/marketplaces/ HTTP/1.1" 200 685
[13/Apr/2026 21:24:41] "GET /status/marketplaces/ HTTP/1.1" 200 685
[13/Apr/2026 21:24:44] "GET /status/marketplaces/ HTTP/1.1" 200 685
[13/Apr/2026 21:24:47] "GET /status/marketplaces/ HTTP/1.1" 200 685
[13/Apr/2026 21:24:50] "GET /status/marketplaces/ HTTP/1.1" 200 685
[13/Apr/2026 21:24:52] "GET /status/marketplaces/ HTTP/1.1" 200 685
[13/Apr/2026 21:24:54] "GET /dataset/ HTTP/1.1" 200 556
[13/Apr/2026 21:24:54] "GET /health/ HTTP/1.1" 200 56
[13/Apr/2026 21:24:54] "GET /health/ HTTP/1.1" 200 56
[13/Apr/2026 21:24:54] "GET /status/marketplaces/ HTTP/1.1" 200 685
[13/Apr/2026 21:24:54] "GET /dataset/ HTTP/1.1" 200 556
[13/Apr/2026 21:24:54] "GET /status/marketplaces/ HTTP/1.1" 200 685
[13/Apr/2026 21:24:57] "GET /status/marketplaces/ HTTP/1.1" 200 685
[13/Apr/2026 21:24:58] "GET /health/ HTTP/1.1" 200 56
[13/Apr/2026 21:24:58] "GET /status/marketplaces/ HTTP/1.1" 200 685
[13/Apr/2026 21:25:01] "GET /status/marketplaces/ HTTP/1.1" 200 685
[13/Apr/2026 21:25:01] "POST /predict/ HTTP/1.1" 200 136
[13/Apr/2026 21:25:01] "POST /predict/marketplace/ HTTP/1.1" 201 374
[13/Apr/2026 21:25:01] "POST /predict/marketplace/ HTTP/1.1" 201 378
[13/Apr/2026 21:25:01] "GET /status/marketplaces/ HTTP/1.1" 200 685
[13/Apr/2026 21:25:04] "GET /status/marketplaces/ HTTP/1.1" 200 685
[13/Apr/2026 21:25:07] "GET /status/marketplaces/ HTTP/1.1" 200 685
[13/Apr/2026 21:25:11] "POST /predict/ HTTP/1.1" 200 136
[13/Apr/2026 21:25:11] "GET /status/marketplaces/ HTTP/1.1" 200 685
[13/Apr/2026 21:25:11] "POST /predict/marketplace/ HTTP/1.1" 201 374
[13/Apr/2026 21:25:11] "POST /predict/marketplace/ HTTP/1.1" 201 378
[13/Apr/2026 21:25:11] "GET /status/marketplaces/ HTTP/1.1" 200 685
[13/Apr/2026 21:25:13] "GET /status/marketplaces/ HTTP/1.1" 200 685
[13/Apr/2026 21:25:13] "POST /predict/ HTTP/1.1" 200 138
[13/Apr/2026 21:25:13] "POST /predict/marketplace/ HTTP/1.1" 201 378
[13/Apr/2026 21:25:13] "POST /predict/marketplace/ HTTP/1.1" 201 382
[13/Apr/2026 21:25:13] "GET /status/marketplaces/ HTTP/1.1" 200 693
[13/Apr/2026 21:25:16] "GET /status/marketplaces/ HTTP/1.1" 200 693
[13/Apr/2026 21:25:21] "GET /status/marketplaces/ HTTP/1.1" 200 693
[13/Apr/2026 21:25:23] "GET /status/marketplaces/ HTTP/1.1" 200 693
[13/Apr/2026 21:25:26] "GET /status/marketplaces/ HTTP/1.1" 200 693
[13/Apr/2026 21:25:28] "GET /status/marketplaces/ HTTP/1.1" 200 693
[13/Apr/2026 21:25:31] "GET /status/marketplaces/ HTTP/1.1" 200 693
[13/Apr/2026 21:25:34] "GET /status/marketplaces/ HTTP/1.1" 200 693
[13/Apr/2026 21:25:37] "GET /status/marketplaces/ HTTP/1.1" 200 693
[13/Apr/2026 21:25:40] "GET /status/marketplaces/ HTTP/1.1" 200 693
[13/Apr/2026 21:25:43] "GET /status/marketplaces/ HTTP/1.1" 200 693
[13/Apr/2026 21:25:46] "GET /status/marketplaces/ HTTP/1.1" 200 693
[13/Apr/2026 21:25:49] "GET /status/marketplaces/ HTTP/1.1" 200 693
[13/Apr/2026 21:25:52] "GET /status/marketplaces/ HTTP/1.1" 200 693
[13/Apr/2026 21:25:55] "GET /status/marketplaces/ HTTP/1.1" 200 693
[13/Apr/2026 21:25:58] "GET /status/marketplaces/ HTTP/1.1" 200 693
[13/Apr/2026 21:26:01] "GET /status/marketplaces/ HTTP/1.1" 200 693
[13/Apr/2026 21:26:03] "POST /predict/ HTTP/1.1" 200 136
[13/Apr/2026 21:26:03] "POST /predict/marketplace/ HTTP/1.1" 201 379
[13/Apr/2026 21:26:03] "POST /predict/marketplace/ HTTP/1.1" 201 383
[13/Apr/2026 21:26:03] "GET /status/marketplaces/ HTTP/1.1" 200 695
[13/Apr/2026 21:26:04] "GET /status/marketplaces/ HTTP/1.1" 200 695
[13/Apr/2026 21:26:07] "GET /status/marketplaces/ HTTP/1.1" 200 695
[13/Apr/2026 21:26:10] "GET /status/marketplaces/ HTTP/1.1" 200 695
[13/Apr/2026 21:26:13] "GET /status/marketplaces/ HTTP/1.1" 200 695
[13/Apr/2026 21:26:16] "GET /status/marketplaces/ HTTP/1.1" 200 695
[13/Apr/2026 21:26:19] "GET /status/marketplaces/ HTTP/1.1" 200 695
[13/Apr/2026 21:26:22] "GET /status/marketplaces/ HTTP/1.1" 200 695
[13/Apr/2026 21:26:25] "GET /status/marketplaces/ HTTP/1.1" 200 695
[13/Apr/2026 21:26:28] "GET /status/marketplaces/ HTTP/1.1" 200 695
[13/Apr/2026 21:26:31] "GET /status/marketplaces/ HTTP/1.1" 200 695
[13/Apr/2026 21:26:34] "GET /status/marketplaces/ HTTP/1.1" 200 695
[13/Apr/2026 21:26:37] "GET /status/marketplaces/ HTTP/1.1" 200 695
[13/Apr/2026 21:26:40] "GET /status/marketplaces/ HTTP/1.1" 200 695
[13/Apr/2026 21:26:43] "GET /status/marketplaces/ HTTP/1.1" 200 695
[13/Apr/2026 21:26:46] "GET /status/marketplaces/ HTTP/1.1" 200 695
[13/Apr/2026 21:26:49] "GET /status/marketplaces/ HTTP/1.1" 200 695
[13/Apr/2026 21:26:52] "GET /status/marketplaces/ HTTP/1.1" 200 695
[13/Apr/2026 21:26:55] "GET /status/marketplaces/ HTTP/1.1" 200 695
[13/Apr/2026 21:26:58] "GET /status/marketplaces/ HTTP/1.1" 200 695
[13/Apr/2026 21:27:01] "GET /status/marketplaces/ HTTP/1.1" 200 695
[13/Apr/2026 21:27:04] "GET /status/marketplaces/ HTTP/1.1" 200 695
[13/Apr/2026 21:27:07] "GET /status/marketplaces/ HTTP/1.1" 200 695
[13/Apr/2026 21:27:19] "GET /status/marketplaces/ HTTP/1.1" 200 695
[13/Apr/2026 21:28:03] "GET /health/ HTTP/1.1" 200 56
[13/Apr/2026 21:28:03] "GET /status/marketplaces/ HTTP/1.1" 200 695
[13/Apr/2026 21:28:07] "GET /status/marketplaces/ HTTP/1.1" 200 695
[13/Apr/2026 21:28:10] "GET /status/marketplaces/ HTTP/1.1" 200 695
[13/Apr/2026 21:28:13] "GET /status/marketplaces/ HTTP/1.1" 200 695
[13/Apr/2026 21:28:16] "GET /status/marketplaces/ HTTP/1.1" 200 695
[13/Apr/2026 21:28:19] "GET /status/marketplaces/ HTTP/1.1" 200 695
[13/Apr/2026 21:28:22] "GET /status/marketplaces/ HTTP/1.1" 200 695
[13/Apr/2026 21:29:19] "GET /status/marketplaces/ HTTP/1.1" 200 695
[13/Apr/2026 21:30:19] "GET /status/marketplaces/ HTTP/1.1" 200 695
[13/Apr/2026 21:31:57] "GET /status/marketplaces/ HTTP/1.1" 200 695
[13/Apr/2026 21:31:59] "GET /health/ HTTP/1.1" 200 56
[13/Apr/2026 21:31:59] "GET /dataset/ HTTP/1.1" 200 556
[13/Apr/2026 21:31:59] "GET /health/ HTTP/1.1" 200 56
[13/Apr/2026 21:31:59] "GET /status/marketplaces/ HTTP/1.1" 200 695
[13/Apr/2026 21:31:59] "GET /dataset/ HTTP/1.1" 200 556
[13/Apr/2026 21:31:59] "GET /status/marketplaces/ HTTP/1.1" 200 695
[13/Apr/2026 21:32:02] "GET /status/marketplaces/ HTTP/1.1" 200 695
[13/Apr/2026 21:32:05] "GET /status/marketplaces/ HTTP/1.1" 200 695
[13/Apr/2026 21:32:08] "GET /status/marketplaces/ HTTP/1.1" 200 695
[13/Apr/2026 21:32:11] "GET /status/marketplaces/ HTTP/1.1" 200 695
[13/Apr/2026 21:32:14] "GET /status/marketplaces/ HTTP/1.1" 200 695
[13/Apr/2026 21:32:17] "GET /status/marketplaces/ HTTP/1.1" 200 695
[13/Apr/2026 21:32:21] "GET /status/marketplaces/ HTTP/1.1" 200 695
[13/Apr/2026 21:32:24] "GET /status/marketplaces/ HTTP/1.1" 200 695
[13/Apr/2026 21:32:27] "GET /status/marketplaces/ HTTP/1.1" 200 695
[13/Apr/2026 21:32:30] "GET /status/marketplaces/ HTTP/1.1" 200 695
[13/Apr/2026 21:32:33] "GET /status/marketplaces/ HTTP/1.1" 200 695
[13/Apr/2026 21:32:36] "GET /status/marketplaces/ HTTP/1.1" 200 695
[13/Apr/2026 21:32:39] "GET /status/marketplaces/ HTTP/1.1" 200 695
[13/Apr/2026 21:32:42] "GET /status/marketplaces/ HTTP/1.1" 200 695
[13/Apr/2026 21:32:45] "GET /status/marketplaces/ HTTP/1.1" 200 695
[13/Apr/2026 21:32:48] "GET /status/marketplaces/ HTTP/1.1" 200 695
[13/Apr/2026 21:32:51] "GET /status/marketplaces/ HTTP/1.1" 200 695
[13/Apr/2026 21:32:54] "GET /status/marketplaces/ HTTP/1.1" 200 695
[13/Apr/2026 21:32:57] "GET /status/marketplaces/ HTTP/1.1" 200 695
[13/Apr/2026 21:33:00] "GET /status/marketplaces/ HTTP/1.1" 200 695
[13/Apr/2026 21:33:03] "GET /status/marketplaces/ HTTP/1.1" 200 695
[13/Apr/2026 21:33:06] "GET /status/marketplaces/ HTTP/1.1" 200 695
[13/Apr/2026 21:33:09] "GET /status/marketplaces/ HTTP/1.1" 200 695
[13/Apr/2026 21:33:12] "GET /status/marketplaces/ HTTP/1.1" 200 695
[13/Apr/2026 21:33:15] "GET /status/marketplaces/ HTTP/1.1" 200 695
[13/Apr/2026 21:33:18] "GET /status/marketplaces/ HTTP/1.1" 200 695
[13/Apr/2026 21:33:27] "GET /status/marketplaces/ HTTP/1.1" 200 695
[13/Apr/2026 21:33:29] "GET /status/marketplaces/ HTTP/1.1" 200 695
[13/Apr/2026 21:33:32] "GET /status/marketplaces/ HTTP/1.1" 200 695
[13/Apr/2026 21:33:35] "GET /status/marketplaces/ HTTP/1.1" 200 695
[13/Apr/2026 21:33:38] "GET /status/marketplaces/ HTTP/1.1" 200 695
[13/Apr/2026 21:33:41] "GET /status/marketplaces/ HTTP/1.1" 200 695
[13/Apr/2026 21:33:44] "GET /status/marketplaces/ HTTP/1.1" 200 695
[13/Apr/2026 21:33:47] "GET /status/marketplaces/ HTTP/1.1" 200 695
[13/Apr/2026 21:33:48] "POST /predict/ HTTP/1.1" 200 136
[13/Apr/2026 21:33:48] "POST /predict/marketplace/ HTTP/1.1" 201 378
[13/Apr/2026 21:33:48] "POST /predict/marketplace/ HTTP/1.1" 201 374
[13/Apr/2026 21:33:48] "GET /status/marketplaces/ HTTP/1.1" 200 685
[13/Apr/2026 21:33:50] "GET /status/marketplaces/ HTTP/1.1" 200 685
[13/Apr/2026 21:33:53] "POST /predict/ HTTP/1.1" 200 136
[13/Apr/2026 21:33:53] "POST /predict/marketplace/ HTTP/1.1" 201 378
[13/Apr/2026 21:33:53] "POST /predict/marketplace/ HTTP/1.1" 201 374
[13/Apr/2026 21:33:53] "GET /status/marketplaces/ HTTP/1.1" 200 685
[13/Apr/2026 21:33:53] "GET /status/marketplaces/ HTTP/1.1" 200 685
[13/Apr/2026 21:33:56] "GET /status/marketplaces/ HTTP/1.1" 200 685
[13/Apr/2026 21:33:59] "GET /status/marketplaces/ HTTP/1.1" 200 685
[13/Apr/2026 21:34:02] "GET /status/marketplaces/ HTTP/1.1" 200 685
[13/Apr/2026 21:34:05] "GET /status/marketplaces/ HTTP/1.1" 200 685
[13/Apr/2026 21:34:08] "GET /status/marketplaces/ HTTP/1.1" 200 685
[13/Apr/2026 21:34:11] "GET /status/marketplaces/ HTTP/1.1" 200 685
[13/Apr/2026 21:34:14] "GET /status/marketplaces/ HTTP/1.1" 200 685
[13/Apr/2026 21:34:17] "GET /status/marketplaces/ HTTP/1.1" 200 685
[13/Apr/2026 21:34:20] "GET /status/marketplaces/ HTTP/1.1" 200 685
[13/Apr/2026 21:34:23] "GET /status/marketplaces/ HTTP/1.1" 200 685
[13/Apr/2026 21:34:26] "GET /status/marketplaces/ HTTP/1.1" 200 685
[13/Apr/2026 21:34:29] "GET /status/marketplaces/ HTTP/1.1" 200 685
[13/Apr/2026 21:34:32] "GET /status/marketplaces/ HTTP/1.1" 200 685
[13/Apr/2026 21:34:35] "GET /status/marketplaces/ HTTP/1.1" 200 685
[13/Apr/2026 21:34:38] "GET /status/marketplaces/ HTTP/1.1" 200 685
[13/Apr/2026 21:34:40] "GET /health/ HTTP/1.1" 200 56
[13/Apr/2026 21:34:40] "GET /status/marketplaces/ HTTP/1.1" 200 685
[13/Apr/2026 21:34:43] "GET /status/marketplaces/ HTTP/1.1" 200 685
[13/Apr/2026 21:34:46] "GET /status/marketplaces/ HTTP/1.1" 200 685
[13/Apr/2026 21:34:49] "GET /status/marketplaces/ HTTP/1.1" 200 685
[13/Apr/2026 21:34:52] "GET /status/marketplaces/ HTTP/1.1" 200 685
[13/Apr/2026 21:34:55] "GET /status/marketplaces/ HTTP/1.1" 200 685
[13/Apr/2026 21:34:58] "GET /status/marketplaces/ HTTP/1.1" 200 685
[13/Apr/2026 21:35:01] "GET /status/marketplaces/ HTTP/1.1" 200 685
[13/Apr/2026 21:35:04] "GET /status/marketplaces/ HTTP/1.1" 200 685
[13/Apr/2026 21:35:07] "GET /status/marketplaces/ HTTP/1.1" 200 685
[13/Apr/2026 21:35:10] "GET /status/marketplaces/ HTTP/1.1" 200 685
[13/Apr/2026 21:35:13] "GET /status/marketplaces/ HTTP/1.1" 200 685
[13/Apr/2026 21:35:16] "GET /status/marketplaces/ HTTP/1.1" 200 685
[13/Apr/2026 21:35:19] "GET /status/marketplaces/ HTTP/1.1" 200 685
[13/Apr/2026 21:35:22] "GET /status/marketplaces/ HTTP/1.1" 200 685
[13/Apr/2026 21:35:25] "GET /status/marketplaces/ HTTP/1.1" 200 685
[13/Apr/2026 21:35:28] "GET /status/marketplaces/ HTTP/1.1" 200 685
[13/Apr/2026 21:35:31] "GET /status/marketplaces/ HTTP/1.1" 200 685
[13/Apr/2026 21:35:34] "GET /status/marketplaces/ HTTP/1.1" 200 685
[13/Apr/2026 21:35:37] "GET /status/marketplaces/ HTTP/1.1" 200 685
[13/Apr/2026 21:35:40] "GET /status/marketplaces/ HTTP/1.1" 200 685
[13/Apr/2026 21:35:43] "GET /status/marketplaces/ HTTP/1.1" 200 685
[13/Apr/2026 21:35:46] "GET /status/marketplaces/ HTTP/1.1" 200 685
[13/Apr/2026 21:35:49] "GET /status/marketplaces/ HTTP/1.1" 200 685
[13/Apr/2026 21:35:52] "GET /status/marketplaces/ HTTP/1.1" 200 685
[13/Apr/2026 21:35:55] "GET /status/marketplaces/ HTTP/1.1" 200 685
[13/Apr/2026 21:35:58] "GET /status/marketplaces/ HTTP/1.1" 200 685
[13/Apr/2026 21:36:01] "GET /status/marketplaces/ HTTP/1.1" 200 685
[13/Apr/2026 21:36:04] "GET /status/marketplaces/ HTTP/1.1" 200 685
[13/Apr/2026 21:36:07] "GET /status/marketplaces/ HTTP/1.1" 200 685
[13/Apr/2026 21:36:10] "GET /status/marketplaces/ HTTP/1.1" 200 685
[13/Apr/2026 21:36:13] "GET /status/marketplaces/ HTTP/1.1" 200 685
[13/Apr/2026 21:36:16] "GET /status/marketplaces/ HTTP/1.1" 200 685
[13/Apr/2026 21:36:19] "GET /status/marketplaces/ HTTP/1.1" 200 685
[13/Apr/2026 21:37:19] "GET /status/marketplaces/ HTTP/1.1" 200 685
[13/Apr/2026 21:37:19] "GET /health/ HTTP/1.1" 200 56
[13/Apr/2026 21:37:19] "GET /dataset/ HTTP/1.1" 200 556
[13/Apr/2026 21:37:19] "GET /status/marketplaces/ HTTP/1.1" 200 685
[13/Apr/2026 21:37:23] "GET /status/marketplaces/ HTTP/1.1" 200 685
[13/Apr/2026 21:37:26] "GET /status/marketplaces/ HTTP/1.1" 200 685
[13/Apr/2026 21:37:29] "GET /status/marketplaces/ HTTP/1.1" 200 685
[13/Apr/2026 21:37:32] "GET /status/marketplaces/ HTTP/1.1" 200 685
[13/Apr/2026 21:37:35] "GET /status/marketplaces/ HTTP/1.1" 200 685
[13/Apr/2026 21:38:01] "GET /status/marketplaces/ HTTP/1.1" 200 685
[13/Apr/2026 21:38:04] "GET /status/marketplaces/ HTTP/1.1" 200 685
[13/Apr/2026 21:38:07] "GET /status/marketplaces/ HTTP/1.1" 200 685
[13/Apr/2026 21:38:10] "GET /status/marketplaces/ HTTP/1.1" 200 685
[13/Apr/2026 21:38:13] "GET /status/marketplaces/ HTTP/1.1" 200 685
[13/Apr/2026 21:38:16] "GET /status/marketplaces/ HTTP/1.1" 200 685
[13/Apr/2026 21:38:20] "GET /status/marketplaces/ HTTP/1.1" 200 685
[13/Apr/2026 21:38:23] "GET /status/marketplaces/ HTTP/1.1" 200 685
[13/Apr/2026 21:38:26] "GET /status/marketplaces/ HTTP/1.1" 200 685
[13/Apr/2026 21:38:29] "GET /status/marketplaces/ HTTP/1.1" 200 685
[13/Apr/2026 21:38:32] "GET /status/marketplaces/ HTTP/1.1" 200 685
[13/Apr/2026 21:38:35] "GET /status/marketplaces/ HTTP/1.1" 200 685
[13/Apr/2026 21:38:38] "GET /status/marketplaces/ HTTP/1.1" 200 685
[13/Apr/2026 21:38:41] "GET /status/marketplaces/ HTTP/1.1" 200 685
[13/Apr/2026 21:38:44] "GET /status/marketplaces/ HTTP/1.1" 200 685
[13/Apr/2026 21:38:47] "GET /status/marketplaces/ HTTP/1.1" 200 685
[13/Apr/2026 21:38:50] "GET /status/marketplaces/ HTTP/1.1" 200 685
[13/Apr/2026 21:38:53] "GET /status/marketplaces/ HTTP/1.1" 200 685
[13/Apr/2026 21:38:56] "GET /status/marketplaces/ HTTP/1.1" 200 685
[13/Apr/2026 21:38:59] "GET /status/marketplaces/ HTTP/1.1" 200 685
[13/Apr/2026 21:39:02] "GET /status/marketplaces/ HTTP/1.1" 200 685
[13/Apr/2026 21:39:05] "GET /status/marketplaces/ HTTP/1.1" 200 685
[13/Apr/2026 21:39:08] "GET /status/marketplaces/ HTTP/1.1" 200 685
[13/Apr/2026 21:39:11] "GET /status/marketplaces/ HTTP/1.1" 200 685
[13/Apr/2026 21:39:14] "GET /status/marketplaces/ HTTP/1.1" 200 685
[13/Apr/2026 21:39:17] "GET /status/marketplaces/ HTTP/1.1" 200 685
[13/Apr/2026 21:39:29] "GET /status/marketplaces/ HTTP/1.1" 200 685
[13/Apr/2026 21:39:31] "GET /status/marketplaces/ HTTP/1.1" 200 685
[13/Apr/2026 21:39:34] "GET /status/marketplaces/ HTTP/1.1" 200 685
[13/Apr/2026 21:39:37] "GET /status/marketplaces/ HTTP/1.1" 200 685
[13/Apr/2026 21:39:41] "GET /status/marketplaces/ HTTP/1.1" 200 685
[13/Apr/2026 21:39:44] "GET /status/marketplaces/ HTTP/1.1" 200 685
[13/Apr/2026 21:39:47] "GET /status/marketplaces/ HTTP/1.1" 200 685
[13/Apr/2026 21:39:50] "GET /status/marketplaces/ HTTP/1.1" 200 685
[13/Apr/2026 21:39:53] "GET /status/marketplaces/ HTTP/1.1" 200 685
[13/Apr/2026 21:39:56] "GET /status/marketplaces/ HTTP/1.1" 200 685
[13/Apr/2026 21:39:59] "GET /status/marketplaces/ HTTP/1.1" 200 685
[13/Apr/2026 21:40:02] "GET /status/marketplaces/ HTTP/1.1" 200 685
[13/Apr/2026 21:40:05] "GET /status/marketplaces/ HTTP/1.1" 200 685
[13/Apr/2026 21:40:08] "GET /status/marketplaces/ HTTP/1.1" 200 685
[13/Apr/2026 21:40:11] "GET /status/marketplaces/ HTTP/1.1" 200 685
[13/Apr/2026 21:40:14] "GET /status/marketplaces/ HTTP/1.1" 200 685
[13/Apr/2026 21:40:17] "GET /status/marketplaces/ HTTP/1.1" 200 685
[13/Apr/2026 21:40:20] "GET /status/marketplaces/ HTTP/1.1" 200 685
[13/Apr/2026 21:40:23] "GET /status/marketplaces/ HTTP/1.1" 200 685
[13/Apr/2026 21:40:26] "GET /status/marketplaces/ HTTP/1.1" 200 685
[13/Apr/2026 21:40:29] "GET /status/marketplaces/ HTTP/1.1" 200 685
[13/Apr/2026 21:40:32] "GET /status/marketplaces/ HTTP/1.1" 200 685
[13/Apr/2026 21:40:35] "GET /status/marketplaces/ HTTP/1.1" 200 685
[13/Apr/2026 21:41:19] "GET /status/marketplaces/ HTTP/1.1" 200 685
[13/Apr/2026 21:42:19] "GET /status/marketplaces/ HTTP/1.1" 200 685
[13/Apr/2026 21:44:43] "GET /status/marketplaces/ HTTP/1.1" 200 685
[13/Apr/2026 21:44:43] "GET /status/marketplaces/ HTTP/1.1" 200 685
[13/Apr/2026 21:44:47] "GET /status/marketplaces/ HTTP/1.1" 200 685
[13/Apr/2026 21:44:50] "GET /status/marketplaces/ HTTP/1.1" 200 685
[13/Apr/2026 21:44:53] "GET /status/marketplaces/ HTTP/1.1" 200 685
[13/Apr/2026 21:44:56] "GET /status/marketplaces/ HTTP/1.1" 200 685
[13/Apr/2026 21:44:59] "GET /status/marketplaces/ HTTP/1.1" 200 685
[13/Apr/2026 21:45:02] "GET /status/marketplaces/ HTTP/1.1" 200 685
[13/Apr/2026 21:45:05] "GET /status/marketplaces/ HTTP/1.1" 200 685
[13/Apr/2026 21:45:07] "GET /status/marketplaces/ HTTP/1.1" 200 685
[13/Apr/2026 21:45:11] "GET /status/marketplaces/ HTTP/1.1" 200 685
[13/Apr/2026 21:45:14] "GET /status/marketplaces/ HTTP/1.1" 200 685
[13/Apr/2026 21:45:17] "GET /status/marketplaces/ HTTP/1.1" 200 685
[13/Apr/2026 21:45:20] "GET /status/marketplaces/ HTTP/1.1" 200 685
[13/Apr/2026 21:45:23] "GET /status/marketplaces/ HTTP/1.1" 200 685
[13/Apr/2026 21:45:26] "GET /status/marketplaces/ HTTP/1.1" 200 685
[13/Apr/2026 21:45:29] "GET /status/marketplaces/ HTTP/1.1" 200 685
[13/Apr/2026 21:45:32] "GET /status/marketplaces/ HTTP/1.1" 200 685
[13/Apr/2026 21:45:35] "GET /status/marketplaces/ HTTP/1.1" 200 685
[13/Apr/2026 21:45:38] "GET /status/marketplaces/ HTTP/1.1" 200 685
[13/Apr/2026 21:45:41] "GET /status/marketplaces/ HTTP/1.1" 200 685
[13/Apr/2026 21:45:44] "GET /status/marketplaces/ HTTP/1.1" 200 685
[13/Apr/2026 21:45:47] "GET /status/marketplaces/ HTTP/1.1" 200 685
[13/Apr/2026 21:45:50] "GET /status/marketplaces/ HTTP/1.1" 200 685
[13/Apr/2026 21:45:53] "GET /status/marketplaces/ HTTP/1.1" 200 685
[13/Apr/2026 21:45:56] "GET /status/marketplaces/ HTTP/1.1" 200 685
[13/Apr/2026 21:45:59] "GET /status/marketplaces/ HTTP/1.1" 200 685
[13/Apr/2026 21:46:02] "GET /status/marketplaces/ HTTP/1.1" 200 685
[13/Apr/2026 21:46:05] "GET /status/marketplaces/ HTTP/1.1" 200 685
