[07/Apr/2026 20:36:21] "GET /health/ HTTP/1.1" 200 56
[07/Apr/2026 20:36:21,402] - Broken pipe from ('127.0.0.1', 53139)
[07/Apr/2026 20:36:36] "GET /health/ HTTP/1.1" 200 56
[07/Apr/2026 20:36:37,133] - Broken pipe from ('127.0.0.1', 53143)
[07/Apr/2026 20:36:39] "POST /predict/ HTTP/1.1" 200 137
[07/Apr/2026 20:36:40,041] - Broken pipe from ('127.0.0.1', 53142)
[07/Apr/2026 20:37:39] "GET /health/ HTTP/1.1" 200 56
[07/Apr/2026 20:37:39] "GET /health/ HTTP/1.1" 200 56
[07/Apr/2026 20:37:39] "GET /dataset/ HTTP/1.1" 200 556
[07/Apr/2026 20:37:39] "GET /status/marketplaces/ HTTP/1.1" 200 687
[07/Apr/2026 20:37:39] "GET /dataset/ HTTP/1.1" 200 556
[07/Apr/2026 20:37:39] "GET /status/marketplaces/ HTTP/1.1" 200 687
[07/Apr/2026 20:37:42] "GET /status/marketplaces/ HTTP/1.1" 200 687
[07/Apr/2026 20:37:45] "OPTIONS /predict/ HTTP/1.1" 200 0
[07/Apr/2026 20:37:45] "POST /predict/ HTTP/1.1" 200 137
[07/Apr/2026 20:37:45] "OPTIONS /predict/marketplace/ HTTP/1.1" 200 0
[07/Apr/2026 20:37:45] "OPTIONS /predict/marketplace/ HTTP/1.1" 200 0
[07/Apr/2026 20:37:45] "POST /predict/marketplace/ HTTP/1.1" 201 379
[07/Apr/2026 20:37:45] "POST /predict/marketplace/ HTTP/1.1" 201 380
[07/Apr/2026 20:37:45] "GET /status/marketplaces/ HTTP/1.1" 200 692
[07/Apr/2026 20:37:45] "GET /status/marketplaces/ HTTP/1.1" 200 692
[07/Apr/2026 20:37:48] "GET /status/marketplaces/ HTTP/1.1" 200 692
[07/Apr/2026 20:37:51] "GET /status/marketplaces/ HTTP/1.1" 200 692
[07/Apr/2026 20:37:52] "POST /predict/ HTTP/1.1" 200 136
[07/Apr/2026 20:37:52] "POST /predict/marketplace/ HTTP/1.1" 201 379
[07/Apr/2026 20:37:52] "POST /predict/marketplace/ HTTP/1.1" 201 383
[07/Apr/2026 20:37:52] "GET /status/marketplaces/ HTTP/1.1" 200 695
[07/Apr/2026 20:37:54] "GET /status/marketplaces/ HTTP/1.1" 200 695
[07/Apr/2026 20:37:57] "GET /status/marketplaces/ HTTP/1.1" 200 695
[07/Apr/2026 20:37:58] "POST /predict/ HTTP/1.1" 200 136
[07/Apr/2026 20:37:58] "POST /predict/marketplace/ HTTP/1.1" 201 378
[07/Apr/2026 20:37:58] "POST /predict/marketplace/ HTTP/1.1" 201 374
[07/Apr/2026 20:37:58] "GET /status/marketplaces/ HTTP/1.1" 200 685
[07/Apr/2026 20:38:00] "GET /status/marketplaces/ HTTP/1.1" 200 685
[07/Apr/2026 20:38:01] "POST /predict/ HTTP/1.1" 200 137
[07/Apr/2026 20:38:01] "POST /predict/marketplace/ HTTP/1.1" 201 377
[07/Apr/2026 20:38:01] "POST /predict/marketplace/ HTTP/1.1" 201 381
[07/Apr/2026 20:38:01] "GET /status/marketplaces/ HTTP/1.1" 200 691
[07/Apr/2026 20:38:03] "GET /status/marketplaces/ HTTP/1.1" 200 691
[07/Apr/2026 20:38:03] "POST /predict/ HTTP/1.1" 200 137
[07/Apr/2026 20:38:04] "POST /predict/marketplace/ HTTP/1.1" 201 375
[07/Apr/2026 20:38:04] "POST /predict/marketplace/ HTTP/1.1" 201 379
[07/Apr/2026 20:38:04] "GET /status/marketplaces/ HTTP/1.1" 200 687
[07/Apr/2026 20:38:06] "GET /status/marketplaces/ HTTP/1.1" 200 687
[07/Apr/2026 20:38:07] "POST /predict/ HTTP/1.1" 200 137
[07/Apr/2026 20:38:07] "POST /predict/marketplace/ HTTP/1.1" 201 377
[07/Apr/2026 20:38:08] "POST /predict/marketplace/ HTTP/1.1" 201 381
[07/Apr/2026 20:38:08] "GET /status/marketplaces/ HTTP/1.1" 200 691
[07/Apr/2026 20:38:09] "POST /predict/ HTTP/1.1" 200 137
[07/Apr/2026 20:38:09] "POST /predict/marketplace/ HTTP/1.1" 201 375
[07/Apr/2026 20:38:09] "POST /predict/marketplace/ HTTP/1.1" 201 379
[07/Apr/2026 20:38:09] "GET /status/marketplaces/ HTTP/1.1" 200 687
[07/Apr/2026 20:38:09] "GET /status/marketplaces/ HTTP/1.1" 200 687
[07/Apr/2026 20:38:12] "POST /predict/ HTTP/1.1" 200 137
[07/Apr/2026 20:38:12] "POST /predict/marketplace/ HTTP/1.1" 201 377
[07/Apr/2026 20:38:12] "POST /predict/marketplace/ HTTP/1.1" 201 381
[07/Apr/2026 20:38:12] "GET /status/marketplaces/ HTTP/1.1" 200 691
[07/Apr/2026 20:38:12] "GET /status/marketplaces/ HTTP/1.1" 200 691
[07/Apr/2026 20:38:13] "POST /predict/ HTTP/1.1" 200 137
[07/Apr/2026 20:38:13] "POST /predict/marketplace/ HTTP/1.1" 201 375
[07/Apr/2026 20:38:13] "POST /predict/marketplace/ HTTP/1.1" 201 379
[07/Apr/2026 20:38:13] "GET /status/marketplaces/ HTTP/1.1" 200 687
[07/Apr/2026 20:38:15] "GET /status/marketplaces/ HTTP/1.1" 200 687
[07/Apr/2026 20:38:18] "GET /status/marketplaces/ HTTP/1.1" 200 687
[07/Apr/2026 20:38:21] "GET /status/marketplaces/ HTTP/1.1" 200 687
[07/Apr/2026 20:38:24] "GET /status/marketplaces/ HTTP/1.1" 200 687
[07/Apr/2026 20:38:27] "GET /status/marketplaces/ HTTP/1.1" 200 687
[07/Apr/2026 20:38:30] "GET /status/marketplaces/ HTTP/1.1" 200 687
[07/Apr/2026 20:38:33] "POST /predict/ HTTP/1.1" 200 137
[07/Apr/2026 20:38:33] "POST /predict/marketplace/ HTTP/1.1" 201 380
[07/Apr/2026 20:38:33] "POST /predict/marketplace/ HTTP/1.1" 201 384
[07/Apr/2026 20:38:33] "GET /status/marketplaces/ HTTP/1.1" 200 697
[07/Apr/2026 20:38:33] "GET /status/marketplaces/ HTTP/1.1" 200 697
[07/Apr/2026 20:38:36] "GET /status/marketplaces/ HTTP/1.1" 200 697
[07/Apr/2026 20:38:39] "GET /status/marketplaces/ HTTP/1.1" 200 697
[07/Apr/2026 20:38:42] "GET /status/marketplaces/ HTTP/1.1" 200 697
[07/Apr/2026 20:38:45] "GET /status/marketplaces/ HTTP/1.1" 200 697
[07/Apr/2026 20:38:48] "GET /status/marketplaces/ HTTP/1.1" 200 697
[07/Apr/2026 20:38:51] "GET /status/marketplaces/ HTTP/1.1" 200 697
[07/Apr/2026 20:38:54] "GET /status/marketplaces/ HTTP/1.1" 200 697
[07/Apr/2026 20:38:57] "GET /status/marketplaces/ HTTP/1.1" 200 697
[07/Apr/2026 20:39:00] "GET /status/marketplaces/ HTTP/1.1" 200 697
[07/Apr/2026 20:39:03] "GET /status/marketplaces/ HTTP/1.1" 200 697
[07/Apr/2026 20:39:04] "POST /predict/ HTTP/1.1" 200 137
[07/Apr/2026 20:39:04] "POST /predict/marketplace/ HTTP/1.1" 201 380
[07/Apr/2026 20:39:04] "POST /predict/marketplace/ HTTP/1.1" 201 384
[07/Apr/2026 20:39:04] "GET /status/marketplaces/ HTTP/1.1" 200 697
[07/Apr/2026 20:39:06] "GET /status/marketplaces/ HTTP/1.1" 200 697
[07/Apr/2026 20:39:08] "POST /predict/ HTTP/1.1" 200 137
[07/Apr/2026 20:39:08] "POST /predict/marketplace/ HTTP/1.1" 201 375
[07/Apr/2026 20:39:08] "POST /predict/marketplace/ HTTP/1.1" 201 379
[07/Apr/2026 20:39:08] "GET /status/marketplaces/ HTTP/1.1" 200 687
[07/Apr/2026 20:39:09] "GET /status/marketplaces/ HTTP/1.1" 200 687
[07/Apr/2026 20:39:12] "GET /status/marketplaces/ HTTP/1.1" 200 687
[07/Apr/2026 20:39:15] "GET /status/marketplaces/ HTTP/1.1" 200 687
[07/Apr/2026 20:39:18] "GET /status/marketplaces/ HTTP/1.1" 200 687
[07/Apr/2026 20:39:21] "GET /status/marketplaces/ HTTP/1.1" 200 687
[07/Apr/2026 20:39:24] "GET /status/marketplaces/ HTTP/1.1" 200 687
[07/Apr/2026 20:39:27] "GET /status/marketplaces/ HTTP/1.1" 200 687
[07/Apr/2026 20:39:30] "GET /status/marketplaces/ HTTP/1.1" 200 687
[07/Apr/2026 20:39:33] "GET /status/marketplaces/ HTTP/1.1" 200 687
[07/Apr/2026 20:39:36] "GET /status/marketplaces/ HTTP/1.1" 200 687
[07/Apr/2026 20:39:39] "GET /status/marketplaces/ HTTP/1.1" 200 687
[07/Apr/2026 20:39:42] "GET /status/marketplaces/ HTTP/1.1" 200 687
[07/Apr/2026 20:39:42] "POST /predict/ HTTP/1.1" 200 140
[07/Apr/2026 20:39:43] "POST /predict/marketplace/ HTTP/1.1" 201 380
[07/Apr/2026 20:39:43] "POST /predict/marketplace/ HTTP/1.1" 201 384
[07/Apr/2026 20:39:43] "GET /status/marketplaces/ HTTP/1.1" 200 697
[07/Apr/2026 20:39:45] "GET /status/marketplaces/ HTTP/1.1" 200 697
[07/Apr/2026 20:39:48] "POST /predict/marketplace/ HTTP/1.1" 201 382
[07/Apr/2026 20:39:48] "GET /status/marketplaces/ HTTP/1.1" 200 695
[07/Apr/2026 20:39:48] "GET /status/marketplaces/ HTTP/1.1" 200 695
[07/Apr/2026 20:39:50] "POST /predict/marketplace/ HTTP/1.1" 201 378
[07/Apr/2026 20:39:50] "GET /status/marketplaces/ HTTP/1.1" 200 693
[07/Apr/2026 20:39:51] "POST /predict/marketplace/ HTTP/1.1" 201 382
[07/Apr/2026 20:39:51] "GET /status/marketplaces/ HTTP/1.1" 200 693
[07/Apr/2026 20:39:51] "GET /status/marketplaces/ HTTP/1.1" 200 693
[07/Apr/2026 20:39:52] "POST /predict/marketplace/ HTTP/1.1" 201 382
[07/Apr/2026 20:39:52] "GET /status/marketplaces/ HTTP/1.1" 200 693
[07/Apr/2026 20:39:53] "POST /predict/marketplace/ HTTP/1.1" 201 378
[07/Apr/2026 20:39:53] "GET /status/marketplaces/ HTTP/1.1" 200 693
[07/Apr/2026 20:39:54] "GET /status/marketplaces/ HTTP/1.1" 200 693
[07/Apr/2026 20:39:55] "POST /predict/ HTTP/1.1" 200 140
[07/Apr/2026 20:39:55] "POST /predict/marketplace/ HTTP/1.1" 201 382
[07/Apr/2026 20:39:55] "POST /predict/marketplace/ HTTP/1.1" 201 378
[07/Apr/2026 20:39:55] "GET /status/marketplaces/ HTTP/1.1" 200 693
[07/Apr/2026 20:39:57] "GET /status/marketplaces/ HTTP/1.1" 200 693
[07/Apr/2026 20:39:59] "POST /predict/ HTTP/1.1" 200 140
[07/Apr/2026 20:39:59] "POST /predict/marketplace/ HTTP/1.1" 201 378
[07/Apr/2026 20:39:59] "POST /predict/marketplace/ HTTP/1.1" 201 382
[07/Apr/2026 20:39:59] "GET /status/marketplaces/ HTTP/1.1" 200 693
[07/Apr/2026 20:40:00] "GET /status/marketplaces/ HTTP/1.1" 200 693
[07/Apr/2026 20:40:03] "POST /predict/ HTTP/1.1" 200 136
[07/Apr/2026 20:40:03] "POST /predict/marketplace/ HTTP/1.1" 201 379
[07/Apr/2026 20:40:03] "POST /predict/marketplace/ HTTP/1.1" 201 383
[07/Apr/2026 20:40:03] "GET /status/marketplaces/ HTTP/1.1" 200 695
[07/Apr/2026 20:40:03] "GET /status/marketplaces/ HTTP/1.1" 200 695
[07/Apr/2026 20:40:04] "POST /predict/ HTTP/1.1" 200 137
[07/Apr/2026 20:40:04] "POST /predict/marketplace/ HTTP/1.1" 201 377
[07/Apr/2026 20:40:04] "POST /predict/marketplace/ HTTP/1.1" 201 381
[07/Apr/2026 20:40:04] "GET /status/marketplaces/ HTTP/1.1" 200 691
[07/Apr/2026 20:40:05] "POST /predict/ HTTP/1.1" 200 137
[07/Apr/2026 20:40:05] "POST /predict/marketplace/ HTTP/1.1" 201 381
[07/Apr/2026 20:40:05] "POST /predict/marketplace/ HTTP/1.1" 201 377
[07/Apr/2026 20:40:05] "GET /status/marketplaces/ HTTP/1.1" 200 691
[07/Apr/2026 20:40:06] "POST /predict/ HTTP/1.1" 200 137
[07/Apr/2026 20:40:06] "POST /predict/marketplace/ HTTP/1.1" 201 377
[07/Apr/2026 20:40:06] "POST /predict/marketplace/ HTTP/1.1" 201 381
[07/Apr/2026 20:40:06] "GET /status/marketplaces/ HTTP/1.1" 200 691
[07/Apr/2026 20:40:06] "GET /status/marketplaces/ HTTP/1.1" 200 691
[07/Apr/2026 20:40:07] "POST /predict/ HTTP/1.1" 200 136
[07/Apr/2026 20:40:07] "POST /predict/marketplace/ HTTP/1.1" 201 379
[07/Apr/2026 20:40:07] "POST /predict/marketplace/ HTTP/1.1" 201 383
[07/Apr/2026 20:40:07] "GET /status/marketplaces/ HTTP/1.1" 200 695
[07/Apr/2026 20:40:09] "POST /predict/ HTTP/1.1" 200 137
[07/Apr/2026 20:40:09] "POST /predict/marketplace/ HTTP/1.1" 201 381
[07/Apr/2026 20:40:09] "POST /predict/marketplace/ HTTP/1.1" 201 377
[07/Apr/2026 20:40:09] "GET /status/marketplaces/ HTTP/1.1" 200 693
[07/Apr/2026 20:40:09] "GET /status/marketplaces/ HTTP/1.1" 200 691
[07/Apr/2026 20:40:10] "POST /predict/ HTTP/1.1" 200 137
[07/Apr/2026 20:40:11] "POST /predict/marketplace/ HTTP/1.1" 201 377
[07/Apr/2026 20:40:11] "POST /predict/marketplace/ HTTP/1.1" 201 381
[07/Apr/2026 20:40:11] "GET /status/marketplaces/ HTTP/1.1" 200 691
[07/Apr/2026 20:40:12] "POST /predict/ HTTP/1.1" 200 137
[07/Apr/2026 20:40:12] "POST /predict/marketplace/ HTTP/1.1" 201 377
[07/Apr/2026 20:40:12] "POST /predict/marketplace/ HTTP/1.1" 201 381
[07/Apr/2026 20:40:12] "GET /status/marketplaces/ HTTP/1.1" 200 691
[07/Apr/2026 20:40:12] "GET /status/marketplaces/ HTTP/1.1" 200 691
[07/Apr/2026 20:40:13] "POST /predict/ HTTP/1.1" 200 136
[07/Apr/2026 20:40:13] "POST /predict/marketplace/ HTTP/1.1" 201 379
[07/Apr/2026 20:40:13] "POST /predict/marketplace/ HTTP/1.1" 201 383
[07/Apr/2026 20:40:13] "GET /status/marketplaces/ HTTP/1.1" 200 695
[07/Apr/2026 20:40:15] "POST /predict/ HTTP/1.1" 200 136
[07/Apr/2026 20:40:15] "GET /status/marketplaces/ HTTP/1.1" 200 695
[07/Apr/2026 20:40:15] "POST /predict/marketplace/ HTTP/1.1" 201 374
[07/Apr/2026 20:40:15] "POST /predict/marketplace/ HTTP/1.1" 201 378
[07/Apr/2026 20:40:16] "GET /status/marketplaces/ HTTP/1.1" 200 685
[07/Apr/2026 20:40:18] "POST /predict/ HTTP/1.1" 200 136
[07/Apr/2026 20:40:18] "POST /predict/marketplace/ HTTP/1.1" 201 374
[07/Apr/2026 20:40:18] "POST /predict/marketplace/ HTTP/1.1" 201 378
[07/Apr/2026 20:40:18] "GET /status/marketplaces/ HTTP/1.1" 200 685
[07/Apr/2026 20:40:19] "GET /status/marketplaces/ HTTP/1.1" 200 685
[07/Apr/2026 20:40:21] "GET /status/marketplaces/ HTTP/1.1" 200 685
[07/Apr/2026 20:40:24] "GET /status/marketplaces/ HTTP/1.1" 200 685
[07/Apr/2026 20:40:27] "GET /health/ HTTP/1.1" 200 56
[07/Apr/2026 20:40:27] "GET /dataset/ HTTP/1.1" 200 556
[07/Apr/2026 20:40:27] "GET /health/ HTTP/1.1" 200 56
[07/Apr/2026 20:40:27] "GET /status/marketplaces/ HTTP/1.1" 200 685
[07/Apr/2026 20:40:27] "GET /dataset/ HTTP/1.1" 200 556
[07/Apr/2026 20:40:27] "GET /status/marketplaces/ HTTP/1.1" 200 685
[07/Apr/2026 20:40:30] "GET /status/marketplaces/ HTTP/1.1" 200 685
[07/Apr/2026 20:40:32] "POST /predict/ HTTP/1.1" 200 137
[07/Apr/2026 20:40:32] "POST /predict/marketplace/ HTTP/1.1" 201 377
[07/Apr/2026 20:40:32] "POST /predict/marketplace/ HTTP/1.1" 201 381
[07/Apr/2026 20:40:32] "GET /status/marketplaces/ HTTP/1.1" 200 691
[07/Apr/2026 20:40:33] "GET /status/marketplaces/ HTTP/1.1" 200 691
[07/Apr/2026 20:40:36] "GET /status/marketplaces/ HTTP/1.1" 200 691
[07/Apr/2026 20:40:39] "GET /status/marketplaces/ HTTP/1.1" 200 691
[07/Apr/2026 20:40:41] "POST /predict/ HTTP/1.1" 200 137
[07/Apr/2026 20:40:41] "POST /predict/marketplace/ HTTP/1.1" 201 375
[07/Apr/2026 20:40:41] "POST /predict/marketplace/ HTTP/1.1" 201 379
[07/Apr/2026 20:40:41] "GET /status/marketplaces/ HTTP/1.1" 200 687
[07/Apr/2026 20:40:41] "POST /predict/ HTTP/1.1" 200 137
[07/Apr/2026 20:40:41] "POST /predict/marketplace/ HTTP/1.1" 201 375
[07/Apr/2026 20:40:41] "POST /predict/marketplace/ HTTP/1.1" 201 379
[07/Apr/2026 20:40:41] "GET /status/marketplaces/ HTTP/1.1" 200 687
[07/Apr/2026 20:40:42] "GET /status/marketplaces/ HTTP/1.1" 200 687
[07/Apr/2026 20:40:45] "GET /status/marketplaces/ HTTP/1.1" 200 687
[07/Apr/2026 20:40:46] "POST /predict/ HTTP/1.1" 200 137
[07/Apr/2026 20:40:46] "POST /predict/marketplace/ HTTP/1.1" 201 375
[07/Apr/2026 20:40:46] "POST /predict/marketplace/ HTTP/1.1" 201 379
[07/Apr/2026 20:40:46] "GET /status/marketplaces/ HTTP/1.1" 200 687
[07/Apr/2026 20:40:46] "POST /predict/ HTTP/1.1" 200 137
[07/Apr/2026 20:40:46] "POST /predict/marketplace/ HTTP/1.1" 201 375
[07/Apr/2026 20:40:46] "POST /predict/marketplace/ HTTP/1.1" 201 379
[07/Apr/2026 20:40:46] "GET /status/marketplaces/ HTTP/1.1" 200 687
[07/Apr/2026 20:40:47] "POST /predict/ HTTP/1.1" 200 137
[07/Apr/2026 20:40:47] "POST /predict/marketplace/ HTTP/1.1" 201 375
[07/Apr/2026 20:40:47] "POST /predict/marketplace/ HTTP/1.1" 201 379
[07/Apr/2026 20:40:47] "GET /status/marketplaces/ HTTP/1.1" 200 687
[07/Apr/2026 20:40:47] "POST /predict/ HTTP/1.1" 200 137
[07/Apr/2026 20:40:47] "POST /predict/marketplace/ HTTP/1.1" 201 375
[07/Apr/2026 20:40:47] "POST /predict/marketplace/ HTTP/1.1" 201 379
[07/Apr/2026 20:40:47] "GET /status/marketplaces/ HTTP/1.1" 200 687
[07/Apr/2026 20:40:47] "POST /predict/ HTTP/1.1" 200 137
[07/Apr/2026 20:40:48] "POST /predict/marketplace/ HTTP/1.1" 201 375
[07/Apr/2026 20:40:48] "POST /predict/marketplace/ HTTP/1.1" 201 379
[07/Apr/2026 20:40:48] "GET /status/marketplaces/ HTTP/1.1" 200 687
[07/Apr/2026 20:40:48] "GET /status/marketplaces/ HTTP/1.1" 200 687
[07/Apr/2026 20:40:48] "POST /predict/ HTTP/1.1" 200 137
[07/Apr/2026 20:40:48] "POST /predict/marketplace/ HTTP/1.1" 201 379
[07/Apr/2026 20:40:48] "POST /predict/marketplace/ HTTP/1.1" 201 375
[07/Apr/2026 20:40:48] "GET /status/marketplaces/ HTTP/1.1" 200 687
[07/Apr/2026 20:40:50] "POST /predict/ HTTP/1.1" 200 137
[07/Apr/2026 20:40:50] "POST /predict/marketplace/ HTTP/1.1" 201 375
[07/Apr/2026 20:40:50] "POST /predict/marketplace/ HTTP/1.1" 201 379
[07/Apr/2026 20:40:50] "GET /status/marketplaces/ HTTP/1.1" 200 687
[07/Apr/2026 20:40:50] "POST /predict/ HTTP/1.1" 200 137
[07/Apr/2026 20:40:50] "POST /predict/marketplace/ HTTP/1.1" 201 375
[07/Apr/2026 20:40:50] "POST /predict/marketplace/ HTTP/1.1" 201 379
[07/Apr/2026 20:40:50] "GET /status/marketplaces/ HTTP/1.1" 200 687
[07/Apr/2026 20:40:50] "POST /predict/ HTTP/1.1" 200 137
[07/Apr/2026 20:40:50] "POST /predict/marketplace/ HTTP/1.1" 201 375
[07/Apr/2026 20:40:50] "POST /predict/marketplace/ HTTP/1.1" 201 379
[07/Apr/2026 20:40:50] "GET /status/marketplaces/ HTTP/1.1" 200 687
[07/Apr/2026 20:40:51] "GET /status/marketplaces/ HTTP/1.1" 200 687
[07/Apr/2026 20:40:54] "GET /status/marketplaces/ HTTP/1.1" 200 687
[07/Apr/2026 20:40:57] "GET /status/marketplaces/ HTTP/1.1" 200 687
[07/Apr/2026 20:41:00] "GET /status/marketplaces/ HTTP/1.1" 200 687
[07/Apr/2026 20:41:03] "GET /status/marketplaces/ HTTP/1.1" 200 687
[07/Apr/2026 20:41:06] "GET /status/marketplaces/ HTTP/1.1" 200 687
[07/Apr/2026 20:41:09] "GET /status/marketplaces/ HTTP/1.1" 200 687
[07/Apr/2026 20:41:12] "GET /status/marketplaces/ HTTP/1.1" 200 687
[07/Apr/2026 20:41:15] "GET /status/marketplaces/ HTTP/1.1" 200 687
[07/Apr/2026 20:41:18] "GET /status/marketplaces/ HTTP/1.1" 200 687
[07/Apr/2026 20:41:21] "GET /status/marketplaces/ HTTP/1.1" 200 687
[07/Apr/2026 20:41:24] "GET /status/marketplaces/ HTTP/1.1" 200 687
[07/Apr/2026 20:41:27] "GET /status/marketplaces/ HTTP/1.1" 200 687
[07/Apr/2026 20:41:30] "GET /status/marketplaces/ HTTP/1.1" 200 687
[07/Apr/2026 20:41:33] "GET /status/marketplaces/ HTTP/1.1" 200 687
[07/Apr/2026 20:41:36] "GET /status/marketplaces/ HTTP/1.1" 200 687
[07/Apr/2026 20:41:39] "GET /status/marketplaces/ HTTP/1.1" 200 687
[07/Apr/2026 20:41:42] "GET /status/marketplaces/ HTTP/1.1" 200 687
[07/Apr/2026 20:41:45] "GET /status/marketplaces/ HTTP/1.1" 200 687
[07/Apr/2026 20:41:48] "GET /status/marketplaces/ HTTP/1.1" 200 687
[07/Apr/2026 20:41:51] "GET /status/marketplaces/ HTTP/1.1" 200 687
[07/Apr/2026 20:41:54] "GET /status/marketplaces/ HTTP/1.1" 200 687
[07/Apr/2026 20:41:57] "GET /status/marketplaces/ HTTP/1.1" 200 687
[07/Apr/2026 20:42:00] "GET /status/marketplaces/ HTTP/1.1" 200 687
[07/Apr/2026 20:42:03] "GET /status/marketplaces/ HTTP/1.1" 200 687
[07/Apr/2026 20:42:06] "GET /status/marketplaces/ HTTP/1.1" 200 687
[07/Apr/2026 20:42:09] "GET /status/marketplaces/ HTTP/1.1" 200 687
[07/Apr/2026 20:42:12] "GET /status/marketplaces/ HTTP/1.1" 200 687
[07/Apr/2026 20:42:15] "GET /status/marketplaces/ HTTP/1.1" 200 687
[07/Apr/2026 20:42:18] "GET /status/marketplaces/ HTTP/1.1" 200 687
[07/Apr/2026 20:42:21] "GET /status/marketplaces/ HTTP/1.1" 200 687
[07/Apr/2026 20:42:24] "GET /status/marketplaces/ HTTP/1.1" 200 687
[07/Apr/2026 20:42:27] "GET /status/marketplaces/ HTTP/1.1" 200 687
[07/Apr/2026 20:42:30] "GET /status/marketplaces/ HTTP/1.1" 200 687
[07/Apr/2026 20:42:33] "GET /status/marketplaces/ HTTP/1.1" 200 687
[07/Apr/2026 20:42:36] "GET /status/marketplaces/ HTTP/1.1" 200 687
[07/Apr/2026 20:42:39] "GET /status/marketplaces/ HTTP/1.1" 200 687
[07/Apr/2026 20:42:42] "GET /status/marketplaces/ HTTP/1.1" 200 687
[07/Apr/2026 20:43:19] "GET /status/marketplaces/ HTTP/1.1" 200 687
[07/Apr/2026 20:44:19] "GET /status/marketplaces/ HTTP/1.1" 200 687
[07/Apr/2026 20:45:19] "GET /status/marketplaces/ HTTP/1.1" 200 687
[07/Apr/2026 20:46:19] "GET /status/marketplaces/ HTTP/1.1" 200 687
[07/Apr/2026 20:47:19] "GET /status/marketplaces/ HTTP/1.1" 200 687
[07/Apr/2026 20:48:19] "GET /status/marketplaces/ HTTP/1.1" 200 687
[07/Apr/2026 20:49:19] "GET /status/marketplaces/ HTTP/1.1" 200 687
[07/Apr/2026 20:49:50] "POST /predict/ HTTP/1.1" 200 136
[07/Apr/2026 20:49:50,716] - Broken pipe from ('127.0.0.1', 61522)
[07/Apr/2026 20:50:19] "GET /status/marketplaces/ HTTP/1.1" 200 687
[07/Apr/2026 20:51:19] "GET /status/marketplaces/ HTTP/1.1" 200 687
[07/Apr/2026 20:52:10] "GET /status/marketplaces/ HTTP/1.1" 200 687
[07/Apr/2026 20:52:12] "GET /status/marketplaces/ HTTP/1.1" 200 687
[07/Apr/2026 20:52:15] "GET /status/marketplaces/ HTTP/1.1" 200 687
[07/Apr/2026 20:52:18] "GET /status/marketplaces/ HTTP/1.1" 200 687
[07/Apr/2026 20:52:21] "GET /status/marketplaces/ HTTP/1.1" 200 687
[07/Apr/2026 20:52:24] "GET /status/marketplaces/ HTTP/1.1" 200 687
[07/Apr/2026 20:52:27] "GET /status/marketplaces/ HTTP/1.1" 200 687
[07/Apr/2026 20:52:30] "GET /status/marketplaces/ HTTP/1.1" 200 687
[07/Apr/2026 20:52:33] "GET /status/marketplaces/ HTTP/1.1" 200 687
[07/Apr/2026 20:52:36] "GET /status/marketplaces/ HTTP/1.1" 200 687
[07/Apr/2026 20:52:39] "GET /status/marketplaces/ HTTP/1.1" 200 687
[07/Apr/2026 20:52:42] "GET /status/marketplaces/ HTTP/1.1" 200 687
[07/Apr/2026 20:52:45] "GET /status/marketplaces/ HTTP/1.1" 200 687
[07/Apr/2026 20:52:48] "GET /status/marketplaces/ HTTP/1.1" 200 687
[07/Apr/2026 20:52:51] "GET /status/marketplaces/ HTTP/1.1" 200 687
[07/Apr/2026 20:52:54] "GET /status/marketplaces/ HTTP/1.1" 200 687
[07/Apr/2026 20:52:56] "POST /predict/ HTTP/1.1" 200 136
[07/Apr/2026 20:52:56] "POST /predict/marketplace/ HTTP/1.1" 201 379
[07/Apr/2026 20:52:56] "POST /predict/marketplace/ HTTP/1.1" 201 383
[07/Apr/2026 20:52:56] "GET /status/marketplaces/ HTTP/1.1" 200 695
[07/Apr/2026 20:52:57] "GET /status/marketplaces/ HTTP/1.1" 200 695
[07/Apr/2026 20:52:58] "POST /predict/ HTTP/1.1" 200 136
[07/Apr/2026 20:52:58] "POST /predict/marketplace/ HTTP/1.1" 201 374
[07/Apr/2026 20:52:58] "POST /predict/marketplace/ HTTP/1.1" 201 378
[07/Apr/2026 20:52:58] "GET /status/marketplaces/ HTTP/1.1" 200 685
[07/Apr/2026 20:52:59] "POST /predict/ HTTP/1.1" 200 137
[07/Apr/2026 20:52:59] "POST /predict/marketplace/ HTTP/1.1" 201 377
[07/Apr/2026 20:52:59] "POST /predict/marketplace/ HTTP/1.1" 201 381
[07/Apr/2026 20:52:59] "GET /status/marketplaces/ HTTP/1.1" 200 691
[07/Apr/2026 20:53:00] "GET /status/marketplaces/ HTTP/1.1" 200 691
[07/Apr/2026 20:53:00] "POST /predict/ HTTP/1.1" 200 137
[07/Apr/2026 20:53:01] "POST /predict/marketplace/ HTTP/1.1" 201 381
[07/Apr/2026 20:53:01] "POST /predict/marketplace/ HTTP/1.1" 201 377
[07/Apr/2026 20:53:01] "GET /status/marketplaces/ HTTP/1.1" 200 691
[07/Apr/2026 20:53:02] "POST /predict/ HTTP/1.1" 200 137
[07/Apr/2026 20:53:02] "POST /predict/marketplace/ HTTP/1.1" 201 377
[07/Apr/2026 20:53:02] "POST /predict/marketplace/ HTTP/1.1" 201 381
[07/Apr/2026 20:53:02] "GET /status/marketplaces/ HTTP/1.1" 200 691
[07/Apr/2026 20:53:03] "GET /status/marketplaces/ HTTP/1.1" 200 691
[07/Apr/2026 20:53:06] "GET /status/marketplaces/ HTTP/1.1" 200 691
[07/Apr/2026 20:53:09] "GET /status/marketplaces/ HTTP/1.1" 200 691
[07/Apr/2026 20:53:12] "GET /status/marketplaces/ HTTP/1.1" 200 691
[07/Apr/2026 20:53:15] "GET /status/marketplaces/ HTTP/1.1" 200 691
[07/Apr/2026 20:53:18] "GET /status/marketplaces/ HTTP/1.1" 200 691
[07/Apr/2026 20:53:21] "GET /status/marketplaces/ HTTP/1.1" 200 691
[07/Apr/2026 20:53:24] "GET /status/marketplaces/ HTTP/1.1" 200 691
[07/Apr/2026 20:53:27] "GET /status/marketplaces/ HTTP/1.1" 200 691
[07/Apr/2026 20:53:30] "GET /status/marketplaces/ HTTP/1.1" 200 691
[07/Apr/2026 20:53:33] "GET /status/marketplaces/ HTTP/1.1" 200 691
[07/Apr/2026 20:53:36] "GET /status/marketplaces/ HTTP/1.1" 200 691
[07/Apr/2026 20:53:39] "GET /status/marketplaces/ HTTP/1.1" 200 691
[07/Apr/2026 20:53:42] "GET /status/marketplaces/ HTTP/1.1" 200 691
[07/Apr/2026 20:53:45] "GET /status/marketplaces/ HTTP/1.1" 200 691
[07/Apr/2026 20:53:46] "POST /predict/ HTTP/1.1" 200 136
[07/Apr/2026 20:53:46,800] - Broken pipe from ('127.0.0.1', 60074)
[07/Apr/2026 20:53:48] "GET /status/marketplaces/ HTTP/1.1" 200 691
[07/Apr/2026 20:53:51] "GET /status/marketplaces/ HTTP/1.1" 200 691
[07/Apr/2026 20:53:54] "GET /status/marketplaces/ HTTP/1.1" 200 691
[07/Apr/2026 20:53:57] "GET /status/marketplaces/ HTTP/1.1" 200 691
[07/Apr/2026 20:54:00] "GET /status/marketplaces/ HTTP/1.1" 200 691
[07/Apr/2026 20:54:03] "GET /status/marketplaces/ HTTP/1.1" 200 691
[07/Apr/2026 20:54:07] "GET /status/marketplaces/ HTTP/1.1" 200 691
[07/Apr/2026 20:54:09] "GET /status/marketplaces/ HTTP/1.1" 200 691
[07/Apr/2026 20:54:09] "POST /predict/ HTTP/1.1" 200 136
[07/Apr/2026 20:54:09] "POST /predict/marketplace/ HTTP/1.1" 201 379
[07/Apr/2026 20:54:09] "POST /predict/marketplace/ HTTP/1.1" 201 383
[07/Apr/2026 20:54:09] "GET /status/marketplaces/ HTTP/1.1" 200 695
[07/Apr/2026 20:54:11] "POST /predict/ HTTP/1.1" 200 137
[07/Apr/2026 20:54:11] "POST /predict/marketplace/ HTTP/1.1" 201 377
[07/Apr/2026 20:54:11] "POST /predict/marketplace/ HTTP/1.1" 201 381
[07/Apr/2026 20:54:11] "GET /status/marketplaces/ HTTP/1.1" 200 691
[07/Apr/2026 20:54:12] "GET /status/marketplaces/ HTTP/1.1" 200 691
[07/Apr/2026 20:54:13] "POST /predict/ HTTP/1.1" 200 137
[07/Apr/2026 20:54:13] "POST /predict/marketplace/ HTTP/1.1" 201 377
[07/Apr/2026 20:54:13] "POST /predict/marketplace/ HTTP/1.1" 201 381
[07/Apr/2026 20:54:13] "GET /status/marketplaces/ HTTP/1.1" 200 691
[07/Apr/2026 20:54:15] "GET /health/ HTTP/1.1" 200 56
[07/Apr/2026 20:54:15] "GET /dataset/ HTTP/1.1" 200 556
[07/Apr/2026 20:54:15] "GET /health/ HTTP/1.1" 200 56
[07/Apr/2026 20:54:15] "GET /dataset/ HTTP/1.1" 200 556
[07/Apr/2026 20:54:15] "GET /status/marketplaces/ HTTP/1.1" 200 691
[07/Apr/2026 20:54:15] "GET /status/marketplaces/ HTTP/1.1" 200 691
[07/Apr/2026 20:54:16] "GET /health/ HTTP/1.1" 200 56
[07/Apr/2026 20:54:16] "GET /health/ HTTP/1.1" 200 56
[07/Apr/2026 20:54:16] "GET /dataset/ HTTP/1.1" 200 556
[07/Apr/2026 20:54:16] "GET /dataset/ HTTP/1.1" 200 556
[07/Apr/2026 20:54:16] "GET /status/marketplaces/ HTTP/1.1" 200 691
[07/Apr/2026 20:54:16] "GET /status/marketplaces/ HTTP/1.1" 200 691
[07/Apr/2026 20:54:19] "GET /status/marketplaces/ HTTP/1.1" 200 691
[07/Apr/2026 20:54:22] "GET /status/marketplaces/ HTTP/1.1" 200 691
[07/Apr/2026 20:55:03] "GET /admin/ HTTP/1.1" 302 0
[07/Apr/2026 20:55:03] "GET /admin/login/?next=/admin/ HTTP/1.1" 200 4173
[07/Apr/2026 20:55:04] "GET /static/admin/css/responsive.css HTTP/1.1" 200 16565
[07/Apr/2026 20:55:04] "GET /static/admin/css/dark_mode.css HTTP/1.1" 200 2808
[07/Apr/2026 20:55:04] "GET /static/admin/css/login.css HTTP/1.1" 200 951
[07/Apr/2026 20:55:04] "GET /static/admin/css/nav_sidebar.css HTTP/1.1" 200 2810
[07/Apr/2026 20:55:04] "GET /static/admin/css/base.css HTTP/1.1" 200 22120
[07/Apr/2026 20:55:04] "GET /static/admin/js/theme.js HTTP/1.1" 200 1653
[07/Apr/2026 20:55:04] "GET /static/admin/js/nav_sidebar.js HTTP/1.1" 200 3063
Not Found: /favicon.ico
[07/Apr/2026 20:55:04] "GET /favicon.ico HTTP/1.1" 404 4905
Not Found: /
[07/Apr/2026 20:55:12] "GET / HTTP/1.1" 404 4854
Not Found: /
[07/Apr/2026 20:55:15] "GET / HTTP/1.1" 404 4854
