Watching for file changes with StatReloader
[13/Apr/2026 18:55:45] "GET / HTTP/1.1" 200 567
[13/Apr/2026 18:55:45,217] - Broken pipe from ('127.0.0.1', 53442)
[13/Apr/2026 18:57:22] "GET /health/ HTTP/1.1" 200 56
[13/Apr/2026 18:57:22] "GET /health/ HTTP/1.1" 200 56
[13/Apr/2026 18:57:22] "GET /dataset/ HTTP/1.1" 200 556
[13/Apr/2026 18:57:22] "GET /dataset/ HTTP/1.1" 200 556
[13/Apr/2026 18:57:28] "OPTIONS /predict/ HTTP/1.1" 200 0
[13/Apr/2026 18:57:36] "GET /status/marketplaces/ HTTP/1.1" 200 685
[13/Apr/2026 18:57:36,987] - Broken pipe from ('127.0.0.1', 65068)
[13/Apr/2026 18:57:37] "GET /status/marketplaces/ HTTP/1.1" 200 685
[13/Apr/2026 18:57:37,064] - Broken pipe from ('127.0.0.1', 49666)
[13/Apr/2026 18:57:37,087] - Broken pipe from ('127.0.0.1', 56960)
[13/Apr/2026 18:57:37,091] - Broken pipe from ('127.0.0.1', 50771)
[13/Apr/2026 18:57:37,091] - Broken pipe from ('127.0.0.1', 62121)
[13/Apr/2026 18:57:37,091] - Broken pipe from ('127.0.0.1', 54603)
[13/Apr/2026 18:57:37] "GET /status/marketplaces/ HTTP/1.1" 200 685
[13/Apr/2026 18:57:40] "GET /status/marketplaces/ HTTP/1.1" 200 685
[13/Apr/2026 18:57:43] "GET /status/marketplaces/ HTTP/1.1" 200 685
[13/Apr/2026 18:57:46] "GET /status/marketplaces/ HTTP/1.1" 200 685
[13/Apr/2026 18:57:47] "POST /predict/ HTTP/1.1" 200 137
[13/Apr/2026 18:57:48] "OPTIONS /predict/marketplace/ HTTP/1.1" 200 0
[13/Apr/2026 18:57:48] "OPTIONS /predict/marketplace/ HTTP/1.1" 200 0
[13/Apr/2026 18:57:48] "POST /predict/marketplace/ HTTP/1.1" 201 377
[13/Apr/2026 18:57:48] "POST /predict/marketplace/ HTTP/1.1" 201 381
[13/Apr/2026 18:57:48] "GET /status/marketplaces/ HTTP/1.1" 200 691
[13/Apr/2026 18:57:49] "GET /status/marketplaces/ HTTP/1.1" 200 691
[13/Apr/2026 18:57:52] "POST /predict/ HTTP/1.1" 200 137
[13/Apr/2026 18:57:52] "POST /predict/marketplace/ HTTP/1.1" 201 377
[13/Apr/2026 18:57:52] "POST /predict/marketplace/ HTTP/1.1" 201 381
[13/Apr/2026 18:57:52] "GET /status/marketplaces/ HTTP/1.1" 200 691
[13/Apr/2026 18:57:52] "GET /status/marketplaces/ HTTP/1.1" 200 691
[13/Apr/2026 18:57:54] "POST /predict/ HTTP/1.1" 200 137
[13/Apr/2026 18:57:54] "POST /predict/marketplace/ HTTP/1.1" 201 381
[13/Apr/2026 18:57:54] "POST /predict/marketplace/ HTTP/1.1" 201 377
[13/Apr/2026 18:57:54] "GET /status/marketplaces/ HTTP/1.1" 200 691
[13/Apr/2026 18:57:54] "POST /predict/ HTTP/1.1" 200 137
[13/Apr/2026 18:57:55] "POST /predict/marketplace/ HTTP/1.1" 201 377
[13/Apr/2026 18:57:55] "POST /predict/marketplace/ HTTP/1.1" 201 381
[13/Apr/2026 18:57:55] "GET /status/marketplaces/ HTTP/1.1" 200 691
[13/Apr/2026 18:57:55] "GET /status/marketplaces/ HTTP/1.1" 200 691
[13/Apr/2026 18:57:58] "GET /status/marketplaces/ HTTP/1.1" 200 691
[13/Apr/2026 18:58:00] "GET /status/marketplaces/ HTTP/1.1" 200 691
[13/Apr/2026 18:58:01] "GET /status/marketplaces/ HTTP/1.1" 200 691
[13/Apr/2026 18:58:01] "GET /status/marketplaces/ HTTP/1.1" 200 691
[13/Apr/2026 18:58:04] "GET /status/marketplaces/ HTTP/1.1" 200 691
[13/Apr/2026 18:58:07] "GET /status/marketplaces/ HTTP/1.1" 200 691
[13/Apr/2026 18:58:10] "GET /status/marketplaces/ HTTP/1.1" 200 691
[13/Apr/2026 18:58:13] "GET /status/marketplaces/ HTTP/1.1" 200 691
[13/Apr/2026 18:58:16] "GET /status/marketplaces/ HTTP/1.1" 200 691
[13/Apr/2026 18:58:19] "GET /status/marketplaces/ HTTP/1.1" 200 691
[13/Apr/2026 18:58:22] "GET /status/marketplaces/ HTTP/1.1" 200 691
[13/Apr/2026 18:58:25] "GET /status/marketplaces/ HTTP/1.1" 200 691
[13/Apr/2026 18:58:28] "GET /status/marketplaces/ HTTP/1.1" 200 691
[13/Apr/2026 18:58:31] "GET /status/marketplaces/ HTTP/1.1" 200 691
[13/Apr/2026 18:58:34] "GET /status/marketplaces/ HTTP/1.1" 200 691
[13/Apr/2026 18:58:37] "GET /status/marketplaces/ HTTP/1.1" 200 691
[13/Apr/2026 18:58:40] "GET /status/marketplaces/ HTTP/1.1" 200 691
[13/Apr/2026 18:58:43] "GET /status/marketplaces/ HTTP/1.1" 200 691
[13/Apr/2026 18:58:46] "GET /status/marketplaces/ HTTP/1.1" 200 691
[13/Apr/2026 18:58:49] "GET /status/marketplaces/ HTTP/1.1" 200 691
[13/Apr/2026 18:58:52] "GET /status/marketplaces/ HTTP/1.1" 200 691
[13/Apr/2026 18:58:55] "GET /status/marketplaces/ HTTP/1.1" 200 691
[13/Apr/2026 18:58:58] "GET /status/marketplaces/ HTTP/1.1" 200 691
[13/Apr/2026 18:59:01] "GET /status/marketplaces/ HTTP/1.1" 200 691
[13/Apr/2026 18:59:04] "GET /status/marketplaces/ HTTP/1.1" 200 691
[13/Apr/2026 18:59:07] "GET /status/marketplaces/ HTTP/1.1" 200 691
[13/Apr/2026 18:59:10] "GET /status/marketplaces/ HTTP/1.1" 200 691
[13/Apr/2026 18:59:13] "GET /status/marketplaces/ HTTP/1.1" 200 691
[13/Apr/2026 18:59:16] "GET /status/marketplaces/ HTTP/1.1" 200 691
[13/Apr/2026 18:59:19] "GET /status/marketplaces/ HTTP/1.1" 200 691
[13/Apr/2026 18:59:21] "POST /predict/ HTTP/1.1" 200 137
[13/Apr/2026 18:59:21] "POST /predict/marketplace/ HTTP/1.1" 201 377
[13/Apr/2026 18:59:21] "POST /predict/marketplace/ HTTP/1.1" 201 381
[13/Apr/2026 18:59:21] "GET /status/marketplaces/ HTTP/1.1" 200 691
[13/Apr/2026 18:59:22] "GET /status/marketplaces/ HTTP/1.1" 200 691
[13/Apr/2026 18:59:25] "GET /status/marketplaces/ HTTP/1.1" 200 691
[13/Apr/2026 18:59:28] "GET /status/marketplaces/ HTTP/1.1" 200 691
[13/Apr/2026 18:59:31] "GET /status/marketplaces/ HTTP/1.1" 200 691
[13/Apr/2026 18:59:34] "GET /status/marketplaces/ HTTP/1.1" 200 691
[13/Apr/2026 18:59:35] "POST /predict/ HTTP/1.1" 200 137
[13/Apr/2026 18:59:35] "POST /predict/marketplace/ HTTP/1.1" 201 379
[13/Apr/2026 18:59:35] "POST /predict/marketplace/ HTTP/1.1" 201 375
[13/Apr/2026 18:59:35] "GET /status/marketplaces/ HTTP/1.1" 200 687
[13/Apr/2026 18:59:37] "GET /status/marketplaces/ HTTP/1.1" 200 687
[13/Apr/2026 18:59:40] "GET /status/marketplaces/ HTTP/1.1" 200 687
[13/Apr/2026 18:59:43] "GET /status/marketplaces/ HTTP/1.1" 200 687
[13/Apr/2026 18:59:46] "GET /status/marketplaces/ HTTP/1.1" 200 687
[13/Apr/2026 18:59:49] "GET /status/marketplaces/ HTTP/1.1" 200 687
[13/Apr/2026 18:59:52] "GET /status/marketplaces/ HTTP/1.1" 200 687
[13/Apr/2026 18:59:52] "POST /predict/ HTTP/1.1" 200 137
[13/Apr/2026 18:59:52] "POST /predict/marketplace/ HTTP/1.1" 201 377
[13/Apr/2026 18:59:53] "POST /predict/marketplace/ HTTP/1.1" 201 381
[13/Apr/2026 18:59:53] "GET /status/marketplaces/ HTTP/1.1" 200 691
[13/Apr/2026 18:59:55] "GET /status/marketplaces/ HTTP/1.1" 200 691
[13/Apr/2026 18:59:58] "GET /status/marketplaces/ HTTP/1.1" 200 691
[13/Apr/2026 19:00:01] "GET /status/marketplaces/ HTTP/1.1" 200 691
[13/Apr/2026 19:00:02] "POST /predict/ HTTP/1.1" 200 136
[13/Apr/2026 19:00:02] "POST /predict/marketplace/ HTTP/1.1" 201 376
[13/Apr/2026 19:00:02] "POST /predict/marketplace/ HTTP/1.1" 201 380
[13/Apr/2026 19:00:02] "GET /status/marketplaces/ HTTP/1.1" 200 689
[13/Apr/2026 19:00:04] "GET /status/marketplaces/ HTTP/1.1" 200 689
[13/Apr/2026 19:00:07] "GET /status/marketplaces/ HTTP/1.1" 200 689
[13/Apr/2026 19:00:10] "GET /status/marketplaces/ HTTP/1.1" 200 689
[13/Apr/2026 19:00:12] "POST /predict/ HTTP/1.1" 200 135
[13/Apr/2026 19:00:12] "POST /predict/marketplace/ HTTP/1.1" 201 375
[13/Apr/2026 19:00:12] "POST /predict/marketplace/ HTTP/1.1" 201 379
[13/Apr/2026 19:00:12] "GET /status/marketplaces/ HTTP/1.1" 200 687
[13/Apr/2026 19:00:13] "GET /status/marketplaces/ HTTP/1.1" 200 687
[13/Apr/2026 19:00:16] "GET /status/marketplaces/ HTTP/1.1" 200 687
[13/Apr/2026 19:00:17] "POST /predict/ HTTP/1.1" 200 135
[13/Apr/2026 19:00:17] "POST /predict/marketplace/ HTTP/1.1" 201 375
[13/Apr/2026 19:00:17] "POST /predict/marketplace/ HTTP/1.1" 201 379
[13/Apr/2026 19:00:17] "GET /status/marketplaces/ HTTP/1.1" 200 687
[13/Apr/2026 19:00:19] "GET /status/marketplaces/ HTTP/1.1" 200 687
[13/Apr/2026 19:00:23] "GET /status/marketplaces/ HTTP/1.1" 200 687
[13/Apr/2026 19:00:26] "GET /status/marketplaces/ HTTP/1.1" 200 687
[13/Apr/2026 19:00:29] "GET /status/marketplaces/ HTTP/1.1" 200 687
[13/Apr/2026 19:00:32] "GET /status/marketplaces/ HTTP/1.1" 200 687
[13/Apr/2026 19:00:35] "GET /status/marketplaces/ HTTP/1.1" 200 687
[13/Apr/2026 19:00:38] "GET /status/marketplaces/ HTTP/1.1" 200 687
[13/Apr/2026 19:00:41] "GET /status/marketplaces/ HTTP/1.1" 200 687
[13/Apr/2026 19:00:44] "GET /status/marketplaces/ HTTP/1.1" 200 687
[13/Apr/2026 19:00:47] "GET /status/marketplaces/ HTTP/1.1" 200 687
[13/Apr/2026 19:00:50] "GET /status/marketplaces/ HTTP/1.1" 200 687
[13/Apr/2026 19:00:53] "GET /status/marketplaces/ HTTP/1.1" 200 687
[13/Apr/2026 19:00:56] "GET /status/marketplaces/ HTTP/1.1" 200 687
[13/Apr/2026 19:00:59] "GET /status/marketplaces/ HTTP/1.1" 200 687
[13/Apr/2026 19:01:02] "GET /status/marketplaces/ HTTP/1.1" 200 687
[13/Apr/2026 19:01:05] "GET /status/marketplaces/ HTTP/1.1" 200 687
[13/Apr/2026 19:01:08] "GET /status/marketplaces/ HTTP/1.1" 200 687
[13/Apr/2026 19:01:11] "GET /status/marketplaces/ HTTP/1.1" 200 687
[13/Apr/2026 19:01:14] "GET /status/marketplaces/ HTTP/1.1" 200 687
[13/Apr/2026 19:01:17] "GET /status/marketplaces/ HTTP/1.1" 200 687
[13/Apr/2026 19:01:20] "GET /status/marketplaces/ HTTP/1.1" 200 687
[13/Apr/2026 19:01:43] "GET / HTTP/1.1" 200 567
[13/Apr/2026 19:01:43,766] - Broken pipe from ('127.0.0.1', 52187)
