Watching for file changes with StatReloader
[13/Apr/2026 22:01:32] "GET /health/ HTTP/1.1" 200 56
[13/Apr/2026 22:01:32] "GET /health/ HTTP/1.1" 200 56
[13/Apr/2026 22:01:33] "GET /dataset/ HTTP/1.1" 200 556
[13/Apr/2026 22:01:33] "GET /dataset/ HTTP/1.1" 200 556
[13/Apr/2026 22:01:45] "GET /status/marketplaces/ HTTP/1.1" 200 685
[13/Apr/2026 22:01:45,870] - Broken pipe from ('127.0.0.1', 57207)
[13/Apr/2026 22:01:45,890] - Broken pipe from ('127.0.0.1', 51517)
[13/Apr/2026 22:01:45,902] - Broken pipe from ('127.0.0.1', 58961)
[13/Apr/2026 22:01:45,903] - Broken pipe from ('127.0.0.1', 63574)
[13/Apr/2026 22:01:45,903] - Broken pipe from ('127.0.0.1', 53084)
[13/Apr/2026 22:01:45] "GET /status/marketplaces/ HTTP/1.1" 200 685
[13/Apr/2026 22:01:46] "GET /status/marketplaces/ HTTP/1.1" 200 685
[13/Apr/2026 22:01:49] "GET /status/marketplaces/ HTTP/1.1" 200 685
[13/Apr/2026 22:01:52] "GET /status/marketplaces/ HTTP/1.1" 200 685
[13/Apr/2026 22:01:55] "GET /status/marketplaces/ HTTP/1.1" 200 685
[13/Apr/2026 22:01:58] "GET /status/marketplaces/ HTTP/1.1" 200 685
[13/Apr/2026 22:02:01] "GET /status/marketplaces/ HTTP/1.1" 200 685
[13/Apr/2026 22:02:03] "GET /health/ HTTP/1.1" 200 56
[13/Apr/2026 22:02:03,295] - Broken pipe from ('127.0.0.1', 59599)
[13/Apr/2026 22:02:04] "GET /status/marketplaces/ HTTP/1.1" 200 685
[13/Apr/2026 22:02:07] "GET /status/marketplaces/ HTTP/1.1" 200 685
[13/Apr/2026 22:02:10] "GET /status/marketplaces/ HTTP/1.1" 200 685
[13/Apr/2026 22:02:13] "GET /status/marketplaces/ HTTP/1.1" 200 685
[13/Apr/2026 22:02:16] "GET /status/marketplaces/ HTTP/1.1" 200 685
[13/Apr/2026 22:02:19] "GET /status/marketplaces/ HTTP/1.1" 200 685
[13/Apr/2026 22:02:22] "GET /status/marketplaces/ HTTP/1.1" 200 685
[13/Apr/2026 22:02:25] "GET /status/marketplaces/ HTTP/1.1" 200 685
[13/Apr/2026 22:02:28] "GET /status/marketplaces/ HTTP/1.1" 200 685
[13/Apr/2026 22:02:31] "GET /status/marketplaces/ HTTP/1.1" 200 685
[13/Apr/2026 22:02:34] "GET /status/marketplaces/ HTTP/1.1" 200 685
[13/Apr/2026 22:02:37] "GET /status/marketplaces/ HTTP/1.1" 200 685
[13/Apr/2026 22:02:40] "GET /status/marketplaces/ HTTP/1.1" 200 685
[13/Apr/2026 22:03:22] "GET /status/marketplaces/ HTTP/1.1" 200 685
[13/Apr/2026 22:03:25] "GET /status/marketplaces/ HTTP/1.1" 200 685
[13/Apr/2026 22:12:49] "GET /status/marketplaces/ HTTP/1.1" 200 685
[13/Apr/2026 22:12:52] "GET /status/marketplaces/ HTTP/1.1" 200 685
[13/Apr/2026 22:12:55] "GET /status/marketplaces/ HTTP/1.1" 200 685
[13/Apr/2026 22:12:58] "GET /status/marketplaces/ HTTP/1.1" 200 685
[13/Apr/2026 22:13:01] "GET /status/marketplaces/ HTTP/1.1" 200 685
[13/Apr/2026 22:13:04] "GET /status/marketplaces/ HTTP/1.1" 200 685
[13/Apr/2026 22:13:05] "OPTIONS /predict/ HTTP/1.1" 200 0
[13/Apr/2026 22:13:05] "POST /predict/ HTTP/1.1" 200 136
[13/Apr/2026 22:13:05] "OPTIONS /predict/marketplace/ HTTP/1.1" 200 0
[13/Apr/2026 22:13:05] "OPTIONS /predict/marketplace/ HTTP/1.1" 200 0
[13/Apr/2026 22:13:05] "POST /predict/marketplace/ HTTP/1.1" 201 378
[13/Apr/2026 22:13:05] "POST /predict/marketplace/ HTTP/1.1" 201 374
[13/Apr/2026 22:13:05] "GET /status/marketplaces/ HTTP/1.1" 200 685
[13/Apr/2026 22:13:07] "GET /status/marketplaces/ HTTP/1.1" 200 685
[13/Apr/2026 22:13:07] "POST /predict/ HTTP/1.1" 200 136
[13/Apr/2026 22:13:07] "POST /predict/marketplace/ HTTP/1.1" 201 374
[13/Apr/2026 22:13:07] "POST /predict/marketplace/ HTTP/1.1" 201 378
[13/Apr/2026 22:13:07] "GET /status/marketplaces/ HTTP/1.1" 200 685
[13/Apr/2026 22:13:10] "GET /status/marketplaces/ HTTP/1.1" 200 685
[13/Apr/2026 22:13:13] "GET /status/marketplaces/ HTTP/1.1" 200 685
[13/Apr/2026 22:13:16] "GET /status/marketplaces/ HTTP/1.1" 200 685
[13/Apr/2026 22:13:19] "GET /status/marketplaces/ HTTP/1.1" 200 685
[13/Apr/2026 22:13:22] "GET /status/marketplaces/ HTTP/1.1" 200 685
[13/Apr/2026 22:13:25] "GET /status/marketplaces/ HTTP/1.1" 200 685
[13/Apr/2026 22:13:28] "GET /status/marketplaces/ HTTP/1.1" 200 685
[13/Apr/2026 22:13:31] "GET /status/marketplaces/ HTTP/1.1" 200 685
[13/Apr/2026 22:13:34] "GET /status/marketplaces/ HTTP/1.1" 200 685
[13/Apr/2026 22:13:37] "GET /status/marketplaces/ HTTP/1.1" 200 685
[13/Apr/2026 22:13:40] "GET /status/marketplaces/ HTTP/1.1" 200 685
[13/Apr/2026 22:13:43] "GET /status/marketplaces/ HTTP/1.1" 200 685
[13/Apr/2026 22:13:46] "GET /status/marketplaces/ HTTP/1.1" 200 685
[13/Apr/2026 22:13:49] "GET /status/marketplaces/ HTTP/1.1" 200 685
[13/Apr/2026 22:13:52] "GET /status/marketplaces/ HTTP/1.1" 200 685
[13/Apr/2026 22:13:55] "GET /status/marketplaces/ HTTP/1.1" 200 685
[13/Apr/2026 22:13:58] "GET /status/marketplaces/ HTTP/1.1" 200 685
[13/Apr/2026 22:14:00] "POST /predict/ HTTP/1.1" 200 137
[13/Apr/2026 22:14:00] "POST /predict/marketplace/ HTTP/1.1" 201 377
[13/Apr/2026 22:14:00] "POST /predict/marketplace/ HTTP/1.1" 201 381
[13/Apr/2026 22:14:00] "GET /status/marketplaces/ HTTP/1.1" 200 691
[13/Apr/2026 22:14:01] "GET /status/marketplaces/ HTTP/1.1" 200 691
[13/Apr/2026 22:14:01] "POST /predict/ HTTP/1.1" 200 137
[13/Apr/2026 22:14:01] "POST /predict/marketplace/ HTTP/1.1" 201 379
[13/Apr/2026 22:14:01] "POST /predict/marketplace/ HTTP/1.1" 201 375
[13/Apr/2026 22:14:01] "GET /status/marketplaces/ HTTP/1.1" 200 687
[13/Apr/2026 22:14:04] "GET /status/marketplaces/ HTTP/1.1" 200 687
[13/Apr/2026 22:14:06] "POST /predict/ HTTP/1.1" 200 137
[13/Apr/2026 22:14:06] "POST /predict/marketplace/ HTTP/1.1" 201 375
[13/Apr/2026 22:14:06] "POST /predict/marketplace/ HTTP/1.1" 201 379
[13/Apr/2026 22:14:06] "GET /status/marketplaces/ HTTP/1.1" 200 687
[13/Apr/2026 22:14:07] "GET /status/marketplaces/ HTTP/1.1" 200 687
[13/Apr/2026 22:14:10] "GET /status/marketplaces/ HTTP/1.1" 200 687
[13/Apr/2026 22:14:13] "GET /status/marketplaces/ HTTP/1.1" 200 687
[13/Apr/2026 22:14:16] "GET /status/marketplaces/ HTTP/1.1" 200 687
[13/Apr/2026 22:14:19] "GET /status/marketplaces/ HTTP/1.1" 200 687
[13/Apr/2026 22:14:22] "GET /status/marketplaces/ HTTP/1.1" 200 687
[13/Apr/2026 22:14:25] "GET /status/marketplaces/ HTTP/1.1" 200 687
[13/Apr/2026 22:14:28] "GET /status/marketplaces/ HTTP/1.1" 200 687
[13/Apr/2026 22:14:31] "GET /status/marketplaces/ HTTP/1.1" 200 687
[13/Apr/2026 22:14:34] "GET /status/marketplaces/ HTTP/1.1" 200 687
[13/Apr/2026 22:14:37] "GET /status/marketplaces/ HTTP/1.1" 200 687
[13/Apr/2026 22:14:40] "GET /status/marketplaces/ HTTP/1.1" 200 687
[13/Apr/2026 22:14:43] "GET /status/marketplaces/ HTTP/1.1" 200 687
[13/Apr/2026 22:14:46] "GET /status/marketplaces/ HTTP/1.1" 200 687
[13/Apr/2026 22:14:49] "GET /status/marketplaces/ HTTP/1.1" 200 687
[13/Apr/2026 22:14:52] "GET /status/marketplaces/ HTTP/1.1" 200 687
[13/Apr/2026 22:14:55] "GET /status/marketplaces/ HTTP/1.1" 200 687
[13/Apr/2026 22:14:58] "GET /status/marketplaces/ HTTP/1.1" 200 687
[13/Apr/2026 22:15:01] "GET /status/marketplaces/ HTTP/1.1" 200 687
[13/Apr/2026 22:15:04] "GET /status/marketplaces/ HTTP/1.1" 200 687
[13/Apr/2026 22:15:07] "GET /status/marketplaces/ HTTP/1.1" 200 687
[13/Apr/2026 22:15:10] "GET /status/marketplaces/ HTTP/1.1" 200 687
[13/Apr/2026 22:15:13] "GET /status/marketplaces/ HTTP/1.1" 200 687
[13/Apr/2026 22:15:16] "GET /status/marketplaces/ HTTP/1.1" 200 687
[13/Apr/2026 22:15:19] "GET /status/marketplaces/ HTTP/1.1" 200 687
[13/Apr/2026 22:15:22] "GET /status/marketplaces/ HTTP/1.1" 200 687
[13/Apr/2026 22:15:25] "GET /status/marketplaces/ HTTP/1.1" 200 687
[13/Apr/2026 22:15:28] "GET /status/marketplaces/ HTTP/1.1" 200 687
[13/Apr/2026 22:15:31] "GET /status/marketplaces/ HTTP/1.1" 200 687
[13/Apr/2026 22:15:34] "GET /status/marketplaces/ HTTP/1.1" 200 687
[13/Apr/2026 22:15:37] "GET /status/marketplaces/ HTTP/1.1" 200 687
[13/Apr/2026 22:15:40] "GET /status/marketplaces/ HTTP/1.1" 200 687
[13/Apr/2026 22:15:43] "GET /status/marketplaces/ HTTP/1.1" 200 687
[13/Apr/2026 22:15:46] "GET /status/marketplaces/ HTTP/1.1" 200 687
[13/Apr/2026 22:15:49] "GET /status/marketplaces/ HTTP/1.1" 200 687
[13/Apr/2026 22:15:52] "GET /status/marketplaces/ HTTP/1.1" 200 687
[13/Apr/2026 22:15:55] "GET /status/marketplaces/ HTTP/1.1" 200 687
[13/Apr/2026 22:15:58] "GET /status/marketplaces/ HTTP/1.1" 200 687
[13/Apr/2026 22:16:01] "GET /status/marketplaces/ HTTP/1.1" 200 687
[13/Apr/2026 22:16:04] "GET /status/marketplaces/ HTTP/1.1" 200 687
[13/Apr/2026 22:16:07] "GET /status/marketplaces/ HTTP/1.1" 200 687
[13/Apr/2026 22:17:04] "GET /status/marketplaces/ HTTP/1.1" 200 687
